Archive member included to satisfy reference by file (symbol)

C:/Program Files/SEGGER/SEGGER Embedded Studio for ARM 5.70a/lib/libc_v7em_fpv4_sp_d16_hard_t_le_eabi.a(libc_asm.o)
                              Output/Debug/Obj/ant_broadcast_rx_pca10040_s212/bsp.o (__aeabi_uldivmod)
C:/Program Files/SEGGER/SEGGER Embedded Studio for ARM 5.70a/lib/libc_v7em_fpv4_sp_d16_hard_t_le_eabi.a(libc2_asm.o)
                              Output/Debug/Obj/ant_broadcast_rx_pca10040_s212/nrf_log_frontend.o (memcpy)
C:/Program Files/SEGGER/SEGGER Embedded Studio for ARM 5.70a/lib/libc_v7em_fpv4_sp_d16_hard_t_le_eabi.a(libvfprintf.o)
                              (__vfprintf_long)
C:/Program Files/SEGGER/SEGGER Embedded Studio for ARM 5.70a/lib/libc_v7em_fpv4_sp_d16_hard_t_le_eabi.a(libvfscanf.o)
                              (__vfscanf_int)
C:/Program Files/SEGGER/SEGGER Embedded Studio for ARM 5.70a/lib/libc_v7em_fpv4_sp_d16_hard_t_le_eabi.a(libc2.o)
                              C:/Program Files/SEGGER/SEGGER Embedded Studio for ARM 5.70a/lib/libc_v7em_fpv4_sp_d16_hard_t_le_eabi.a(libvfscanf.o) (__getc)
C:/Program Files/SEGGER/SEGGER Embedded Studio for ARM 5.70a/lib/libc_v7em_fpv4_sp_d16_hard_t_le_eabi.a(libc.o)
                              C:/Program Files/SEGGER/SEGGER Embedded Studio for ARM 5.70a/lib/libc_v7em_fpv4_sp_d16_hard_t_le_eabi.a(libc2.o) (__heap_lock)
C:/Program Files/SEGGER/SEGGER Embedded Studio for ARM 5.70a/lib/libdebugio_v7em_fpv4_sp_d16_hard_t_le_eabi.a(libdebugio.o)
                              Output/Debug/Obj/ant_broadcast_rx_pca10040_s212/thumb_crt0.o (debug_fopen)
C:/Program Files/SEGGER/SEGGER Embedded Studio for ARM 5.70a/lib/libdebugio_v7em_fpv4_sp_d16_hard_t_le_eabi.a(do_nv_debug_operation.o)
                              C:/Program Files/SEGGER/SEGGER Embedded Studio for ARM 5.70a/lib/libdebugio_v7em_fpv4_sp_d16_hard_t_le_eabi.a(libdebugio.o) (__do_nvdebug_operation)
C:/Program Files/SEGGER/SEGGER Embedded Studio for ARM 5.70a/lib/libdebugio_v7em_fpv4_sp_d16_hard_t_le_eabi.a(mempoll_debug_operations.o)
                              (__do_debug_operation_mempoll)
C:/Program Files/SEGGER/SEGGER Embedded Studio for ARM 5.70a/lib/libm_v7em_fpv4_sp_d16_hard_t_le_eabi.a(libm_asm.o)
                              C:/Program Files/SEGGER/SEGGER Embedded Studio for ARM 5.70a/lib/libc_v7em_fpv4_sp_d16_hard_t_le_eabi.a(libvfprintf.o) (__aeabi_dadd)
C:/Program Files/SEGGER/SEGGER Embedded Studio for ARM 5.70a/lib/libm_v7em_fpv4_sp_d16_hard_t_le_eabi.a(libm2.o)
                              C:/Program Files/SEGGER/SEGGER Embedded Studio for ARM 5.70a/lib/libc_v7em_fpv4_sp_d16_hard_t_le_eabi.a(libvfprintf.o) (frexp)

Discarded input sections

 .text          0x0000000000000000        0x0 Output/Debug/Obj/ant_broadcast_rx_pca10040_s212/thumb_crt0.o
 .data          0x0000000000000000        0x0 Output/Debug/Obj/ant_broadcast_rx_pca10040_s212/thumb_crt0.o
 .bss           0x0000000000000000        0x0 Output/Debug/Obj/ant_broadcast_rx_pca10040_s212/thumb_crt0.o
 .text.__aeabi_read_tp
                0x0000000000000000        0x8 Output/Debug/Obj/ant_broadcast_rx_pca10040_s212/thumb_crt0.o
 .text.abort    0x0000000000000000        0x2 Output/Debug/Obj/ant_broadcast_rx_pca10040_s212/thumb_crt0.o
 .text.__assert
                0x0000000000000000        0x2 Output/Debug/Obj/ant_broadcast_rx_pca10040_s212/thumb_crt0.o
 .text.__assert_func
                0x0000000000000000        0x2 Output/Debug/Obj/ant_broadcast_rx_pca10040_s212/thumb_crt0.o
 .text.__aeabi_assert
                0x0000000000000000        0x2 Output/Debug/Obj/ant_broadcast_rx_pca10040_s212/thumb_crt0.o
 .text.__sync_synchronize
                0x0000000000000000        0x2 Output/Debug/Obj/ant_broadcast_rx_pca10040_s212/thumb_crt0.o
 .text.__getchar
                0x0000000000000000        0x4 Output/Debug/Obj/ant_broadcast_rx_pca10040_s212/thumb_crt0.o
 .text.__putchar
                0x0000000000000000        0x4 Output/Debug/Obj/ant_broadcast_rx_pca10040_s212/thumb_crt0.o
 .text.__open   0x0000000000000000        0x4 Output/Debug/Obj/ant_broadcast_rx_pca10040_s212/thumb_crt0.o
 .text.__close  0x0000000000000000        0x4 Output/Debug/Obj/ant_broadcast_rx_pca10040_s212/thumb_crt0.o
 .text.__write  0x0000000000000000        0xa Output/Debug/Obj/ant_broadcast_rx_pca10040_s212/thumb_crt0.o
 .text.__read   0x0000000000000000        0xa Output/Debug/Obj/ant_broadcast_rx_pca10040_s212/thumb_crt0.o
 .text.__seek   0x0000000000000000       0x1a Output/Debug/Obj/ant_broadcast_rx_pca10040_s212/thumb_crt0.o
 .text.remove   0x0000000000000000        0x4 Output/Debug/Obj/ant_broadcast_rx_pca10040_s212/thumb_crt0.o
 .text.rename   0x0000000000000000        0x4 Output/Debug/Obj/ant_broadcast_rx_pca10040_s212/thumb_crt0.o
 .bss.__user_locale_name_buffer
                0x0000000000000000        0x4 Output/Debug/Obj/ant_broadcast_rx_pca10040_s212/thumb_crt0.o
[...]
Memory Configuration

Name             Origin             Length             Attributes
UNPLACED_SECTIONS 0x0000000100000000 0x0000000000000000 xw
RAM              0x0000000020000000 0x0000000000010000 xw
FLASH            0x0000000000000000 0x0000000000080000 xw
*default*        0x0000000000000000 0xffffffffffffffff

Linker script and memory map

                0x0000000000000000                __do_debug_operation = __do_debug_operation_mempoll
                0x0000000000000000                __vfprintf = __vfprintf_long
                0x0000000000000000                __vfscanf = __vfscanf_int
                0x0000000020000000                __RAM_segment_start__ = 0x20000000
                0x0000000020010000                __RAM_segment_end__ = 0x20010000
                0x0000000000010000                __RAM_segment_size__ = 0x10000
                0x0000000000000000                __FLASH_segment_start__ = 0x0
                0x0000000000080000                __FLASH_segment_end__ = 0x80000
                0x0000000000080000                __FLASH_segment_size__ = 0x80000
                0x0000000000000200                __HEAPSIZE__ = 0x200
                0x0000000000000000                __STACKSIZE_PROCESS__ = 0x0
                0x0000000000000800                __STACKSIZE__ = 0x800
                0x0000000020000000                __reserved_ram_load_start__ = 0x20000000

.reserved_ram   0x0000000020000000      0xb80
                0x0000000020000000                __reserved_ram_start__ = .
 *(.reserved_ram .reserved_ram.*)
                0x0000000020000b80                . = MAX (((__reserved_ram_start__ + 0x20000b80) - 0x20000000), .)
 *fill*         0x0000000020000000      0xb80 
                0x0000000020000b80                __reserved_ram_end__ = (__reserved_ram_start__ + SIZEOF (.reserved_ram))
                0x0000000000000b80                __reserved_ram_size__ = SIZEOF (.reserved_ram)
                0x0000000020000b80                __reserved_ram_load_end__ = __reserved_ram_end__
                0x0000000000000001                . = ASSERT (((__reserved_ram_start__ == __reserved_ram_end__) || ((__reserved_ram_end__ - __RAM_segment_start__) <= __RAM_segment_size__)), error: .reserved_ram is too large to fit in RAM memory segment)
                0x0000000020000b80                __vectors_ram_load_start__ = 0x20000b80

.vectors_ram    0x0000000020000b80        0x0
                0x0000000020000b80                __vectors_ram_start__ = .
                0x0000000020000b80                __app_ram_start__ = __vectors_ram_start__
 *(.vectors_ram .vectors_ram.*)
                0x0000000020000b80                __vectors_ram_end__ = (__vectors_ram_start__ + SIZEOF (.vectors_ram))
                0x0000000000000000                __vectors_ram_size__ = SIZEOF (.vectors_ram)
                0x0000000020000b80                __vectors_ram_load_end__ = __vectors_ram_end__
                0x0000000000000001                . = ASSERT (((__vectors_ram_start__ == __vectors_ram_end__) || ((__vectors_ram_end__ - __RAM_segment_start__) <= __RAM_segment_size__)), error: .vectors_ram is too large to fit in RAM memory segment)
                0x0000000000000001                . = ASSERT ((__reserved_ram_end__ <= __vectors_ram_start__), error: section .reserved_ram overlaps absolute placed section .vectors_ram)
                0x0000000020000b80                __nrf_sections_run_load_start__ = ALIGN (__vectors_ram_end__, 0x4)

.nrf_sections_run
                0x0000000020000b80        0x0
                0x0000000020000b80                __nrf_sections_run_start__ = .
                0x0000000020000b80                __start_nrf_sections_run = __nrf_sections_run_start__
 *(.nrf_sections_run .nrf_sections_run.*)
                0x0000000020000b80                __nrf_sections_run_end__ = (__nrf_sections_run_start__ + SIZEOF (.nrf_sections_run))
                0x0000000000000000                __nrf_sections_run_size__ = SIZEOF (.nrf_sections_run)
                0x0000000020000b80                __nrf_sections_run_load_end__ = __nrf_sections_run_end__
                0x0000000000000001                . = ASSERT (((__nrf_sections_run_start__ == __nrf_sections_run_end__) || ((__nrf_sections_run_end__ - __RAM_segment_start__) <= __RAM_segment_size__)), error: .nrf_sections_run is too large to fit in RAM memory segment)
                0x0000000000000000                __reserved_flash_load_start__ = 0x0

.reserved_flash
                0x0000000000000000    0x12000
                0x0000000000000000                __reserved_flash_start__ = .
 *(.reserved_flash .reserved_flash.*)
                0x0000000000012000                . = MAX (((__reserved_flash_start__ + 0x12000) - 0x0), .)
 *fill*         0x0000000000000000    0x12000 
                0x0000000000012000                __reserved_flash_end__ = (__reserved_flash_start__ + SIZEOF (.reserved_flash))
                0x0000000000012000                __reserved_flash_size__ = SIZEOF (.reserved_flash)
                0x0000000000012000                __reserved_flash_load_end__ = __reserved_flash_end__
                0x0000000000000001                . = ASSERT (((__reserved_flash_start__ == __reserved_flash_end__) || ((__reserved_flash_end__ - __FLASH_segment_start__) <= __FLASH_segment_size__)), error: .reserved_flash is too large to fit in FLASH memory segment)
                0x0000000000012000                __vectors_load_start__ = 0x12000

.vectors        0x0000000000012000       0xdc
                0x0000000000012000                __vectors_start__ = .
 *(.vectors .vectors.*)
 .vectors       0x0000000000012000       0xdc Output/Debug/Obj/ant_broadcast_rx_pca10040_s212/ses_nrf52_Vectors.o
                0x0000000000012000                _vectors
                0x00000000000120dc                __vectors_end__ = (__vectors_start__ + SIZEOF (.vectors))
                0x00000000000000dc                __vectors_size__ = SIZEOF (.vectors)
                0x00000000000120dc                __vectors_load_end__ = __vectors_end__
                0x0000000000000001                . = ASSERT (((__vectors_start__ == __vectors_end__) || ((__vectors_end__ - __FLASH_segment_start__) <= __FLASH_segment_size__)), error: .vectors is too large to fit in FLASH memory segment)
                0x0000000000000001                . = ASSERT ((__reserved_flash_end__ <= __vectors_start__), error: section .reserved_flash overlaps absolute placed section .vectors)
                0x00000000000120dc                __init_load_start__ = ALIGN (__vectors_end__, 0x4)

.init           0x00000000000120dc      0x214
                0x00000000000120dc                __init_start__ = .
 *(.init .init.*)
 .init          0x00000000000120dc      0x15c Output/Debug/Obj/ant_broadcast_rx_pca10040_s212/thumb_crt0.o
                0x00000000000120dc                _start
                0x0000000000012190                exit
 .init          0x0000000000012238       0x58 Output/Debug/Obj/ant_broadcast_rx_pca10040_s212/ses_nRF_Startup.o
                0x0000000000012238                Reset_Handler
                0x000000000001225c                InitializeUserMemorySections
 .init          0x0000000000012290       0x60 Output/Debug/Obj/ant_broadcast_rx_pca10040_s212/ses_nrf52_Vectors.o
                0x0000000000012290                NMI_Handler
                0x0000000000012294                MemoryManagement_Handler
                0x0000000000012296                BusFault_Handler
                0x0000000000012298                UsageFault_Handler
                0x000000000001229a                SVC_Handler
                0x000000000001229c                DebugMon_Handler
                0x000000000001229e                PendSV_Handler
                0x00000000000122a0                SysTick_Handler
                0x00000000000122a4                POWER_CLOCK_IRQHandler
                0x00000000000122a6                RADIO_IRQHandler
                0x00000000000122a8                UARTE0_UART0_IRQHandler
                0x00000000000122aa                SPIM0_SPIS0_TWIM0_TWIS0_SPI0_TWI0_IRQHandler
                0x00000000000122ac                SPIM1_SPIS1_TWIM1_TWIS1_SPI1_TWI1_IRQHandler
                0x00000000000122ae                NFCT_IRQHandler
                0x00000000000122b4                TIMER0_IRQHandler
                0x00000000000122b6                TIMER1_IRQHandler
                0x00000000000122b8                TIMER2_IRQHandler
                0x00000000000122ba                RTC0_IRQHandler
                0x00000000000122bc                TEMP_IRQHandler
                0x00000000000122be                RNG_IRQHandler
                0x00000000000122c0                ECB_IRQHandler
                0x00000000000122c2                CCM_AAR_IRQHandler
                0x00000000000122c4                WDT_IRQHandler
                0x00000000000122c8                QDEC_IRQHandler
                0x00000000000122ca                COMP_LPCOMP_IRQHandler
                0x00000000000122ce                SWI1_EGU1_IRQHandler
                0x00000000000122d2                SWI3_EGU3_IRQHandler
                0x00000000000122d4                SWI4_EGU4_IRQHandler
                0x00000000000122d6                SWI5_EGU5_IRQHandler
                0x00000000000122d8                TIMER3_IRQHandler
                0x00000000000122da                TIMER4_IRQHandler
                0x00000000000122dc                PWM0_IRQHandler
                0x00000000000122de                PDM_IRQHandler
                0x00000000000122e0                MWU_IRQHandler
                0x00000000000122e2                PWM1_IRQHandler
                0x00000000000122e4                PWM2_IRQHandler
                0x00000000000122e6                SPIM2_SPIS2_SPI2_IRQHandler
                0x00000000000122e8                RTC2_IRQHandler
                0x00000000000122ea                I2S_IRQHandler
                0x00000000000122ec                FPU_IRQHandler
                0x00000000000122f0                __init_end__ = (__init_start__ + SIZEOF (.init))
                0x0000000000000214                __init_size__ = SIZEOF (.init)
                0x00000000000122f0                __init_load_end__ = __init_end__
                0x0000000000000001                . = ASSERT (((__init_start__ == __init_end__) || ((__init_end__ - __FLASH_segment_start__) <= __FLASH_segment_size__)), error: .init is too large to fit in FLASH memory segment)
                0x00000000000122f0                __init_rodata_load_start__ = ALIGN (__init_end__, 0x4)

.init_rodata    0x00000000000122f0        0x0
                0x00000000000122f0                __init_rodata_start__ = .
 *(.init_rodata .init_rodata.*)
                0x00000000000122f0                __init_rodata_end__ = (__init_rodata_start__ + SIZEOF (.init_rodata))
                0x0000000000000000                __init_rodata_size__ = SIZEOF (.init_rodata)
                0x00000000000122f0                __init_rodata_load_end__ = __init_rodata_end__
                0x0000000000000001                . = ASSERT (((__init_rodata_start__ == __init_rodata_end__) || ((__init_rodata_end__ - __FLASH_segment_start__) <= __FLASH_segment_size__)), error: .init_rodata is too large to fit in FLASH memory segment)
                0x00000000000122f0                __text_load_start__ = ALIGN (__init_rodata_end__, 0x4)

.text           0x00000000000122f0     0x4620
                0x00000000000122f0                __text_start__ = .
 *(.text .text.* .glue_7t .glue_7 .gnu.linkonce.t.* .gcc_except_table .ARM.extab* .gnu.linkonce.armextab.*)
 .glue_7        0x00000000000122f0        0x0 linker stubs
 .glue_7t       0x00000000000122f0        0x0 linker stubs
 .text.nrf_log_backend_put
                0x00000000000122f0       0x1c Output/Debug/Obj/ant_broadcast_rx_pca10040_s212/nrf_log_frontend.o
 .text.nrf_log_backend_panic_set
                0x000000000001230c       0x18 Output/Debug/Obj/ant_broadcast_rx_pca10040_s212/nrf_log_frontend.o
 .text.nrf_log_backend_enable
                0x0000000000012324       0x10 Output/Debug/Obj/ant_broadcast_rx_pca10040_s212/nrf_log_frontend.o
 .text.nrf_log_backend_is_enabled
                0x0000000000012334        0xe Output/Debug/Obj/ant_broadcast_rx_pca10040_s212/nrf_log_frontend.o
 .text.nrf_atomic_u32_or
                0x0000000000012342       0x30 Output/Debug/Obj/ant_broadcast_rx_pca10040_s212/nrf_log_frontend.o
 .text.nrf_atomic_u32_fetch_and
                0x0000000000012372       0x30 Output/Debug/Obj/ant_broadcast_rx_pca10040_s212/nrf_log_frontend.o
 .text.nrf_atomic_flag_set
                0x00000000000123a2       0x18 Output/Debug/Obj/ant_broadcast_rx_pca10040_s212/nrf_log_frontend.o
 .text.nrf_atomic_flag_clear_fetch
                0x00000000000123ba       0x18 Output/Debug/Obj/ant_broadcast_rx_pca10040_s212/nrf_log_frontend.o
 *fill*         0x00000000000123d2        0x2 
 .text.nrf_log_init
                0x00000000000123d4       0x98 Output/Debug/Obj/ant_broadcast_rx_pca10040_s212/nrf_log_frontend.o
                0x00000000000123d4                nrf_log_init
 .text.nrf_log_module_cnt_get
                0x000000000001246c       0x14 Output/Debug/Obj/ant_broadcast_rx_pca10040_s212/nrf_log_frontend.o
                0x000000000001246c                nrf_log_module_cnt_get
 .text.log_skip
                0x0000000000012480      0x11c Output/Debug/Obj/ant_broadcast_rx_pca10040_s212/nrf_log_frontend.o
 .text.std_header_set
                0x000000000001259c       0xb8 Output/Debug/Obj/ant_broadcast_rx_pca10040_s212/nrf_log_frontend.o
 .text.buf_prealloc
                0x0000000000012654       0xb4 Output/Debug/Obj/ant_broadcast_rx_pca10040_s212/nrf_log_frontend.o
 .text.std_n    0x0000000000012708       0x90 Output/Debug/Obj/ant_broadcast_rx_pca10040_s212/nrf_log_frontend.o
 .text.nrf_log_frontend_std_0
                0x0000000000012798       0x1c Output/Debug/Obj/ant_broadcast_rx_pca10040_s212/nrf_log_frontend.o
                0x0000000000012798                nrf_log_frontend_std_0
 .text.nrf_log_frontend_std_1
                0x00000000000127b4       0x22 Output/Debug/Obj/ant_broadcast_rx_pca10040_s212/nrf_log_frontend.o
                0x00000000000127b4                nrf_log_frontend_std_1
 .text.nrf_log_frontend_std_2
                0x00000000000127d6       0x28 Output/Debug/Obj/ant_broadcast_rx_pca10040_s212/nrf_log_frontend.o
                0x00000000000127d6                nrf_log_frontend_std_2
 .text.nrf_log_frontend_std_3
                0x00000000000127fe       0x2c Output/Debug/Obj/ant_broadcast_rx_pca10040_s212/nrf_log_frontend.o
                0x00000000000127fe                nrf_log_frontend_std_3
 .text.nrf_log_frontend_std_4
                0x000000000001282a       0x30 Output/Debug/Obj/ant_broadcast_rx_pca10040_s212/nrf_log_frontend.o
                0x000000000001282a                nrf_log_frontend_std_4
 *fill*         0x000000000001285a        0x2 
 .text.buffer_is_empty
                0x000000000001285c       0x1c Output/Debug/Obj/ant_broadcast_rx_pca10040_s212/nrf_log_frontend.o
                0x000000000001285c                buffer_is_empty
 .text.nrf_log_frontend_dequeue
                0x0000000000012878      0x388 Output/Debug/Obj/ant_broadcast_rx_pca10040_s212/nrf_log_frontend.o
                0x0000000000012878                nrf_log_frontend_dequeue
 .text.nrf_log_panic
                0x0000000000012c00       0x3c Output/Debug/Obj/ant_broadcast_rx_pca10040_s212/nrf_log_frontend.o
                0x0000000000012c00                nrf_log_panic
 .text.app_error_handler
                0x0000000000012c3c       0x30 Output/Debug/Obj/ant_broadcast_rx_pca10040_s212/app_error.o
                0x0000000000012c3c                app_error_handler
 .text.app_error_save_and_stop
                0x0000000000012c6c       0x9c Output/Debug/Obj/ant_broadcast_rx_pca10040_s212/app_error.o
                0x0000000000012c6c                app_error_save_and_stop
 .text.app_error_fault_handler
                0x0000000000012d08      0x128 Output/Debug/Obj/ant_broadcast_rx_pca10040_s212/app_error_weak.o
                0x0000000000012d08                app_error_fault_handler
 .text.NVIC_EnableIRQ
                0x0000000000012e30       0x2c Output/Debug/Obj/ant_broadcast_rx_pca10040_s212/app_timer.o
 .text.NVIC_DisableIRQ
                0x0000000000012e5c       0x30 Output/Debug/Obj/ant_broadcast_rx_pca10040_s212/app_timer.o
 .text.NVIC_SetPendingIRQ
                0x0000000000012e8c       0x30 Output/Debug/Obj/ant_broadcast_rx_pca10040_s212/app_timer.o
 .text.NVIC_ClearPendingIRQ
                0x0000000000012ebc       0x30 Output/Debug/Obj/ant_broadcast_rx_pca10040_s212/app_timer.o
 .text.NVIC_SetPriority
                0x0000000000012eec       0x50 Output/Debug/Obj/ant_broadcast_rx_pca10040_s212/app_timer.o
 .text.nrf_delay_us
                0x0000000000012f3c       0xa0 Output/Debug/Obj/ant_broadcast_rx_pca10040_s212/app_timer.o
 .text.rtc1_init
                0x0000000000012fdc       0x24 Output/Debug/Obj/ant_broadcast_rx_pca10040_s212/app_timer.o
 .text.rtc1_start
                0x0000000000013000       0x40 Output/Debug/Obj/ant_broadcast_rx_pca10040_s212/app_timer.o
 .text.rtc1_stop
                0x0000000000013040       0x50 Output/Debug/Obj/ant_broadcast_rx_pca10040_s212/app_timer.o
 .text.rtc1_counter_get
                0x0000000000013090       0x10 Output/Debug/Obj/ant_broadcast_rx_pca10040_s212/app_timer.o
 .text.ticks_diff_get
                0x00000000000130a0       0x16 Output/Debug/Obj/ant_broadcast_rx_pca10040_s212/app_timer.o
 *fill*         0x00000000000130b6        0x2 
 .text.rtc1_compare0_set
                0x00000000000130b8       0x18 Output/Debug/Obj/ant_broadcast_rx_pca10040_s212/app_timer.o
 .text.timer_list_insert
                0x00000000000130d0       0xac Output/Debug/Obj/ant_broadcast_rx_pca10040_s212/app_timer.o
 .text.timer_list_remove
                0x000000000001317c       0xc0 Output/Debug/Obj/ant_broadcast_rx_pca10040_s212/app_timer.o
 .text.timer_timeouts_check_sched
                0x000000000001323c        0xc Output/Debug/Obj/ant_broadcast_rx_pca10040_s212/app_timer.o
 .text.timer_list_handler_sched
                0x0000000000013248        0xc Output/Debug/Obj/ant_broadcast_rx_pca10040_s212/app_timer.o
 .text.timeout_handler_exec
                0x0000000000013254       0x1a Output/Debug/Obj/ant_broadcast_rx_pca10040_s212/app_timer.o
 *fill*         0x000000000001326e        0x2 
 .text.timer_timeouts_check
                0x0000000000013270       0xc8 Output/Debug/Obj/ant_broadcast_rx_pca10040_s212/app_timer.o
 .text.elapsed_ticks_acquire
                0x0000000000013338       0x78 Output/Debug/Obj/ant_broadcast_rx_pca10040_s212/app_timer.o
 .text.expired_timers_handler
                0x00000000000133b0       0x94 Output/Debug/Obj/ant_broadcast_rx_pca10040_s212/app_timer.o
 .text.list_insertions_handler
                0x0000000000013444      0x1bc Output/Debug/Obj/ant_broadcast_rx_pca10040_s212/app_timer.o
 .text.compare_reg_update
                0x0000000000013600       0xb0 Output/Debug/Obj/ant_broadcast_rx_pca10040_s212/app_timer.o
 .text.timer_list_handler
                0x00000000000136b0       0x80 Output/Debug/Obj/ant_broadcast_rx_pca10040_s212/app_timer.o
 .text.user_op_enque
                0x0000000000013730       0x1c Output/Debug/Obj/ant_broadcast_rx_pca10040_s212/app_timer.o
 .text.user_op_alloc
                0x000000000001374c       0x5c Output/Debug/Obj/ant_broadcast_rx_pca10040_s212/app_timer.o
 .text.timer_start_op_schedule
                0x00000000000137a8       0x88 Output/Debug/Obj/ant_broadcast_rx_pca10040_s212/app_timer.o
 .text.RTC1_IRQHandler
                0x0000000000013830       0x40 Output/Debug/Obj/ant_broadcast_rx_pca10040_s212/app_timer.o
                0x0000000000013830                RTC1_IRQHandler
 .text.SWI0_EGU0_IRQHandler
                0x0000000000013870        0xa Output/Debug/Obj/ant_broadcast_rx_pca10040_s212/app_timer.o
                0x0000000000013870                SWI0_EGU0_IRQHandler
 *fill*         0x000000000001387a        0x2 
 .text.app_timer_init
                0x000000000001387c       0x68 Output/Debug/Obj/ant_broadcast_rx_pca10040_s212/app_timer.o
                0x000000000001387c                app_timer_init
 .text.app_timer_create
                0x00000000000138e4       0x60 Output/Debug/Obj/ant_broadcast_rx_pca10040_s212/app_timer.o
                0x00000000000138e4                app_timer_create
 .text.app_timer_start
                0x0000000000013944       0x64 Output/Debug/Obj/ant_broadcast_rx_pca10040_s212/app_timer.o
                0x0000000000013944                app_timer_start
 .text.app_timer_cnt_get
                0x00000000000139a8        0xc Output/Debug/Obj/ant_broadcast_rx_pca10040_s212/app_timer.o
                0x00000000000139a8                app_timer_cnt_get
 .text.app_timer_cnt_diff_compute
                0x00000000000139b4       0x1a Output/Debug/Obj/ant_broadcast_rx_pca10040_s212/app_timer.o
                0x00000000000139b4                app_timer_cnt_diff_compute
 *fill*         0x00000000000139ce        0x2 
 .text.NVIC_GetPriority
                0x00000000000139d0       0x48 Output/Debug/Obj/ant_broadcast_rx_pca10040_s212/app_util_platform.o
 .text.__sd_nvic_irq_disable
                0x0000000000013a18       0x18 Output/Debug/Obj/ant_broadcast_rx_pca10040_s212/app_util_platform.o
 .text.__sd_nvic_irq_enable
                0x0000000000013a30        0x8 Output/Debug/Obj/ant_broadcast_rx_pca10040_s212/app_util_platform.o
 .text.sd_nvic_critical_region_enter
                0x0000000000013a38       0x74 Output/Debug/Obj/ant_broadcast_rx_pca10040_s212/app_util_platform.o
 .text.sd_nvic_critical_region_exit
                0x0000000000013aac       0x54 Output/Debug/Obj/ant_broadcast_rx_pca10040_s212/app_util_platform.o
 .text.app_util_critical_region_enter
                0x0000000000013b00       0x2c Output/Debug/Obj/ant_broadcast_rx_pca10040_s212/app_util_platform.o
                0x0000000000013b00                app_util_critical_region_enter
 .text.app_util_critical_region_exit
                0x0000000000013b2c       0x34 Output/Debug/Obj/ant_broadcast_rx_pca10040_s212/app_util_platform.o
                0x0000000000013b2c                app_util_critical_region_exit
 .text.privilege_level_get
                0x0000000000013b60       0x3a Output/Debug/Obj/ant_broadcast_rx_pca10040_s212/app_util_platform.o
                0x0000000000013b60                privilege_level_get
 .text.current_int_priority_get
                0x0000000000013b9a       0x38 Output/Debug/Obj/ant_broadcast_rx_pca10040_s212/app_util_platform.o
                0x0000000000013b9a                current_int_priority_get
 *fill*         0x0000000000013bd2        0x2 
 .text.HardFault_Handler
                0x0000000000013bd4       0x44 Output/Debug/Obj/ant_broadcast_rx_pca10040_s212/hardfault_handler_gcc.o
                0x0000000000013bd4                HardFault_Handler
 .text.NVIC_SystemReset
                0x0000000000013c18       0x2c Output/Debug/Obj/ant_broadcast_rx_pca10040_s212/hardfault_implementation.o
 .text.HardFault_process
                0x0000000000013c44       0x12 Output/Debug/Obj/ant_broadcast_rx_pca10040_s212/hardfault_implementation.o
                0x0000000000013c44                HardFault_process
 *fill*         0x0000000000013c56        0x2 
 .text.HardFault_c_handler
                0x0000000000013c58      0x16c Output/Debug/Obj/ant_broadcast_rx_pca10040_s212/hardfault_implementation.o
                0x0000000000013c58                HardFault_c_handler
 .text.assert_nrf_callback
                0x0000000000013dc4       0x2e Output/Debug/Obj/ant_broadcast_rx_pca10040_s212/nrf_assert.o
                0x0000000000013dc4                assert_nrf_callback
 *fill*         0x0000000000013df2        0x2 
 .text.nrf_balloc_idx2block
                0x0000000000013df4       0x38 Output/Debug/Obj/ant_broadcast_rx_pca10040_s212/nrf_balloc.o
 .text.nrf_balloc_block2idx
                0x0000000000013e2c       0x34 Output/Debug/Obj/ant_broadcast_rx_pca10040_s212/nrf_balloc.o
 .text.nrf_balloc_init
                0x0000000000013e60       0xb0 Output/Debug/Obj/ant_broadcast_rx_pca10040_s212/nrf_balloc.o
                0x0000000000013e60                nrf_balloc_init
 .text.nrf_balloc_alloc
                0x0000000000013f10       0x90 Output/Debug/Obj/ant_broadcast_rx_pca10040_s212/nrf_balloc.o
                0x0000000000013f10                nrf_balloc_alloc
 .text.nrf_balloc_free
                0x0000000000013fa0       0x68 Output/Debug/Obj/ant_broadcast_rx_pca10040_s212/nrf_balloc.o
                0x0000000000013fa0                nrf_balloc_free
 .text.nrf_atomic_u32_add
                0x0000000000014008       0x30 Output/Debug/Obj/ant_broadcast_rx_pca10040_s212/nrf_memobj.o
 .text.nrf_atomic_u32_sub
                0x0000000000014038       0x30 Output/Debug/Obj/ant_broadcast_rx_pca10040_s212/nrf_memobj.o
 .text.nrf_memobj_pool_init
                0x0000000000014068       0x16 Output/Debug/Obj/ant_broadcast_rx_pca10040_s212/nrf_memobj.o
                0x0000000000014068                nrf_memobj_pool_init
 .text.nrf_memobj_alloc
                0x000000000001407e       0xae Output/Debug/Obj/ant_broadcast_rx_pca10040_s212/nrf_memobj.o
                0x000000000001407e                nrf_memobj_alloc
 .text.nrf_memobj_free
                0x000000000001412c       0x74 Output/Debug/Obj/ant_broadcast_rx_pca10040_s212/nrf_memobj.o
                0x000000000001412c                nrf_memobj_free
 .text.nrf_memobj_get
                0x00000000000141a0       0x1e Output/Debug/Obj/ant_broadcast_rx_pca10040_s212/nrf_memobj.o
                0x00000000000141a0                nrf_memobj_get
 .text.nrf_memobj_put
                0x00000000000141be       0x34 Output/Debug/Obj/ant_broadcast_rx_pca10040_s212/nrf_memobj.o
                0x00000000000141be                nrf_memobj_put
 *fill*         0x00000000000141f2        0x2 
 .text.memobj_op
                0x00000000000141f4      0x104 Output/Debug/Obj/ant_broadcast_rx_pca10040_s212/nrf_memobj.o
 .text.nrf_memobj_write
                0x00000000000142f8       0x24 Output/Debug/Obj/ant_broadcast_rx_pca10040_s212/nrf_memobj.o
                0x00000000000142f8                nrf_memobj_write
 .text.NVIC_ClearPendingIRQ
                0x000000000001431c       0x30 Output/Debug/Obj/ant_broadcast_rx_pca10040_s212/nrf_pwr_mgmt.o
 .text.nrf_mtx_init
                0x000000000001434c       0x2c Output/Debug/Obj/ant_broadcast_rx_pca10040_s212/nrf_pwr_mgmt.o
 .text.sd_app_evt_wait
                0x0000000000014378        0x8 Output/Debug/Obj/ant_broadcast_rx_pca10040_s212/nrf_pwr_mgmt.o
 .text.pwr_mgmt_fpu_sleep_prepare
                0x0000000000014380       0x64 Output/Debug/Obj/ant_broadcast_rx_pca10040_s212/nrf_pwr_mgmt.o
 .text.pwr_mgmt_cpu_usage_monitor_init
                0x00000000000143e4       0x24 Output/Debug/Obj/ant_broadcast_rx_pca10040_s212/nrf_pwr_mgmt.o
 .text.pwr_mgmt_cpu_usage_monitor_update
                0x0000000000014408       0x84 Output/Debug/Obj/ant_broadcast_rx_pca10040_s212/nrf_pwr_mgmt.o
 .text.pwr_mgmt_sleep_init
                0x000000000001448c       0x30 Output/Debug/Obj/ant_broadcast_rx_pca10040_s212/nrf_pwr_mgmt.o
 .text.nrf_pwr_mgmt_timeout_handler
                0x00000000000144bc       0x12 Output/Debug/Obj/ant_broadcast_rx_pca10040_s212/nrf_pwr_mgmt.o
 *fill*         0x00000000000144ce        0x2 
 .text.pwr_mgmt_timer_create
                0x00000000000144d0       0x40 Output/Debug/Obj/ant_broadcast_rx_pca10040_s212/nrf_pwr_mgmt.o
 .text.nrf_pwr_mgmt_init
                0x0000000000014510       0x54 Output/Debug/Obj/ant_broadcast_rx_pca10040_s212/nrf_pwr_mgmt.o
                0x0000000000014510                nrf_pwr_mgmt_init
 .text.nrf_pwr_mgmt_run
                0x0000000000014564       0x88 Output/Debug/Obj/ant_broadcast_rx_pca10040_s212/nrf_pwr_mgmt.o
                0x0000000000014564                nrf_pwr_mgmt_run
 .text.nrf_section_iter_init
                0x00000000000145ec       0x54 Output/Debug/Obj/ant_broadcast_rx_pca10040_s212/nrf_section_iter.o
                0x00000000000145ec                nrf_section_iter_init
 .text.nrf_section_iter_next
                0x0000000000014640       0x64 Output/Debug/Obj/ant_broadcast_rx_pca10040_s212/nrf_section_iter.o
                0x0000000000014640                nrf_section_iter_next
 .text.nrf_strerror_get
                0x00000000000146a4       0x28 Output/Debug/Obj/ant_broadcast_rx_pca10040_s212/nrf_strerror.o
                0x00000000000146a4                nrf_strerror_get
 .text.nrf_strerror_find
                0x00000000000146cc       0x68 Output/Debug/Obj/ant_broadcast_rx_pca10040_s212/nrf_strerror.o
                0x00000000000146cc                nrf_strerror_find
 .text.nrf_log_default_backends_init
                0x0000000000014734        0xe Output/Debug/Obj/ant_broadcast_rx_pca10040_s212/nrf_log_default_backends.o
                0x0000000000014734                nrf_log_default_backends_init
 *fill*         0x0000000000014742        0x2 
 .text.NVIC_EnableIRQ
                0x0000000000014744       0x2c Output/Debug/Obj/ant_broadcast_rx_pca10040_s212/nrf_drv_common.o
 .text.NVIC_ClearPendingIRQ
                0x0000000000014770       0x30 Output/Debug/Obj/ant_broadcast_rx_pca10040_s212/nrf_drv_common.o
 .text.NVIC_SetPriority
                0x00000000000147a0       0x50 Output/Debug/Obj/ant_broadcast_rx_pca10040_s212/nrf_drv_common.o
 .text.nrf_drv_common_irq_enable
                0x00000000000147f0       0x6c Output/Debug/Obj/ant_broadcast_rx_pca10040_s212/nrf_drv_common.o
                0x00000000000147f0                nrf_drv_common_irq_enable
 .text.nrf_gpiote_event_is_set
                0x000000000001485c       0x2a Output/Debug/Obj/ant_broadcast_rx_pca10040_s212/nrf_drv_gpiote.o
 .text.nrf_gpiote_event_clear
                0x0000000000014886       0x36 Output/Debug/Obj/ant_broadcast_rx_pca10040_s212/nrf_drv_gpiote.o
 .text.nrf_gpiote_event_addr_get
                0x00000000000148bc       0x1a Output/Debug/Obj/ant_broadcast_rx_pca10040_s212/nrf_drv_gpiote.o
 *fill*         0x00000000000148d6        0x2 
 .text.nrf_gpiote_int_is_enabled
                0x00000000000148d8       0x18 Output/Debug/Obj/ant_broadcast_rx_pca10040_s212/nrf_drv_gpiote.o
 .text.nrf_gpiote_event_pin_get
                0x00000000000148f0       0x20 Output/Debug/Obj/ant_broadcast_rx_pca10040_s212/nrf_drv_gpiote.o
 .text.nrf_gpiote_event_polarity_get
                0x0000000000014910       0x24 Output/Debug/Obj/ant_broadcast_rx_pca10040_s212/nrf_drv_gpiote.o
 .text.nrf_gpio_pin_port_decode
                0x0000000000014934       0x28 Output/Debug/Obj/ant_broadcast_rx_pca10040_s212/nrf_drv_gpiote.o
 .text.nrf_gpio_cfg_sense_set
                0x000000000001495c       0x5c Output/Debug/Obj/ant_broadcast_rx_pca10040_s212/nrf_drv_gpiote.o
 .text.nrf_gpio_pin_sense_get
                0x00000000000149b8       0x2c Output/Debug/Obj/ant_broadcast_rx_pca10040_s212/nrf_drv_gpiote.o
 .text.nrf_gpio_port_in_read
                0x00000000000149e4       0x10 Output/Debug/Obj/ant_broadcast_rx_pca10040_s212/nrf_drv_gpiote.o
 .text.nrf_gpio_ports_read
                0x00000000000149f4       0x68 Output/Debug/Obj/ant_broadcast_rx_pca10040_s212/nrf_drv_gpiote.o
 .text.nrf_bitmask_bit_is_set
                0x0000000000014a5c       0x30 Output/Debug/Obj/ant_broadcast_rx_pca10040_s212/nrf_drv_gpiote.o
 .text.nrf_bitmask_bit_set
                0x0000000000014a8c       0x40 Output/Debug/Obj/ant_broadcast_rx_pca10040_s212/nrf_drv_gpiote.o
 .text.channel_port_get
                0x0000000000014acc       0x1c Output/Debug/Obj/ant_broadcast_rx_pca10040_s212/nrf_drv_gpiote.o
 .text.channel_handler_get
                0x0000000000014ae8       0x18 Output/Debug/Obj/ant_broadcast_rx_pca10040_s212/nrf_drv_gpiote.o
 .text.GPIOTE_IRQHandler
                0x0000000000014b00      0x2e0 Output/Debug/Obj/ant_broadcast_rx_pca10040_s212/nrf_drv_gpiote.o
                0x0000000000014b00                GPIOTE_IRQHandler
 .text.nrf_saadc_task_trigger
                0x0000000000014de0       0x1e Output/Debug/Obj/ant_broadcast_rx_pca10040_s212/nrf_drv_saadc.o
 .text.nrf_saadc_event_check
                0x0000000000014dfe       0x26 Output/Debug/Obj/ant_broadcast_rx_pca10040_s212/nrf_drv_saadc.o
 .text.nrf_saadc_event_clear
                0x0000000000014e24       0x30 Output/Debug/Obj/ant_broadcast_rx_pca10040_s212/nrf_drv_saadc.o
 .text.nrf_saadc_channel_input_set
                0x0000000000014e54       0x44 Output/Debug/Obj/ant_broadcast_rx_pca10040_s212/nrf_drv_saadc.o
 .text.nrf_saadc_int_enable
                0x0000000000014e98       0x18 Output/Debug/Obj/ant_broadcast_rx_pca10040_s212/nrf_drv_saadc.o
 .text.nrf_saadc_int_disable
                0x0000000000014eb0       0x18 Output/Debug/Obj/ant_broadcast_rx_pca10040_s212/nrf_drv_saadc.o
 .text.nrf_saadc_enable
                0x0000000000014ec8       0x10 Output/Debug/Obj/ant_broadcast_rx_pca10040_s212/nrf_drv_saadc.o
 .text.nrf_saadc_disable
                0x0000000000014ed8       0x10 Output/Debug/Obj/ant_broadcast_rx_pca10040_s212/nrf_drv_saadc.o
 .text.nrf_saadc_buffer_init
                0x0000000000014ee8       0x20 Output/Debug/Obj/ant_broadcast_rx_pca10040_s212/nrf_drv_saadc.o
 .text.nrf_saadc_resolution_set
                0x0000000000014f08       0x1c Output/Debug/Obj/ant_broadcast_rx_pca10040_s212/nrf_drv_saadc.o
 .text.nrf_saadc_oversample_set
                0x0000000000014f24       0x1c Output/Debug/Obj/ant_broadcast_rx_pca10040_s212/nrf_drv_saadc.o
 .text.nrf_saadc_oversample_get
                0x0000000000014f40       0x10 Output/Debug/Obj/ant_broadcast_rx_pca10040_s212/nrf_drv_saadc.o
 .text.SAADC_IRQHandler
                0x0000000000014f50      0x250 Output/Debug/Obj/ant_broadcast_rx_pca10040_s212/nrf_drv_saadc.o
                0x0000000000014f50                SAADC_IRQHandler
 .text.nrf_drv_saadc_init
                0x00000000000151a0       0xd0 Output/Debug/Obj/ant_broadcast_rx_pca10040_s212/nrf_drv_saadc.o
                0x00000000000151a0                nrf_drv_saadc_init
 .text.nrf_drv_saadc_channel_init
                0x0000000000015270      0x134 Output/Debug/Obj/ant_broadcast_rx_pca10040_s212/nrf_drv_saadc.o
                0x0000000000015270                nrf_drv_saadc_channel_init
 .text.nrf_drv_saadc_sample_convert
                0x00000000000153a4      0x134 Output/Debug/Obj/ant_broadcast_rx_pca10040_s212/nrf_drv_saadc.o
                0x00000000000153a4                nrf_drv_saadc_sample_convert
 .text.nrf_saadc_channel_input_set
                0x00000000000154d8       0x44 Output/Debug/Obj/ant_broadcast_rx_pca10040_s212/nrf_saadc.o
 .text.nrf_saadc_channel_init
                0x000000000001551c       0x8c Output/Debug/Obj/ant_broadcast_rx_pca10040_s212/nrf_saadc.o
                0x000000000001551c                nrf_saadc_channel_init
 .text.sd_ant_channel_assign
                0x00000000000155a8        0x8 Output/Debug/Obj/ant_broadcast_rx_pca10040_s212/ant_channel_config.o
 .text.sd_ant_channel_radio_freq_set
                0x00000000000155b0        0x8 Output/Debug/Obj/ant_broadcast_rx_pca10040_s212/ant_channel_config.o
 .text.sd_ant_channel_period_set
                0x00000000000155b8        0x8 Output/Debug/Obj/ant_broadcast_rx_pca10040_s212/ant_channel_config.o
 .text.sd_ant_channel_id_set
                0x00000000000155c0        0x8 Output/Debug/Obj/ant_broadcast_rx_pca10040_s212/ant_channel_config.o
 .text.ant_channel_init
                0x00000000000155c8       0x92 Output/Debug/Obj/ant_broadcast_rx_pca10040_s212/ant_channel_config.o
                0x00000000000155c8                ant_channel_init
 *fill*         0x000000000001565a        0x2 
 .text.nrf_gpio_pin_port_decode
                0x000000000001565c       0x28 Output/Debug/Obj/ant_broadcast_rx_pca10040_s212/main.o
 .text.nrf_gpio_cfg
                0x0000000000015684       0x62 Output/Debug/Obj/ant_broadcast_rx_pca10040_s212/main.o
 .text.nrf_gpio_cfg_output
                0x00000000000156e6       0x22 Output/Debug/Obj/ant_broadcast_rx_pca10040_s212/main.o
 .text.nrf_gpio_pin_set
                0x0000000000015708       0x28 Output/Debug/Obj/ant_broadcast_rx_pca10040_s212/main.o
 .text.nrf_gpio_pin_clear
                0x0000000000015730       0x28 Output/Debug/Obj/ant_broadcast_rx_pca10040_s212/main.o
 .text.nrf_gpio_port_out_set
                0x0000000000015758       0x14 Output/Debug/Obj/ant_broadcast_rx_pca10040_s212/main.o
 .text.nrf_gpio_port_out_clear
                0x000000000001576c       0x14 Output/Debug/Obj/ant_broadcast_rx_pca10040_s212/main.o
 .text.sd_ant_channel_open_with_offset
                0x0000000000015780        0x8 Output/Debug/Obj/ant_broadcast_rx_pca10040_s212/main.o
 .text.sd_ant_broadcast_message_tx
                0x0000000000015788        0x8 Output/Debug/Obj/ant_broadcast_rx_pca10040_s212/main.o
 .text.sd_ant_pending_transmit_clear
                0x0000000000015790        0x8 Output/Debug/Obj/ant_broadcast_rx_pca10040_s212/main.o
 .text.sd_ant_channel_radio_tx_power_set
                0x0000000000015798        0x8 Output/Debug/Obj/ant_broadcast_rx_pca10040_s212/main.o
 .text.saadc_callback
                0x00000000000157a0        0xa Output/Debug/Obj/ant_broadcast_rx_pca10040_s212/main.o
                0x00000000000157a0                saadc_callback
 *fill*         0x00000000000157aa        0x2 
 .text.saadc_init
                0x00000000000157ac       0x90 Output/Debug/Obj/ant_broadcast_rx_pca10040_s212/main.o
                0x00000000000157ac                saadc_init
 .text.log_init
                0x000000000001583c       0x30 Output/Debug/Obj/ant_broadcast_rx_pca10040_s212/main.o
 .text.leggi_calib_flash
                0x000000000001586c        0x4 Output/Debug/Obj/ant_broadcast_rx_pca10040_s212/main.o
                0x000000000001586c                leggi_calib_flash
 .text.ant_send
                0x0000000000015870       0xa0 Output/Debug/Obj/ant_broadcast_rx_pca10040_s212/main.o
                0x0000000000015870                ant_send
 .text.ant_evt_handler
                0x0000000000015910      0x134 Output/Debug/Obj/ant_broadcast_rx_pca10040_s212/main.o
                0x0000000000015910                ant_evt_handler
 .text.softdevice_setup
                0x0000000000015a44       0x5c Output/Debug/Obj/ant_broadcast_rx_pca10040_s212/main.o
 .text.ant_channel_rx_broadcast_setup
                0x0000000000015aa0       0x60 Output/Debug/Obj/ant_broadcast_rx_pca10040_s212/main.o
 .text.repeated_timer_handler
                0x0000000000015b00      0x11c Output/Debug/Obj/ant_broadcast_rx_pca10040_s212/main.o
 .text.main     0x0000000000015c1c      0x11c Output/Debug/Obj/ant_broadcast_rx_pca10040_s212/main.o
                0x0000000000015c1c                main
 .text.NVIC_SystemReset
                0x0000000000015d38       0x2c Output/Debug/Obj/ant_broadcast_rx_pca10040_s212/system_nrf52.o
 .text.SystemCoreClockUpdate
                0x0000000000015d64       0x14 Output/Debug/Obj/ant_broadcast_rx_pca10040_s212/system_nrf52.o
                0x0000000000015d64                SystemCoreClockUpdate
 .text.SystemInit
                0x0000000000015d78      0x2c0 Output/Debug/Obj/ant_broadcast_rx_pca10040_s212/system_nrf52.o
                0x0000000000015d78                SystemInit
 .text.errata_12
                0x0000000000016038       0x58 Output/Debug/Obj/ant_broadcast_rx_pca10040_s212/system_nrf52.o
 .text.errata_16
                0x0000000000016090       0x38 Output/Debug/Obj/ant_broadcast_rx_pca10040_s212/system_nrf52.o
 .text.errata_31
                0x00000000000160c8       0x58 Output/Debug/Obj/ant_broadcast_rx_pca10040_s212/system_nrf52.o
 .text.errata_32
                0x0000000000016120       0x38 Output/Debug/Obj/ant_broadcast_rx_pca10040_s212/system_nrf52.o
 .text.errata_36
                0x0000000000016158       0x58 Output/Debug/Obj/ant_broadcast_rx_pca10040_s212/system_nrf52.o
 .text.errata_37
                0x00000000000161b0       0x38 Output/Debug/Obj/ant_broadcast_rx_pca10040_s212/system_nrf52.o
 .text.errata_57
                0x00000000000161e8       0x38 Output/Debug/Obj/ant_broadcast_rx_pca10040_s212/system_nrf52.o
 .text.errata_66
                0x0000000000016220       0x38 Output/Debug/Obj/ant_broadcast_rx_pca10040_s212/system_nrf52.o
 .text.errata_108
                0x0000000000016258       0x58 Output/Debug/Obj/ant_broadcast_rx_pca10040_s212/system_nrf52.o
 .text.errata_136
                0x00000000000162b0       0x58 Output/Debug/Obj/ant_broadcast_rx_pca10040_s212/system_nrf52.o
 .text.NVIC_EnableIRQ
                0x0000000000016308       0x2c Output/Debug/Obj/ant_broadcast_rx_pca10040_s212/nrf_sdh.o
 .text.NVIC_SetPriority
                0x0000000000016334       0x50 Output/Debug/Obj/ant_broadcast_rx_pca10040_s212/nrf_sdh.o
 .text.NVIC_GetPriority
                0x0000000000016384       0x48 Output/Debug/Obj/ant_broadcast_rx_pca10040_s212/nrf_sdh.o
 .text.nrf_section_iter_get
                0x00000000000163cc       0x24 Output/Debug/Obj/ant_broadcast_rx_pca10040_s212/nrf_sdh.o
 .text.sd_softdevice_enable
                0x00000000000163f0        0x8 Output/Debug/Obj/ant_broadcast_rx_pca10040_s212/nrf_sdh.o
 .text.__sd_nvic_app_accessible_irq
                0x00000000000163f8       0x58 Output/Debug/Obj/ant_broadcast_rx_pca10040_s212/nrf_sdh.o
 .text.__sd_nvic_is_app_accessible_priority
                0x0000000000016450       0x26 Output/Debug/Obj/ant_broadcast_rx_pca10040_s212/nrf_sdh.o
 *fill*         0x0000000000016476        0x2 
 .text.sd_nvic_EnableIRQ
                0x0000000000016478       0x8c Output/Debug/Obj/ant_broadcast_rx_pca10040_s212/nrf_sdh.o
 .text.sd_nvic_SetPriority
                0x0000000000016504       0x4a Output/Debug/Obj/ant_broadcast_rx_pca10040_s212/nrf_sdh.o
 *fill*         0x000000000001654e        0x2 
 .text.sdh_request_observer_notify
                0x0000000000016550       0x64 Output/Debug/Obj/ant_broadcast_rx_pca10040_s212/nrf_sdh.o
 .text.sdh_state_observer_notify
                0x00000000000165b4       0x58 Output/Debug/Obj/ant_broadcast_rx_pca10040_s212/nrf_sdh.o
 .text.softdevices_evt_irq_enable
                0x000000000001660c       0x2c Output/Debug/Obj/ant_broadcast_rx_pca10040_s212/nrf_sdh.o
 .text.swi_interrupt_priority_workaround
                0x0000000000016638       0x4c Output/Debug/Obj/ant_broadcast_rx_pca10040_s212/nrf_sdh.o
 .text.nrf_sdh_enable_request
                0x0000000000016684       0x8c Output/Debug/Obj/ant_broadcast_rx_pca10040_s212/nrf_sdh.o
                0x0000000000016684                nrf_sdh_enable_request
 .text.nrf_sdh_is_enabled
                0x0000000000016710        0xc Output/Debug/Obj/ant_broadcast_rx_pca10040_s212/nrf_sdh.o
                0x0000000000016710                nrf_sdh_is_enabled
 .text.nrf_sdh_evts_poll
                0x000000000001671c       0x50 Output/Debug/Obj/ant_broadcast_rx_pca10040_s212/nrf_sdh.o
                0x000000000001671c                nrf_sdh_evts_poll
 .text.SWI2_EGU2_IRQHandler
                0x000000000001676c        0xa Output/Debug/Obj/ant_broadcast_rx_pca10040_s212/nrf_sdh.o
                0x000000000001676c                SWI2_EGU2_IRQHandler
 *fill*         0x0000000000016776        0x2 
 .text.nrf_section_iter_get
                0x0000000000016778       0x24 Output/Debug/Obj/ant_broadcast_rx_pca10040_s212/nrf_sdh_ant.o
 .text.sd_ant_event_get
                0x000000000001679c        0x8 Output/Debug/Obj/ant_broadcast_rx_pca10040_s212/nrf_sdh_ant.o
 .text.sd_ant_enable
                0x00000000000167a4        0x8 Output/Debug/Obj/ant_broadcast_rx_pca10040_s212/nrf_sdh_ant.o
 .text.nrf_sdh_ant_enable
                0x00000000000167ac       0x28 Output/Debug/Obj/ant_broadcast_rx_pca10040_s212/nrf_sdh_ant.o
                0x00000000000167ac                nrf_sdh_ant_enable
 .text.nrf_sdh_ant_evts_poll
                0x00000000000167d4       0x84 Output/Debug/Obj/ant_broadcast_rx_pca10040_s212/nrf_sdh_ant.o
 .text.libc.memcpy
                0x0000000000016858       0x52 C:/Program Files/SEGGER/SEGGER Embedded Studio for ARM 5.70a/lib/libc_v7em_fpv4_sp_d16_hard_t_le_eabi.a(libc2_asm.o)
                0x0000000000016858                __aeabi_memcpy
                0x0000000000016858                memcpy
                0x0000000000016864                __aeabi_memcpy8
                0x0000000000016864                __aeabi_memcpy4
 .text.libc.memset
                0x00000000000168aa       0x66 C:/Program Files/SEGGER/SEGGER Embedded Studio for ARM 5.70a/lib/libc_v7em_fpv4_sp_d16_hard_t_le_eabi.a(libc2_asm.o)
                0x00000000000168aa                memset
                0x0000000000016910                __text_end__ = (__text_start__ + SIZEOF (.text))
                0x0000000000004620                __text_size__ = SIZEOF (.text)
                0x0000000000016910                __text_load_end__ = __text_end__

.vfp11_veneer   0x0000000100000000        0x0
 .vfp11_veneer  0x0000000100000000        0x0 linker stubs

.v4_bx          0x0000000100000000        0x0
 .v4_bx         0x0000000100000000        0x0 linker stubs

.iplt           0x0000000100000000        0x0
 .iplt          0x0000000100000000        0x0 Output/Debug/Obj/ant_broadcast_rx_pca10040_s212/thumb_crt0.o
                0x0000000000000001                . = ASSERT (((__text_start__ == __text_end__) || ((__text_end__ - __FLASH_segment_start__) <= __FLASH_segment_size__)), error: .text is too large to fit in FLASH memory segment)
                0x0000000000016910                __sdh_ant_observers_load_start__ = ALIGN (__text_end__, 0x4)

.sdh_ant_observers
                0x0000000000016910        0x8
                0x0000000000016910                __sdh_ant_observers_start__ = .
                0x0000000000016910                __start_sdh_ant_observers = __sdh_ant_observers_start__
 *(SORT_BY_NAME(.sdh_ant_observers*))
 .sdh_ant_observers1
                0x0000000000016910        0x8 Output/Debug/Obj/ant_broadcast_rx_pca10040_s212/main.o
                0x0000000000016918                __sdh_ant_observers_end__ = (__sdh_ant_observers_start__ + SIZEOF (.sdh_ant_observers))
                0x0000000000000008                __sdh_ant_observers_size__ = SIZEOF (.sdh_ant_observers)
                0x0000000000016918                __stop_sdh_ant_observers = __sdh_ant_observers_end__
                0x0000000000016918                __sdh_ant_observers_load_end__ = __sdh_ant_observers_end__
                0x0000000000000001                . = ASSERT (((__sdh_ant_observers_start__ == __sdh_ant_observers_end__) || ((__sdh_ant_observers_end__ - __FLASH_segment_start__) <= __FLASH_segment_size__)), error: .sdh_ant_observers is too large to fit in FLASH memory segment)
                0x0000000000016918                __pwr_mgmt_data_load_start__ = ALIGN (__sdh_ant_observers_end__, 0x4)

.pwr_mgmt_data  0x0000000000016918        0x0
                0x0000000000016918                __pwr_mgmt_data_start__ = .
                0x0000000000016918                __start_pwr_mgmt_data = __pwr_mgmt_data_start__
 *(SORT_BY_NAME(.pwr_mgmt_data*))
                0x0000000000016918                __pwr_mgmt_data_end__ = (__pwr_mgmt_data_start__ + SIZEOF (.pwr_mgmt_data))
                0x0000000000000000                __pwr_mgmt_data_size__ = SIZEOF (.pwr_mgmt_data)
                0x0000000000016918                __stop_pwr_mgmt_data = __pwr_mgmt_data_end__
                0x0000000000016918                __pwr_mgmt_data_load_end__ = __pwr_mgmt_data_end__
                0x0000000000000001                . = ASSERT (((__pwr_mgmt_data_start__ == __pwr_mgmt_data_end__) || ((__pwr_mgmt_data_end__ - __FLASH_segment_start__) <= __FLASH_segment_size__)), error: .pwr_mgmt_data is too large to fit in FLASH memory segment)
                0x0000000000016918                __log_const_data_load_start__ = ALIGN (__pwr_mgmt_data_end__, 0x4)

.log_const_data
                0x0000000000016918       0x40
                0x0000000000016918                __log_const_data_start__ = .
                0x0000000000016918                __start_log_const_data = __log_const_data_start__
 *(.log_const_data*)
 .log_const_data_app
                0x0000000000016918        0x8 Output/Debug/Obj/ant_broadcast_rx_pca10040_s212/nrf_log_frontend.o
                0x0000000000016918                m_nrf_log_app_logs_data_const
 .log_const_data_hardfault
                0x0000000000016920        0x8 Output/Debug/Obj/ant_broadcast_rx_pca10040_s212/hardfault_implementation.o
                0x0000000000016920                m_nrf_log_hardfault_logs_data_const
 .log_const_data_balloc
                0x0000000000016928        0x8 Output/Debug/Obj/ant_broadcast_rx_pca10040_s212/nrf_balloc.o
                0x0000000000016928                m_nrf_log_balloc_logs_data_const
 .log_const_data_pwr_mgmt
                0x0000000000016930        0x8 Output/Debug/Obj/ant_broadcast_rx_pca10040_s212/nrf_pwr_mgmt.o
                0x0000000000016930                m_nrf_log_pwr_mgmt_logs_data_const
 .log_const_data_gpiote
                0x0000000000016938        0x8 Output/Debug/Obj/ant_broadcast_rx_pca10040_s212/nrf_drv_gpiote.o
                0x0000000000016938                m_nrf_log_gpiote_logs_data_const
 .log_const_data_saadc
                0x0000000000016940        0x8 Output/Debug/Obj/ant_broadcast_rx_pca10040_s212/nrf_drv_saadc.o
                0x0000000000016940                m_nrf_log_saadc_logs_data_const
 .log_const_data_nrf_sdh
                0x0000000000016948        0x8 Output/Debug/Obj/ant_broadcast_rx_pca10040_s212/nrf_sdh.o
                0x0000000000016948                m_nrf_log_nrf_sdh_logs_data_const
 .log_const_data_nrf_sdh_ant
                0x0000000000016950        0x8 Output/Debug/Obj/ant_broadcast_rx_pca10040_s212/nrf_sdh_ant.o
                0x0000000000016950                m_nrf_log_nrf_sdh_ant_logs_data_const
                0x0000000000016958                __log_const_data_end__ = (__log_const_data_start__ + SIZEOF (.log_const_data))
                0x0000000000000040                __log_const_data_size__ = SIZEOF (.log_const_data)
                0x0000000000016958                __stop_log_const_data = __log_const_data_end__
                0x0000000000016958                __log_const_data_load_end__ = __log_const_data_end__
                0x0000000000000001                . = ASSERT (((__log_const_data_start__ == __log_const_data_end__) || ((__log_const_data_end__ - __FLASH_segment_start__) <= __FLASH_segment_size__)), error: .log_const_data is too large to fit in FLASH memory segment)
                0x0000000000016958                __sdh_state_observers_load_start__ = ALIGN (__log_const_data_end__, 0x4)

.sdh_state_observers
                0x0000000000016958        0x0
                0x0000000000016958                __sdh_state_observers_start__ = .
                0x0000000000016958                __start_sdh_state_observers = __sdh_state_observers_start__
 *(SORT_BY_NAME(.sdh_state_observers*))
                0x0000000000016958                __sdh_state_observers_end__ = (__sdh_state_observers_start__ + SIZEOF (.sdh_state_observers))
                0x0000000000000000                __sdh_state_observers_size__ = SIZEOF (.sdh_state_observers)
                0x0000000000016958                __stop_sdh_state_observers = __sdh_state_observers_end__
                0x0000000000016958                __sdh_state_observers_load_end__ = __sdh_state_observers_end__
                0x0000000000000001                . = ASSERT (((__sdh_state_observers_start__ == __sdh_state_observers_end__) || ((__sdh_state_observers_end__ - __FLASH_segment_start__) <= __FLASH_segment_size__)), error: .sdh_state_observers is too large to fit in FLASH memory segment)
                0x0000000000016958                __sdh_stack_observers_load_start__ = ALIGN (__sdh_state_observers_end__, 0x4)

.sdh_stack_observers
                0x0000000000016958        0x8
                0x0000000000016958                __sdh_stack_observers_start__ = .
                0x0000000000016958                __start_sdh_stack_observers = __sdh_stack_observers_start__
 *(SORT_BY_NAME(.sdh_stack_observers*))
 .sdh_stack_observers0
                0x0000000000016958        0x8 Output/Debug/Obj/ant_broadcast_rx_pca10040_s212/nrf_sdh_ant.o
                0x0000000000016960                __sdh_stack_observers_end__ = (__sdh_stack_observers_start__ + SIZEOF (.sdh_stack_observers))
                0x0000000000000008                __sdh_stack_observers_size__ = SIZEOF (.sdh_stack_observers)
                0x0000000000016960                __stop_sdh_stack_observers = __sdh_stack_observers_end__
                0x0000000000016960                __sdh_stack_observers_load_end__ = __sdh_stack_observers_end__
                0x0000000000000001                . = ASSERT (((__sdh_stack_observers_start__ == __sdh_stack_observers_end__) || ((__sdh_stack_observers_end__ - __FLASH_segment_start__) <= __FLASH_segment_size__)), error: .sdh_stack_observers is too large to fit in FLASH memory segment)
                0x0000000000016960                __sdh_req_observers_load_start__ = ALIGN (__sdh_stack_observers_end__, 0x4)

.sdh_req_observers
                0x0000000000016960        0x0
                0x0000000000016960                __sdh_req_observers_start__ = .
                0x0000000000016960                __start_sdh_req_observers = __sdh_req_observers_start__
 *(SORT_BY_NAME(.sdh_req_observers*))
                0x0000000000016960                __sdh_req_observers_end__ = (__sdh_req_observers_start__ + SIZEOF (.sdh_req_observers))
                0x0000000000000000                __sdh_req_observers_size__ = SIZEOF (.sdh_req_observers)
                0x0000000000016960                __stop_sdh_req_observers = __sdh_req_observers_end__
                0x0000000000016960                __sdh_req_observers_load_end__ = __sdh_req_observers_end__
                0x0000000000000001                . = ASSERT (((__sdh_req_observers_start__ == __sdh_req_observers_end__) || ((__sdh_req_observers_end__ - __FLASH_segment_start__) <= __FLASH_segment_size__)), error: .sdh_req_observers is too large to fit in FLASH memory segment)
                0x0000000000016960                __nrf_sections_load_start__ = ALIGN (__sdh_req_observers_end__, 0x4)

.nrf_sections   0x0000000000016960        0x0
                0x0000000000016960                __nrf_sections_start__ = .
                0x0000000000016960                __start_nrf_sections = __nrf_sections_start__
 *(.nrf_sections .nrf_sections.*)
                0x0000000000016960                __nrf_sections_end__ = (__nrf_sections_start__ + SIZEOF (.nrf_sections))
                0x0000000000000000                __nrf_sections_size__ = SIZEOF (.nrf_sections)
                0x0000000000016960                __nrf_sections_load_end__ = __nrf_sections_end__
                0x0000000000000001                . = ASSERT (((__nrf_sections_start__ == __nrf_sections_end__) || ((__nrf_sections_end__ - __FLASH_segment_start__) <= __FLASH_segment_size__)), error: .nrf_sections is too large to fit in FLASH memory segment)
                0x0000000000016960                __log_dynamic_data_load_start__ = ALIGN (__nrf_sections_end__, 0x4)

.log_dynamic_data
                0x0000000020000b80       0x60 load address 0x0000000000016960
                0x0000000020000b80                __log_dynamic_data_start__ = .
 *(.log_dynamic_data*)
 .log_dynamic_data_app
                0x0000000020000b80        0xc Output/Debug/Obj/ant_broadcast_rx_pca10040_s212/nrf_log_frontend.o
                0x0000000020000b80                m_nrf_log_app_logs_data_dynamic
 .log_dynamic_data_hardfault
                0x0000000020000b8c        0xc Output/Debug/Obj/ant_broadcast_rx_pca10040_s212/hardfault_implementation.o
                0x0000000020000b8c                m_nrf_log_hardfault_logs_data_dynamic
 .log_dynamic_data_balloc
                0x0000000020000b98        0xc Output/Debug/Obj/ant_broadcast_rx_pca10040_s212/nrf_balloc.o
                0x0000000020000b98                m_nrf_log_balloc_logs_data_dynamic
 .log_dynamic_data_pwr_mgmt
                0x0000000020000ba4        0xc Output/Debug/Obj/ant_broadcast_rx_pca10040_s212/nrf_pwr_mgmt.o
                0x0000000020000ba4                m_nrf_log_pwr_mgmt_logs_data_dynamic
 .log_dynamic_data_gpiote
                0x0000000020000bb0        0xc Output/Debug/Obj/ant_broadcast_rx_pca10040_s212/nrf_drv_gpiote.o
                0x0000000020000bb0                m_nrf_log_gpiote_logs_data_dynamic
 .log_dynamic_data_saadc
                0x0000000020000bbc        0xc Output/Debug/Obj/ant_broadcast_rx_pca10040_s212/nrf_drv_saadc.o
                0x0000000020000bbc                m_nrf_log_saadc_logs_data_dynamic
 .log_dynamic_data_nrf_sdh
                0x0000000020000bc8        0xc Output/Debug/Obj/ant_broadcast_rx_pca10040_s212/nrf_sdh.o
                0x0000000020000bc8                m_nrf_log_nrf_sdh_logs_data_dynamic
 .log_dynamic_data_nrf_sdh_ant
                0x0000000020000bd4        0xc Output/Debug/Obj/ant_broadcast_rx_pca10040_s212/nrf_sdh_ant.o
                0x0000000020000bd4                m_nrf_log_nrf_sdh_ant_logs_data_dynamic
                0x0000000020000be0                __log_dynamic_data_end__ = (__log_dynamic_data_start__ + SIZEOF (.log_dynamic_data))
                0x0000000000000060                __log_dynamic_data_size__ = SIZEOF (.log_dynamic_data)
                0x00000000000169c0                __log_dynamic_data_load_end__ = (__log_dynamic_data_load_start__ + SIZEOF (.log_dynamic_data))
                0x0000000000000001                . = ASSERT (((__log_dynamic_data_load_start__ == __log_dynamic_data_load_end__) || ((__log_dynamic_data_load_end__ - __FLASH_segment_start__) <= __FLASH_segment_size__)), error: .log_dynamic_data is too large to fit in FLASH memory segment)

.log_dynamic_data_run
                0x0000000020000b80        0x0
                0x0000000020000b80                __log_dynamic_data_run_start__ = .
                0x0000000020000b80                __start_log_dynamic_data = __log_dynamic_data_run_start__
                0x0000000020000be0                __log_dynamic_data_run_end__ = (__log_dynamic_data_run_start__ + SIZEOF (.log_dynamic_data))
                0x0000000000000060                __log_dynamic_data_run_size__ = (__log_dynamic_data_run_end__ - __log_dynamic_data_run_start__)
                0x0000000020000be0                __stop_log_dynamic_data = __log_dynamic_data_run_end__
                0x0000000020000be0                __log_dynamic_data_run_load_end__ = __log_dynamic_data_run_end__
                0x0000000000000001                . = ASSERT (((__log_dynamic_data_run_start__ == __log_dynamic_data_run_end__) || ((__log_dynamic_data_run_end__ - __RAM_segment_start__) <= __RAM_segment_size__)), error: .log_dynamic_data_run is too large to fit in RAM memory segment)
                0x0000000020000be0                __nrf_sections_run_end_load_start__ = ALIGN (__log_dynamic_data_run_end__, 0x4)

.nrf_sections_run_end
                0x0000000020000be0        0x0
                0x0000000020000be0                __nrf_sections_run_end_start__ = .
                0x0000000020000be0                __end_nrf_sections_run = __nrf_sections_run_end_start__
 *(.nrf_sections_run_end .nrf_sections_run_end.*)
                0x0000000020000be0                __nrf_sections_run_end_end__ = (__nrf_sections_run_end_start__ + SIZEOF (.nrf_sections_run_end))
                0x0000000000000000                __nrf_sections_run_end_size__ = SIZEOF (.nrf_sections_run_end)
                0x0000000020000be0                __nrf_sections_run_end_load_end__ = __nrf_sections_run_end_end__
                0x0000000000000001                . = ASSERT (((__nrf_sections_run_end_start__ == __nrf_sections_run_end_end__) || ((__nrf_sections_run_end_end__ - __RAM_segment_start__) <= __RAM_segment_size__)), error: .nrf_sections_run_end is too large to fit in RAM memory segment)
                0x00000000000169c0                __dtors_load_start__ = ALIGN ((__log_dynamic_data_load_start__ + SIZEOF (.log_dynamic_data)), 0x4)

.dtors          0x00000000000169c0        0x0
                0x00000000000169c0                __dtors_start__ = .
 *(SORT_BY_NAME(.dtors.*))
 *(.dtors)
 *(.fini_array)
 *(SORT_BY_NAME(.fini_array.*))
                0x00000000000169c0                __dtors_end__ = (__dtors_start__ + SIZEOF (.dtors))
                0x0000000000000000                __dtors_size__ = SIZEOF (.dtors)
                0x00000000000169c0                __dtors_load_end__ = __dtors_end__
                0x0000000000000001                . = ASSERT (((__dtors_start__ == __dtors_end__) || ((__dtors_end__ - __FLASH_segment_start__) <= __FLASH_segment_size__)), error: .dtors is too large to fit in FLASH memory segment)
                0x00000000000169c0                __ctors_load_start__ = ALIGN (__dtors_end__, 0x4)

.ctors          0x00000000000169c0        0x0
                0x00000000000169c0                __ctors_start__ = .
 *(SORT_BY_NAME(.ctors.*))
 *(.ctors)
 *(.init_array)
 *(SORT_BY_NAME(.init_array.*))
                0x00000000000169c0                __ctors_end__ = (__ctors_start__ + SIZEOF (.ctors))
                0x0000000000000000                __ctors_size__ = SIZEOF (.ctors)
                0x00000000000169c0                __ctors_load_end__ = __ctors_end__
                0x0000000000000001                . = ASSERT (((__ctors_start__ == __ctors_end__) || ((__ctors_end__ - __FLASH_segment_start__) <= __FLASH_segment_size__)), error: .ctors is too large to fit in FLASH memory segment)
                0x00000000000169c0                __rodata_load_start__ = ALIGN (__ctors_end__, 0x4)

.rodata         0x00000000000169c0     0x1388
                0x00000000000169c0                __rodata_start__ = .
 *(.rodata .rodata.* .gnu.linkonce.r.*)
 .rodata.mempool
                0x00000000000169c0       0x14 Output/Debug/Obj/ant_broadcast_rx_pca10040_s212/nrf_log_frontend.o
 .rodata        0x00000000000169d4       0x7c Output/Debug/Obj/ant_broadcast_rx_pca10040_s212/nrf_log_frontend.o
 .rodata        0x0000000000016a50       0x90 Output/Debug/Obj/ant_broadcast_rx_pca10040_s212/app_error_weak.o
 .rodata        0x0000000000016ae0       0x5d Output/Debug/Obj/ant_broadcast_rx_pca10040_s212/app_util_platform.o
 *fill*         0x0000000000016b3d        0x3 
 .rodata        0x0000000000016b40      0x5e3 Output/Debug/Obj/ant_broadcast_rx_pca10040_s212/hardfault_implementation.o
 *fill*         0x0000000000017123        0x1 
 .rodata        0x0000000000017124       0x60 Output/Debug/Obj/ant_broadcast_rx_pca10040_s212/nrf_balloc.o
 .rodata        0x0000000000017184       0x65 Output/Debug/Obj/ant_broadcast_rx_pca10040_s212/nrf_memobj.o
 *fill*         0x00000000000171e9        0x3 
 .rodata        0x00000000000171ec      0x1b4 Output/Debug/Obj/ant_broadcast_rx_pca10040_s212/nrf_pwr_mgmt.o
 .rodata.pwr_mgmt_data
                0x00000000000173a0        0xc Output/Debug/Obj/ant_broadcast_rx_pca10040_s212/nrf_pwr_mgmt.o
 .rodata.m_pwr_mgmt_timer
                0x00000000000173ac        0x4 Output/Debug/Obj/ant_broadcast_rx_pca10040_s212/nrf_pwr_mgmt.o
 .rodata        0x00000000000173b0       0x71 Output/Debug/Obj/ant_broadcast_rx_pca10040_s212/nrf_section_iter.o
 *fill*         0x0000000000017421        0x3 
 .rodata.m_unknown_str
                0x0000000000017424       0x13 Output/Debug/Obj/ant_broadcast_rx_pca10040_s212/nrf_strerror.o
 *fill*         0x0000000000017437        0x1 
 .rodata        0x0000000000017438      0x308 Output/Debug/Obj/ant_broadcast_rx_pca10040_s212/nrf_strerror.o
 .rodata.nrf_strerror_array
                0x0000000000017740       0xf0 Output/Debug/Obj/ant_broadcast_rx_pca10040_s212/nrf_strerror.o
 .rodata        0x0000000000017830       0x5e Output/Debug/Obj/ant_broadcast_rx_pca10040_s212/nrf_drv_common.o
 *fill*         0x000000000001788e        0x2 
 .rodata        0x0000000000017890       0xa2 Output/Debug/Obj/ant_broadcast_rx_pca10040_s212/nrf_drv_gpiote.o
 *fill*         0x0000000000017932        0x2 
 .rodata        0x0000000000017934       0xa0 Output/Debug/Obj/ant_broadcast_rx_pca10040_s212/nrf_drv_saadc.o
 .rodata.m_default_config
                0x00000000000179d4        0x4 Output/Debug/Obj/ant_broadcast_rx_pca10040_s212/nrf_drv_saadc.o
 .rodata        0x00000000000179d8      0x18c Output/Debug/Obj/ant_broadcast_rx_pca10040_s212/main.o
 .rodata.m_repeated_timer_id
                0x0000000000017b64        0x4 Output/Debug/Obj/ant_broadcast_rx_pca10040_s212/main.o
 .rodata        0x0000000000017b68       0xe4 Output/Debug/Obj/ant_broadcast_rx_pca10040_s212/nrf_sdh.o
 .rodata.sdh_req_observers
                0x0000000000017c4c        0xc Output/Debug/Obj/ant_broadcast_rx_pca10040_s212/nrf_sdh.o
 .rodata.sdh_state_observers
                0x0000000000017c58        0xc Output/Debug/Obj/ant_broadcast_rx_pca10040_s212/nrf_sdh.o
 .rodata.sdh_stack_observers
                0x0000000000017c64        0xc Output/Debug/Obj/ant_broadcast_rx_pca10040_s212/nrf_sdh.o
 .rodata        0x0000000000017c70       0xca Output/Debug/Obj/ant_broadcast_rx_pca10040_s212/nrf_sdh_ant.o
 *fill*         0x0000000000017d3a        0x2 
 .rodata.sdh_ant_observers
                0x0000000000017d3c        0xc Output/Debug/Obj/ant_broadcast_rx_pca10040_s212/nrf_sdh_ant.o
                0x0000000000017d48                __rodata_end__ = (__rodata_start__ + SIZEOF (.rodata))
                0x0000000000001388                __rodata_size__ = SIZEOF (.rodata)
                0x0000000000017d48                __rodata_load_end__ = __rodata_end__

.rel.dyn        0x0000000000017d48        0x0
 .rel.iplt      0x0000000000017d48        0x0 Output/Debug/Obj/ant_broadcast_rx_pca10040_s212/thumb_crt0.o
                0x0000000000000001                . = ASSERT (((__rodata_start__ == __rodata_end__) || ((__rodata_end__ - __FLASH_segment_start__) <= __FLASH_segment_size__)), error: .rodata is too large to fit in FLASH memory segment)
                0x0000000000017d48                __ARM.exidx_load_start__ = ALIGN (__rodata_end__, 0x4)

.ARM.exidx      0x0000000000017d48        0x0
                0x0000000000017d48                __ARM.exidx_start__ = .
                0x0000000000017d48                __exidx_start = __ARM.exidx_start__
 *(.ARM.exidx .ARM.exidx.*)
                0x0000000000017d48                __ARM.exidx_end__ = (__ARM.exidx_start__ + SIZEOF (.ARM.exidx))
                0x0000000000000000                __ARM.exidx_size__ = SIZEOF (.ARM.exidx)
                0x0000000000017d48                __exidx_end = __ARM.exidx_end__
                0x0000000000017d48                __ARM.exidx_load_end__ = __ARM.exidx_end__
                0x0000000000000001                . = ASSERT (((__ARM.exidx_start__ == __ARM.exidx_end__) || ((__ARM.exidx_end__ - __FLASH_segment_start__) <= __FLASH_segment_size__)), error: .ARM.exidx is too large to fit in FLASH memory segment)
                0x0000000000017d48                __fast_load_start__ = ALIGN (__ARM.exidx_end__, 0x4)

.fast           0x0000000020000be0        0x0 load address 0x0000000000017d48
                0x0000000020000be0                __fast_start__ = .
 *(.fast .fast.*)
                0x0000000020000be0                __fast_end__ = (__fast_start__ + SIZEOF (.fast))
                0x0000000000000000                __fast_size__ = SIZEOF (.fast)
                0x0000000000017d48                __fast_load_end__ = (__fast_load_start__ + SIZEOF (.fast))
                0x0000000000000001                . = ASSERT (((__fast_load_start__ == __fast_load_end__) || ((__fast_load_end__ - __FLASH_segment_start__) <= __FLASH_segment_size__)), error: .fast is too large to fit in FLASH memory segment)

.fast_run       0x0000000020000be0        0x0
                0x0000000020000be0                __fast_run_start__ = .
                0x0000000020000be0                __fast_run_end__ = (__fast_run_start__ + SIZEOF (.fast))
                0x0000000000000000                __fast_run_size__ = (__fast_run_end__ - __fast_run_start__)
                0x0000000020000be0                __fast_run_load_end__ = __fast_run_end__
                0x0000000000000001                . = ASSERT (((__fast_run_start__ == __fast_run_end__) || ((__fast_run_end__ - __RAM_segment_start__) <= __RAM_segment_size__)), error: .fast_run is too large to fit in RAM memory segment)
                0x0000000000017d48                __data_load_start__ = ALIGN ((__fast_load_start__ + SIZEOF (.fast)), 0x4)

.data           0x0000000020000be0       0x70 load address 0x0000000000017d48
                0x0000000020000be0                __data_start__ = .
 *(.data .data.* .gnu.linkonce.d.*)
 .data.cfsr_msgs.0
                0x0000000020000be0       0x68 Output/Debug/Obj/ant_broadcast_rx_pca10040_s212/hardfault_implementation.o
 .data.notshown
                0x0000000020000c48        0x4 Output/Debug/Obj/ant_broadcast_rx_pca10040_s212/main.o
                0x0000000020000c48                notshown
 .data.SystemCoreClock
                0x0000000020000c4c        0x4 Output/Debug/Obj/ant_broadcast_rx_pca10040_s212/system_nrf52.o
                0x0000000020000c4c                SystemCoreClock
                0x0000000020000c50                __data_end__ = (__data_start__ + SIZEOF (.data))
                0x0000000000000070                __data_size__ = SIZEOF (.data)
                0x0000000000017db8                __data_load_end__ = (__data_load_start__ + SIZEOF (.data))

.igot.plt       0x0000000100000000        0x0
 .igot.plt      0x0000000100000000        0x0 Output/Debug/Obj/ant_broadcast_rx_pca10040_s212/thumb_crt0.o
                0x0000000000000001                . = ASSERT (((__data_load_start__ == __data_load_end__) || ((__data_load_end__ - __FLASH_segment_start__) <= __FLASH_segment_size__)), error: .data is too large to fit in FLASH memory segment)

.data_run       0x0000000020000be0        0x0
                0x0000000020000be0                __data_run_start__ = .
                0x0000000020000c50                __data_run_end__ = (__data_run_start__ + SIZEOF (.data))
                0x0000000000000070                __data_run_size__ = (__data_run_end__ - __data_run_start__)
                0x0000000020000c50                __data_run_load_end__ = __data_run_end__
                0x0000000000000001                . = ASSERT (((__data_run_start__ == __data_run_end__) || ((__data_run_end__ - __RAM_segment_start__) <= __RAM_segment_size__)), error: .data_run is too large to fit in RAM memory segment)
                0x0000000000017db8                __tdata_load_start__ = ALIGN ((__data_load_start__ + SIZEOF (.data)), 0x4)

.tdata          0x0000000020000c50        0x0 load address 0x0000000000017db8
                0x0000000020000c50                __tdata_start__ = .
 *(.tdata .tdata.*)
                0x0000000020000c50                __tdata_end__ = (__tdata_start__ + SIZEOF (.tdata))
                0x0000000000000000                __tdata_size__ = SIZEOF (.tdata)
                0x0000000000017db8                __tdata_load_end__ = (__tdata_load_start__ + SIZEOF (.tdata))
                0x0000000000017db8                __FLASH_segment_used_end__ = (ALIGN ((__data_load_start__ + SIZEOF (.data)), 0x4) + SIZEOF (.tdata))
                0x0000000000017db8                __FLASH_segment_used_size__ = (__FLASH_segment_used_end__ - __FLASH_segment_start__)
                0x0000000000000001                . = ASSERT (((__tdata_load_start__ == __tdata_load_end__) || ((__tdata_load_end__ - __FLASH_segment_start__) <= __FLASH_segment_size__)), error: .tdata is too large to fit in FLASH memory segment)

.tdata_run      0x0000000020000c50        0x0
                0x0000000020000c50                __tdata_run_start__ = .
                0x0000000020000c50                __tdata_run_end__ = (__tdata_run_start__ + SIZEOF (.tdata))
                0x0000000000000000                __tdata_run_size__ = (__tdata_run_end__ - __tdata_run_start__)
                0x0000000020000c50                __tdata_run_load_end__ = __tdata_run_end__
                0x0000000000000001                . = ASSERT (((__tdata_run_start__ == __tdata_run_end__) || ((__tdata_run_end__ - __RAM_segment_start__) <= __RAM_segment_size__)), error: .tdata_run is too large to fit in RAM memory segment)
                0x0000000020000c50                __bss_load_start__ = ALIGN (__tdata_run_end__, 0x4)

.bss            0x0000000020000c50      0x7d0
                0x0000000020000c50                __bss_start__ = .
 *(.bss .bss.* .gnu.linkonce.b.*)
 .bss.mempool_nrf_balloc_pool_stack
                0x0000000020000c50        0x8 Output/Debug/Obj/ant_broadcast_rx_pca10040_s212/nrf_log_frontend.o
 .bss.mempool_nrf_balloc_pool_mem
                0x0000000020000c58       0xc0 Output/Debug/Obj/ant_broadcast_rx_pca10040_s212/nrf_log_frontend.o
 .bss.mempool_nrf_balloc_cb
                0x0000000020000d18        0x8 Output/Debug/Obj/ant_broadcast_rx_pca10040_s212/nrf_log_frontend.o
 .bss.m_log_data
                0x0000000020000d20      0x420 Output/Debug/Obj/ant_broadcast_rx_pca10040_s212/nrf_log_frontend.o
 .bss.m_error_data.0
                0x0000000020001140       0x20 Output/Debug/Obj/ant_broadcast_rx_pca10040_s212/app_error.o
 .bss.m_op_queue
                0x0000000020001160      0x10c Output/Debug/Obj/ant_broadcast_rx_pca10040_s212/app_timer.o
 .bss.mp_timer_id_head
                0x000000002000126c        0x4 Output/Debug/Obj/ant_broadcast_rx_pca10040_s212/app_timer.o
 .bss.m_ticks_latest
                0x0000000020001270        0x4 Output/Debug/Obj/ant_broadcast_rx_pca10040_s212/app_timer.o
 .bss.m_ticks_elapsed
                0x0000000020001274        0x8 Output/Debug/Obj/ant_broadcast_rx_pca10040_s212/app_timer.o
 .bss.m_ticks_elapsed_q_read_ind
                0x000000002000127c        0x1 Output/Debug/Obj/ant_broadcast_rx_pca10040_s212/app_timer.o
 .bss.m_ticks_elapsed_q_write_ind
                0x000000002000127d        0x1 Output/Debug/Obj/ant_broadcast_rx_pca10040_s212/app_timer.o
 .bss.m_rtc1_running
                0x000000002000127e        0x1 Output/Debug/Obj/ant_broadcast_rx_pca10040_s212/app_timer.o
 .bss.m_rtc1_reset
                0x000000002000127f        0x1 Output/Debug/Obj/ant_broadcast_rx_pca10040_s212/app_timer.o
 .bss.nrf_nvic_state
                0x0000000020001280        0xc Output/Debug/Obj/ant_broadcast_rx_pca10040_s212/app_util_platform.o
                0x0000000020001280                nrf_nvic_state
 .bss.m_sysoff_mtx
                0x000000002000128c        0x4 Output/Debug/Obj/ant_broadcast_rx_pca10040_s212/nrf_pwr_mgmt.o
 .bss.m_shutdown_started
                0x0000000020001290        0x1 Output/Debug/Obj/ant_broadcast_rx_pca10040_s212/nrf_pwr_mgmt.o
 *fill*         0x0000000020001291        0x3 
 .bss.m_handlers_iter
                0x0000000020001294        0x8 Output/Debug/Obj/ant_broadcast_rx_pca10040_s212/nrf_pwr_mgmt.o
 .bss.m_ticks_sleeping
                0x000000002000129c        0x4 Output/Debug/Obj/ant_broadcast_rx_pca10040_s212/nrf_pwr_mgmt.o
 .bss.m_ticks_last
                0x00000000200012a0        0x4 Output/Debug/Obj/ant_broadcast_rx_pca10040_s212/nrf_pwr_mgmt.o
 .bss.m_max_cpu_usage
                0x00000000200012a4        0x1 Output/Debug/Obj/ant_broadcast_rx_pca10040_s212/nrf_pwr_mgmt.o
 *fill*         0x00000000200012a5        0x3 
 .bss.m_pwr_mgmt_timer_data
                0x00000000200012a8       0x20 Output/Debug/Obj/ant_broadcast_rx_pca10040_s212/nrf_pwr_mgmt.o
 .bss.m_cb      0x00000000200012c8       0x58 Output/Debug/Obj/ant_broadcast_rx_pca10040_s212/nrf_drv_gpiote.o
 .bss.m_cb      0x0000000020001320       0x30 Output/Debug/Obj/ant_broadcast_rx_pca10040_s212/nrf_drv_saadc.o
 .bss.m_repeated_timer_id_data
                0x0000000020001350       0x20 Output/Debug/Obj/ant_broadcast_rx_pca10040_s212/main.o
 .bss.count     0x0000000020001370        0x4 Output/Debug/Obj/ant_broadcast_rx_pca10040_s212/main.o
                0x0000000020001370                count
 .bss.stato     0x0000000020001374        0x4 Output/Debug/Obj/ant_broadcast_rx_pca10040_s212/main.o
                0x0000000020001374                stato
 .bss.i         0x0000000020001378        0x4 Output/Debug/Obj/ant_broadcast_rx_pca10040_s212/main.o
                0x0000000020001378                i
 .bss.quat      0x000000002000137c       0x10 Output/Debug/Obj/ant_broadcast_rx_pca10040_s212/main.o
                0x000000002000137c                quat
 .bss.cal_rec   0x000000002000138c        0x4 Output/Debug/Obj/ant_broadcast_rx_pca10040_s212/main.o
                0x000000002000138c                cal_rec
 .bss.flag_cal  0x0000000020001390        0x4 Output/Debug/Obj/ant_broadcast_rx_pca10040_s212/main.o
                0x0000000020001390                flag_cal
 .bss.sample    0x0000000020001394        0x2 Output/Debug/Obj/ant_broadcast_rx_pca10040_s212/main.o
                0x0000000020001394                sample
 *fill*         0x0000000020001396        0x2 
 .bss.err_code  0x0000000020001398        0x4 Output/Debug/Obj/ant_broadcast_rx_pca10040_s212/main.o
                0x0000000020001398                err_code
 .bss.m_nrf_sdh_enabled
                0x000000002000139c        0x1 Output/Debug/Obj/ant_broadcast_rx_pca10040_s212/nrf_sdh.o
 .bss.m_nrf_sdh_suspended
                0x000000002000139d        0x1 Output/Debug/Obj/ant_broadcast_rx_pca10040_s212/nrf_sdh.o
 .bss.m_nrf_sdh_continue
                0x000000002000139e        0x1 Output/Debug/Obj/ant_broadcast_rx_pca10040_s212/nrf_sdh.o
 *fill*         0x000000002000139f        0x1 
 .bss.m_ant_stack_buffer
                0x00000000200013a0       0x80 Output/Debug/Obj/ant_broadcast_rx_pca10040_s212/nrf_sdh_ant.o
 *(COMMON)
                0x0000000020001420                __bss_end__ = (__bss_start__ + SIZEOF (.bss))
                0x00000000000007d0                __bss_size__ = SIZEOF (.bss)
                0x0000000020001420                __bss_load_end__ = __bss_end__
                0x0000000000000001                . = ASSERT (((__bss_start__ == __bss_end__) || ((__bss_end__ - __RAM_segment_start__) <= __RAM_segment_size__)), error: .bss is too large to fit in RAM memory segment)
                0x0000000020001420                __tbss_load_start__ = ALIGN (__bss_end__, 0x4)

.tbss           0x0000000020001420        0x0
                0x0000000020001420                __tbss_start__ = .
 *(.tbss .tbss.*)
                0x0000000020001420                __tbss_end__ = (__tbss_start__ + SIZEOF (.tbss))
                0x0000000000000000                __tbss_size__ = SIZEOF (.tbss)
                0x0000000020001420                __tbss_load_end__ = __tbss_end__
                0x0000000000000001                . = ASSERT (((__tbss_start__ == __tbss_end__) || ((__tbss_end__ - __RAM_segment_start__) <= __RAM_segment_size__)), error: .tbss is too large to fit in RAM memory segment)
                0x0000000020001420                __non_init_load_start__ = ALIGN (__tbss_end__, 0x4)

.non_init       0x0000000020001420        0x0
                0x0000000020001420                __non_init_start__ = .
 *(.non_init .non_init.*)
                0x0000000020001420                __non_init_end__ = (__non_init_start__ + SIZEOF (.non_init))
                0x0000000000000000                __non_init_size__ = SIZEOF (.non_init)
                0x0000000020001420                __non_init_load_end__ = __non_init_end__
                0x0000000000000001                . = ASSERT (((__non_init_start__ == __non_init_end__) || ((__non_init_end__ - __RAM_segment_start__) <= __RAM_segment_size__)), error: .non_init is too large to fit in RAM memory segment)
                0x0000000020001420                __heap_load_start__ = ALIGN (__non_init_end__, 0x4)

.heap           0x0000000020001420      0x200
                0x0000000020001420                __heap_start__ = .
 *(.heap .heap.*)
                0x0000000020001620                . = ALIGN (MAX ((__heap_start__ + __HEAPSIZE__), .), 0x4)
 *fill*         0x0000000020001420      0x200 
                0x0000000020001620                __heap_end__ = (__heap_start__ + SIZEOF (.heap))
                0x0000000000000200                __heap_size__ = SIZEOF (.heap)
                0x0000000020001620                __heap_load_end__ = __heap_end__
                0x0000000000000001                . = ASSERT (((__heap_start__ == __heap_end__) || ((__heap_end__ - __RAM_segment_start__) <= __RAM_segment_size__)), error: .heap is too large to fit in RAM memory segment)
                0x000000002000f800                __stack_load_start__ = (__RAM_segment_start__ + (__RAM_segment_size__ - 0x800))

.stack          0x000000002000f800      0x800
                0x000000002000f800                __stack_start__ = .
                0x000000002000f800                __StackLimit = __stack_start__
 *(.stack .stack.*)
                0x0000000020010000                . = ALIGN (MAX ((__stack_start__ + __STACKSIZE__), .), 0x8)
 *fill*         0x000000002000f800      0x800 
                0x0000000020010000                __stack_end__ = (__stack_start__ + SIZEOF (.stack))
                0x0000000000000800                __stack_size__ = SIZEOF (.stack)
                0x0000000020010000                __StackTop = __stack_end__
                0x0000000020010000                __stack_load_end__ = __stack_end__
                0x0000000000000001                . = ASSERT (((__stack_start__ == __stack_end__) || ((__stack_end__ - __RAM_segment_start__) <= __RAM_segment_size__)), error: .stack is too large to fit in RAM memory segment)
                0x0000000000000001                . = ASSERT ((__heap_end__ <= __stack_start__), error: section .heap overlaps absolute placed section .stack)
                0x0000000020010000                __stack_process_load_start__ = ALIGN (__stack_end__, 0x8)

.stack_process  0x0000000020010000        0x0
                0x0000000020010000                __stack_process_start__ = .
 *(.stack_process .stack_process.*)
                0x0000000020010000                . = ALIGN (MAX ((__stack_process_start__ + __STACKSIZE_PROCESS__), .), 0x8)
                0x0000000020010000                __stack_process_end__ = (__stack_process_start__ + SIZEOF (.stack_process))
                0x0000000000000000                __stack_process_size__ = SIZEOF (.stack_process)
                0x0000000020010000                __stack_process_load_end__ = __stack_process_end__
                0x0000000020010000                __RAM_segment_used_end__ = (ALIGN (__stack_end__, 0x8) + SIZEOF (.stack_process))
                0x0000000000010000                __RAM_segment_used_size__ = (__RAM_segment_used_end__ - __RAM_segment_start__)
                0x0000000000000001                . = ASSERT (((__stack_process_start__ == __stack_process_end__) || ((__stack_process_end__ - __RAM_segment_start__) <= __RAM_segment_size__)), error: .stack_process is too large to fit in RAM memory segment)
START GROUP
LOAD Output/Debug/Obj/ant_broadcast_rx_pca10040_s212/thumb_crt0.o
LOAD Output/Debug/Obj/ant_broadcast_rx_pca10040_s212/nrf_log_frontend.o
LOAD Output/Debug/Obj/ant_broadcast_rx_pca10040_s212/boards.o
LOAD Output/Debug/Obj/ant_broadcast_rx_pca10040_s212/app_button.o
LOAD Output/Debug/Obj/ant_broadcast_rx_pca10040_s212/app_error.o
LOAD Output/Debug/Obj/ant_broadcast_rx_pca10040_s212/app_error_weak.o
LOAD Output/Debug/Obj/ant_broadcast_rx_pca10040_s212/app_scheduler.o
LOAD Output/Debug/Obj/ant_broadcast_rx_pca10040_s212/app_timer.o
LOAD Output/Debug/Obj/ant_broadcast_rx_pca10040_s212/app_util_platform.o
LOAD Output/Debug/Obj/ant_broadcast_rx_pca10040_s212/hardfault_handler_gcc.o
LOAD Output/Debug/Obj/ant_broadcast_rx_pca10040_s212/hardfault_implementation.o
LOAD Output/Debug/Obj/ant_broadcast_rx_pca10040_s212/nrf_assert.o
LOAD Output/Debug/Obj/ant_broadcast_rx_pca10040_s212/nrf_balloc.o
LOAD Output/Debug/Obj/ant_broadcast_rx_pca10040_s212/nrf_memobj.o
LOAD Output/Debug/Obj/ant_broadcast_rx_pca10040_s212/nrf_pwr_mgmt.o
LOAD Output/Debug/Obj/ant_broadcast_rx_pca10040_s212/nrf_section_iter.o
LOAD Output/Debug/Obj/ant_broadcast_rx_pca10040_s212/nrf_strerror.o
LOAD Output/Debug/Obj/ant_broadcast_rx_pca10040_s212/app_simple_timer.o
LOAD Output/Debug/Obj/ant_broadcast_rx_pca10040_s212/nrf_log_default_backends.o
LOAD Output/Debug/Obj/ant_broadcast_rx_pca10040_s212/nrf_drv_common.o
LOAD Output/Debug/Obj/ant_broadcast_rx_pca10040_s212/nrf_drv_gpiote.o
LOAD Output/Debug/Obj/ant_broadcast_rx_pca10040_s212/nrf_drv_saadc.o
LOAD Output/Debug/Obj/ant_broadcast_rx_pca10040_s212/nrf_drv_clock.o
LOAD Output/Debug/Obj/ant_broadcast_rx_pca10040_s212/nrf_saadc.o
LOAD Output/Debug/Obj/ant_broadcast_rx_pca10040_s212/ant_channel_config.o
LOAD Output/Debug/Obj/ant_broadcast_rx_pca10040_s212/bsp.o
LOAD Output/Debug/Obj/ant_broadcast_rx_pca10040_s212/bsp_nfc.o
LOAD Output/Debug/Obj/ant_broadcast_rx_pca10040_s212/main.o
LOAD Output/Debug/Obj/ant_broadcast_rx_pca10040_s212/ses_nRF_Startup.o
LOAD Output/Debug/Obj/ant_broadcast_rx_pca10040_s212/ses_nrf52_Vectors.o
LOAD Output/Debug/Obj/ant_broadcast_rx_pca10040_s212/system_nrf52.o
LOAD Output/Debug/Obj/ant_broadcast_rx_pca10040_s212/nrf_sdh.o
LOAD Output/Debug/Obj/ant_broadcast_rx_pca10040_s212/nrf_sdh_ant.o
LOAD C:/Program Files/SEGGER/SEGGER Embedded Studio for ARM 5.70a/lib/libm_v7em_fpv4_sp_d16_hard_t_le_eabi.a
LOAD C:/Program Files/SEGGER/SEGGER Embedded Studio for ARM 5.70a/lib/libc_v7em_fpv4_sp_d16_hard_t_le_eabi.a
LOAD C:/Program Files/SEGGER/SEGGER Embedded Studio for ARM 5.70a/lib/libdebugio_v7em_fpv4_sp_d16_hard_t_le_eabi.a
END GROUP
OUTPUT(Output/Debug/Exe/ant_broadcast_rx_pca10040_s212.elf elf32-littlearm)
LOAD linker stubs

.ARM.attributes
                0x0000000000000000       0x32
 .ARM.attributes
                0x0000000000000000       0x20 Output/Debug/Obj/ant_broadcast_rx_pca10040_s212/thumb_crt0.o
 .ARM.attributes
                0x0000000000000020       0x36 Output/Debug/Obj/ant_broadcast_rx_pca10040_s212/nrf_log_frontend.o
 .ARM.attributes
                0x0000000000000056       0x36 Output/Debug/Obj/ant_broadcast_rx_pca10040_s212/app_error.o
 .ARM.attributes
                0x000000000000008c       0x36 Output/Debug/Obj/ant_broadcast_rx_pca10040_s212/app_error_weak.o
 .ARM.attributes
                0x00000000000000c2       0x36 Output/Debug/Obj/ant_broadcast_rx_pca10040_s212/app_timer.o
 .ARM.attributes
                0x00000000000000f8       0x36 Output/Debug/Obj/ant_broadcast_rx_pca10040_s212/app_util_platform.o
 .ARM.attributes
                0x000000000000012e       0x36 Output/Debug/Obj/ant_broadcast_rx_pca10040_s212/hardfault_handler_gcc.o
 .ARM.attributes
                0x0000000000000164       0x36 Output/Debug/Obj/ant_broadcast_rx_pca10040_s212/hardfault_implementation.o
 .ARM.attributes
                0x000000000000019a       0x36 Output/Debug/Obj/ant_broadcast_rx_pca10040_s212/nrf_assert.o
 .ARM.attributes
                0x00000000000001d0       0x36 Output/Debug/Obj/ant_broadcast_rx_pca10040_s212/nrf_balloc.o
 .ARM.attributes
                0x0000000000000206       0x36 Output/Debug/Obj/ant_broadcast_rx_pca10040_s212/nrf_memobj.o
 .ARM.attributes
                0x000000000000023c       0x36 Output/Debug/Obj/ant_broadcast_rx_pca10040_s212/nrf_pwr_mgmt.o
 .ARM.attributes
                0x0000000000000272       0x36 Output/Debug/Obj/ant_broadcast_rx_pca10040_s212/nrf_section_iter.o
 .ARM.attributes
                0x00000000000002a8       0x36 Output/Debug/Obj/ant_broadcast_rx_pca10040_s212/nrf_strerror.o
 .ARM.attributes
                0x00000000000002de       0x36 Output/Debug/Obj/ant_broadcast_rx_pca10040_s212/nrf_log_default_backends.o
 .ARM.attributes
                0x0000000000000314       0x36 Output/Debug/Obj/ant_broadcast_rx_pca10040_s212/nrf_drv_common.o
 .ARM.attributes
                0x000000000000034a       0x36 Output/Debug/Obj/ant_broadcast_rx_pca10040_s212/nrf_drv_gpiote.o
 .ARM.attributes
                0x0000000000000380       0x36 Output/Debug/Obj/ant_broadcast_rx_pca10040_s212/nrf_drv_saadc.o
 .ARM.attributes
                0x00000000000003b6       0x36 Output/Debug/Obj/ant_broadcast_rx_pca10040_s212/nrf_saadc.o
 .ARM.attributes
                0x00000000000003ec       0x36 Output/Debug/Obj/ant_broadcast_rx_pca10040_s212/ant_channel_config.o
 .ARM.attributes
                0x0000000000000422       0x36 Output/Debug/Obj/ant_broadcast_rx_pca10040_s212/main.o
 .ARM.attributes
                0x0000000000000458       0x20 Output/Debug/Obj/ant_broadcast_rx_pca10040_s212/ses_nRF_Startup.o
 .ARM.attributes
                0x0000000000000478       0x20 Output/Debug/Obj/ant_broadcast_rx_pca10040_s212/ses_nrf52_Vectors.o
 .ARM.attributes
                0x0000000000000498       0x36 Output/Debug/Obj/ant_broadcast_rx_pca10040_s212/system_nrf52.o
 .ARM.attributes
                0x00000000000004ce       0x36 Output/Debug/Obj/ant_broadcast_rx_pca10040_s212/nrf_sdh.o
 .ARM.attributes
                0x0000000000000504       0x36 Output/Debug/Obj/ant_broadcast_rx_pca10040_s212/nrf_sdh_ant.o
 .ARM.attributes
                0x000000000000053a       0x20 C:/Program Files/SEGGER/SEGGER Embedded Studio for ARM 5.70a/lib/libc_v7em_fpv4_sp_d16_hard_t_le_eabi.a(libc2_asm.o)

.comment        0x0000000000000000       0x3f
 .comment       0x0000000000000000       0x3f Output/Debug/Obj/ant_broadcast_rx_pca10040_s212/nrf_log_frontend.o
                                         0x40 (size before relaxing)
 .comment       0x000000000000003f       0x40 Output/Debug/Obj/ant_broadcast_rx_pca10040_s212/app_error.o
 .comment       0x000000000000003f       0x40 Output/Debug/Obj/ant_broadcast_rx_pca10040_s212/app_error_weak.o
 .comment       0x000000000000003f       0x40 Output/Debug/Obj/ant_broadcast_rx_pca10040_s212/app_timer.o
 .comment       0x000000000000003f       0x40 Output/Debug/Obj/ant_broadcast_rx_pca10040_s212/app_util_platform.o
 .comment       0x000000000000003f       0x40 Output/Debug/Obj/ant_broadcast_rx_pca10040_s212/hardfault_handler_gcc.o
 .comment       0x000000000000003f       0x40 Output/Debug/Obj/ant_broadcast_rx_pca10040_s212/hardfault_implementation.o
 .comment       0x000000000000003f       0x40 Output/Debug/Obj/ant_broadcast_rx_pca10040_s212/nrf_assert.o
 .comment       0x000000000000003f       0x40 Output/Debug/Obj/ant_broadcast_rx_pca10040_s212/nrf_balloc.o
 .comment       0x000000000000003f       0x40 Output/Debug/Obj/ant_broadcast_rx_pca10040_s212/nrf_memobj.o
 .comment       0x000000000000003f       0x40 Output/Debug/Obj/ant_broadcast_rx_pca10040_s212/nrf_pwr_mgmt.o
 .comment       0x000000000000003f       0x40 Output/Debug/Obj/ant_broadcast_rx_pca10040_s212/nrf_section_iter.o
 .comment       0x000000000000003f       0x40 Output/Debug/Obj/ant_broadcast_rx_pca10040_s212/nrf_strerror.o
 .comment       0x000000000000003f       0x40 Output/Debug/Obj/ant_broadcast_rx_pca10040_s212/nrf_log_default_backends.o
 .comment       0x000000000000003f       0x40 Output/Debug/Obj/ant_broadcast_rx_pca10040_s212/nrf_drv_common.o
 .comment       0x000000000000003f       0x40 Output/Debug/Obj/ant_broadcast_rx_pca10040_s212/nrf_drv_gpiote.o
 .comment       0x000000000000003f       0x40 Output/Debug/Obj/ant_broadcast_rx_pca10040_s212/nrf_drv_saadc.o
 .comment       0x000000000000003f       0x40 Output/Debug/Obj/ant_broadcast_rx_pca10040_s212/nrf_saadc.o
 .comment       0x000000000000003f       0x40 Output/Debug/Obj/ant_broadcast_rx_pca10040_s212/ant_channel_config.o
 .comment       0x000000000000003f       0x40 Output/Debug/Obj/ant_broadcast_rx_pca10040_s212/main.o
 .comment       0x000000000000003f       0x40 Output/Debug/Obj/ant_broadcast_rx_pca10040_s212/system_nrf52.o
 .comment       0x000000000000003f       0x40 Output/Debug/Obj/ant_broadcast_rx_pca10040_s212/nrf_sdh.o
 .comment       0x000000000000003f       0x40 Output/Debug/Obj/ant_broadcast_rx_pca10040_s212/nrf_sdh_ant.o

.debug_line     0x0000000000000000     0xfac0
 .debug_line    0x0000000000000000      0x21f Output/Debug/Obj/ant_broadcast_rx_pca10040_s212/thumb_crt0.o
 .debug_line    0x000000000000021f     0x1385 Output/Debug/Obj/ant_broadcast_rx_pca10040_s212/nrf_log_frontend.o
 .debug_line    0x00000000000015a4      0x3b9 Output/Debug/Obj/ant_broadcast_rx_pca10040_s212/app_error.o
 .debug_line    0x000000000000195d      0xa29 Output/Debug/Obj/ant_broadcast_rx_pca10040_s212/app_error_weak.o
 .debug_line    0x0000000000002386     0x1056 Output/Debug/Obj/ant_broadcast_rx_pca10040_s212/app_timer.o
 .debug_line    0x00000000000033dc      0x91e Output/Debug/Obj/ant_broadcast_rx_pca10040_s212/app_util_platform.o
 .debug_line    0x0000000000003cfa      0x37d Output/Debug/Obj/ant_broadcast_rx_pca10040_s212/hardfault_handler_gcc.o
 .debug_line    0x0000000000004077      0xaa9 Output/Debug/Obj/ant_broadcast_rx_pca10040_s212/hardfault_implementation.o
 .debug_line    0x0000000000004b20      0x31c Output/Debug/Obj/ant_broadcast_rx_pca10040_s212/nrf_assert.o
 .debug_line    0x0000000000004e3c      0x9f3 Output/Debug/Obj/ant_broadcast_rx_pca10040_s212/nrf_balloc.o
 .debug_line    0x000000000000582f      0xa06 Output/Debug/Obj/ant_broadcast_rx_pca10040_s212/nrf_memobj.o
 .debug_line    0x0000000000006235      0xf10 Output/Debug/Obj/ant_broadcast_rx_pca10040_s212/nrf_pwr_mgmt.o
 .debug_line    0x0000000000007145      0x467 Output/Debug/Obj/ant_broadcast_rx_pca10040_s212/nrf_section_iter.o
 .debug_line    0x00000000000075ac      0x3cc Output/Debug/Obj/ant_broadcast_rx_pca10040_s212/nrf_strerror.o
 .debug_line    0x0000000000007978      0x8d4 Output/Debug/Obj/ant_broadcast_rx_pca10040_s212/nrf_log_default_backends.o
 .debug_line    0x000000000000824c      0x894 Output/Debug/Obj/ant_broadcast_rx_pca10040_s212/nrf_drv_common.o
 .debug_line    0x0000000000008ae0     0x186b Output/Debug/Obj/ant_broadcast_rx_pca10040_s212/nrf_drv_gpiote.o
 .debug_line    0x000000000000a34b     0x11d0 Output/Debug/Obj/ant_broadcast_rx_pca10040_s212/nrf_drv_saadc.o