Component: ARM Compiler 5.06 update 7 (build 960) Tool: armlink [4d3601]

==============================================================================

Section Cross References

    main.o(i.MadgwickQuaternionUpdate) refers to sqrt.o(i.__hardfp_sqrt) for __hardfp_sqrt
    main.o(i.MadgwickQuaternionUpdate) refers to sqrtf.o(i.__hardfp_sqrtf) for __hardfp_sqrtf
    main.o(i.MadgwickQuaternionUpdate) refers to f2d.o(.text) for __aeabi_f2d
    main.o(i.MadgwickQuaternionUpdate) refers to d2f.o(.text) for __aeabi_d2f
    main.o(i.MadgwickQuaternionUpdate) refers to main.o(.data) for .data
    main.o(i.ant_evt_handler) refers to nrf_log_frontend.o(i.nrf_log_frontend_std_0) for nrf_log_frontend_std_0
    main.o(i.ant_evt_handler) refers to main.o(i.calibrazione) for calibrazione
    main.o(i.ant_evt_handler) refers to nrf_nvmc.o(i.nrf_nvmc_page_erase) for nrf_nvmc_page_erase
    main.o(i.ant_evt_handler) refers to nrf_nvmc.o(i.nrf_nvmc_write_words) for nrf_nvmc_write_words
    main.o(i.ant_evt_handler) refers to app_error.o(i.app_error_handler_bare) for app_error_handler_bare
    main.o(i.ant_evt_handler) refers to main.o(.data) for .data
    main.o(i.ant_evt_handler) refers to nrf_log_frontend.o(log_dynamic_data) for m_nrf_log_app_logs_data_dynamic
    main.o(i.ant_send) refers to app_error.o(i.app_error_handler_bare) for app_error_handler_bare
    main.o(i.ant_send) refers to nrf_log_frontend.o(i.nrf_log_frontend_std_2) for nrf_log_frontend_std_2
    main.o(i.ant_send) refers to nrf_log_frontend.o(log_dynamic_data) for m_nrf_log_app_logs_data_dynamic
    main.o(i.calibrazione) refers to app_icm20948.o(i.app_icm_read_accel) for app_icm_read_accel
    main.o(i.calibrazione) refers to app_error.o(i.app_error_handler_bare) for app_error_handler_bare
    main.o(i.calibrazione) refers to dflti.o(.text) for __aeabi_i2d
    main.o(i.calibrazione) refers to dmul.o(.text) for __aeabi_dmul
    main.o(i.calibrazione) refers to f2d.o(.text) for __aeabi_f2d
    main.o(i.calibrazione) refers to dadd.o(.text) for __aeabi_dadd
    main.o(i.calibrazione) refers to d2f.o(.text) for __aeabi_d2f
    main.o(i.calibrazione) refers to app_icm20948.o(i.app_icm_read_gyro) for app_icm_read_gyro
    main.o(i.calibrazione) refers to ddiv.o(.text) for __aeabi_ddiv
    main.o(i.calibrazione) refers to app_icm20948.o(i.app_icm_read_magnetometer) for app_icm_read_magnetometer
    main.o(i.calibrazione) refers to main.o(.data) for .data
    main.o(i.calibrazione) refers to system_nrf52.o(.data) for SystemCoreClock
    main.o(i.icm_init) refers to app_icm20948.o(i.app_icm_init) for app_icm_init
    main.o(i.icm_init) refers to app_error.o(i.app_error_handler_bare) for app_error_handler_bare
    main.o(i.icm_init) refers to app_icm20948.o(i.ICM20948_reset) for ICM20948_reset
    main.o(i.icm_init) refers to app_icm20948.o(i.ICM20948_selectAutoClockSource) for ICM20948_selectAutoClockSource
    main.o(i.icm_init) refers to app_icm20948.o(i.ICM20948_enableAccelGyro) for ICM20948_enableAccelGyro
    main.o(i.icm_init) refers to app_icm20948.o(i.ICM20948_configAccel) for ICM20948_configAccel
    main.o(i.icm_init) refers to app_icm20948.o(i.ICM20948_configGyro) for ICM20948_configGyro
    main.o(i.icm_init) refers to app_icm20948.o(i.ICM20948_setGyroSrd) for ICM20948_setGyroSrd
    main.o(i.icm_init) refers to app_icm20948.o(i.ICM20948_setAccelSrd) for ICM20948_setAccelSrd
    main.o(i.icm_init) refers to app_icm20948.o(i.ICM20948_resetMag) for ICM20948_resetMag
    main.o(i.icm_init) refers to app_icm20948.o(i.app_icm_magnetometer_init) for app_icm_magnetometer_init
    main.o(i.icm_init) refers to nrf_log_frontend.o(i.nrf_log_frontend_std_1) for nrf_log_frontend_std_1
    main.o(i.icm_init) refers to nrf_log_frontend.o(log_dynamic_data) for m_nrf_log_app_logs_data_dynamic
    main.o(i.leggi_calib_flash) refers to nrf_nvmc.o(i.nrf_nvmc_page_erase) for nrf_nvmc_page_erase
    main.o(i.leggi_calib_flash) refers to nrf_nvmc.o(i.nrf_nvmc_write_words) for nrf_nvmc_write_words
    main.o(i.leggi_calib_flash) refers to main.o(.data) for .data
    main.o(i.main) refers to nrf_log_frontend.o(i.nrf_log_init) for nrf_log_init
    main.o(i.main) refers to app_error.o(i.app_error_handler_bare) for app_error_handler_bare
    main.o(i.main) refers to nrf_log_default_backends.o(i.nrf_log_default_backends_init) for nrf_log_default_backends_init
    main.o(i.main) refers to nrf_sdh.o(i.nrf_sdh_enable_request) for nrf_sdh_enable_request
    main.o(i.main) refers to nrf_sdh_ant.o(i.nrf_sdh_ant_enable) for nrf_sdh_ant_enable
    main.o(i.main) refers to ant_channel_config.o(i.ant_channel_init) for ant_channel_init
    main.o(i.main) refers to app_icm20948.o(i.app_icm_init) for app_icm_init
    main.o(i.main) refers to app_icm20948.o(i.ICM20948_reset) for ICM20948_reset
    main.o(i.main) refers to app_icm20948.o(i.ICM20948_selectAutoClockSource) for ICM20948_selectAutoClockSource
[...]
    ..\\..\\..\\..\\..\\..\\..\\components\\drivers_nrf\\rtc\\nrf_drv_rtc.c 0x00000000   Number         0  nrf_drv_rtc.o ABSOLUTE
    ..\\..\\..\\..\\..\\..\\..\\components\\drivers_nrf\\saadc\\nrf_drv_saadc.c 0x00000000   Number         0  nrf_drv_saadc.o ABSOLUTE
    ..\\..\\..\\..\\..\\..\\..\\components\\drivers_nrf\\spi_master\\nrf_drv_spi.c 0x00000000   Number         0  nrf_drv_spi.o ABSOLUTE
    ..\\..\\..\\..\\..\\..\\..\\components\\drivers_nrf\\swi\\nrf_drv_swi.c 0x00000000   Number         0  nrf_drv_swi.o ABSOLUTE
    ..\\..\\..\\..\\..\\..\\..\\components\\drivers_nrf\\timer\\nrf_drv_timer.c 0x00000000   Number         0  nrf_drv_timer.o ABSOLUTE
    ..\\..\\..\\..\\..\\..\\..\\components\\drivers_nrf\\twi_master\\nrf_drv_twi.c 0x00000000   Number         0  nrf_drv_twi.o ABSOLUTE
    ..\\..\\..\\..\\..\\..\\..\\components\\drivers_nrf\\uart\\nrf_drv_uart.c 0x00000000   Number         0  nrf_drv_uart.o ABSOLUTE
    ..\\..\\..\\..\\..\\..\\..\\components\\libraries\\balloc\\nrf_balloc.c 0x00000000   Number         0  nrf_balloc.o ABSOLUTE
    ..\\..\\..\\..\\..\\..\\..\\components\\libraries\\bsp\\bsp.c 0x00000000   Number         0  bsp.o ABSOLUTE
    ..\\..\\..\\..\\..\\..\\..\\components\\libraries\\bsp\\bsp_nfc.c 0x00000000   Number         0  bsp_nfc.o ABSOLUTE
    ..\\..\\..\\..\\..\\..\\..\\components\\libraries\\button\\app_button.c 0x00000000   Number         0  app_button.o ABSOLUTE
    ..\\..\\..\\..\\..\\..\\..\\components\\libraries\\crc16\\crc16.c 0x00000000   Number         0  crc16.o ABSOLUTE
    ..\\..\\..\\..\\..\\..\\..\\components\\libraries\\experimental_log\\src\\nrf_log_backend_rtt.c 0x00000000   Number         0  nrf_log_backend_rtt.o ABSOLUTE
    ..\\..\\..\\..\\..\\..\\..\\components\\libraries\\experimental_log\\src\\nrf_log_backend_serial.c 0x00000000   Number         0  nrf_log_backend_serial.o ABSOLUTE
    ..\\..\\..\\..\\..\\..\\..\\components\\libraries\\experimental_log\\src\\nrf_log_backend_uart.c 0x00000000   Number         0  nrf_log_backend_uart.o ABSOLUTE
    ..\\..\\..\\..\\..\\..\\..\\components\\libraries\\experimental_log\\src\\nrf_log_default_backends.c 0x00000000   Number         0  nrf_log_default_backends.o ABSOLUTE
    ..\\..\\..\\..\\..\\..\\..\\components\\libraries\\experimental_log\\src\\nrf_log_frontend.c 0x00000000   Number         0  nrf_log_frontend.o ABSOLUTE
    ..\\..\\..\\..\\..\\..\\..\\components\\libraries\\experimental_log\\src\\nrf_log_str_formatter.c 0x00000000   Number         0  nrf_log_str_formatter.o ABSOLUTE
    ..\\..\\..\\..\\..\\..\\..\\components\\libraries\\experimental_memobj\\nrf_memobj.c 0x00000000   Number         0  nrf_memobj.o ABSOLUTE
    ..\\..\\..\\..\\..\\..\\..\\components\\libraries\\experimental_ringbuf\\nrf_ringbuf.c 0x00000000   Number         0  nrf_ringbuf.o ABSOLUTE
    ..\\..\\..\\..\\..\\..\\..\\components\\libraries\\experimental_section_vars\\nrf_section_iter.c 0x00000000   Number         0  nrf_section_iter.o ABSOLUTE
    ..\\..\\..\\..\\..\\..\\..\\components\\libraries\\fifo\\app_fifo.c 0x00000000   Number         0  app_fifo.o ABSOLUTE
    ..\\..\\..\\..\\..\\..\\..\\components\\libraries\\gpiote\\app_gpiote.c 0x00000000   Number         0  app_gpiote.o ABSOLUTE
    ..\\..\\..\\..\\..\\..\\..\\components\\libraries\\hardfault\\hardfault_implementation.c 0x00000000   Number         0  hardfault_implementation.o ABSOLUTE
    ..\\..\\..\\..\\..\\..\\..\\components\\libraries\\hardfault\\nrf52\\handler\\hardfault_handler_keil.c 0x00000000   Number         0  hardfault_handler_keil.o ABSOLUTE
    ..\\..\\..\\..\\..\\..\\..\\components\\libraries\\mem_manager\\mem_manager.c 0x00000000   Number         0  mem_manager.o ABSOLUTE
    ..\\..\\..\\..\\..\\..\\..\\components\\libraries\\pwr_mgmt\\nrf_pwr_mgmt.c 0x00000000   Number         0  nrf_pwr_mgmt.o ABSOLUTE
    ..\\..\\..\\..\\..\\..\\..\\components\\libraries\\queue\\nrf_queue.c 0x00000000   Number         0  nrf_queue.o ABSOLUTE
    ..\\..\\..\\..\\..\\..\\..\\components\\libraries\\scheduler\\app_scheduler.c 0x00000000   Number         0  app_scheduler.o ABSOLUTE
    ..\\..\\..\\..\\..\\..\\..\\components\\libraries\\simple_timer\\app_simple_timer.c 0x00000000   Number         0  app_simple_timer.o ABSOLUTE
    ..\\..\\..\\..\\..\\..\\..\\components\\libraries\\slip\\slip.c 0x00000000   Number         0  slip.o ABSOLUTE
    ..\\..\\..\\..\\..\\..\\..\\components\\libraries\\strerror\\nrf_strerror.c 0x00000000   Number         0  nrf_strerror.o ABSOLUTE
    ..\\..\\..\\..\\..\\..\\..\\components\\libraries\\timer\\app_timer.c 0x00000000   Number         0  app_timer.o ABSOLUTE
    ..\\..\\..\\..\\..\\..\\..\\components\\libraries\\uart\\app_uart_fifo.c 0x00000000   Number         0  app_uart_fifo.o ABSOLUTE
    ..\\..\\..\\..\\..\\..\\..\\components\\libraries\\util\\app_error.c 0x00000000   Number         0  app_error.o ABSOLUTE
    ..\\..\\..\\..\\..\\..\\..\\components\\libraries\\util\\app_error_weak.c 0x00000000   Number         0  app_error_weak.o ABSOLUTE
    ..\\..\\..\\..\\..\\..\\..\\components\\libraries\\util\\app_util_platform.c 0x00000000   Number         0  app_util_platform.o ABSOLUTE
    ..\\..\\..\\..\\..\\..\\..\\components\\libraries\\util\\nrf_assert.c 0x00000000   Number         0  nrf_assert.o ABSOLUTE
    ..\\..\\..\\..\\..\\..\\..\\components\\libraries\\util\\sdk_mapped_flags.c 0x00000000   Number         0  sdk_mapped_flags.o ABSOLUTE
    ..\\..\\..\\..\\..\\..\\..\\components\\softdevice\\common\\nrf_sdh.c 0x00000000   Number         0  nrf_sdh.o ABSOLUTE
    ..\\..\\..\\..\\..\\..\\..\\components\\softdevice\\common\\nrf_sdh_ant.c 0x00000000   Number         0  nrf_sdh_ant.o ABSOLUTE
    ..\\..\\..\\..\\..\\..\\..\\external\\fprintf\\nrf_fprintf.c 0x00000000   Number         0  nrf_fprintf.o ABSOLUTE
    ..\\..\\..\\..\\..\\..\\..\\external\\fprintf\\nrf_fprintf_format.c 0x00000000   Number         0  nrf_fprintf_format.o ABSOLUTE
    ..\\..\\..\\main.c                       0x00000000   Number         0  main.o ABSOLUTE
    RTE\Device\nRF52832_xxAA\arm_startup_nrf52.s 0x00000000   Number         0  arm_startup_nrf52.o ABSOLUTE
    RTE\Device\nRF52832_xxAA\system_nrf52.c  0x00000000   Number         0  system_nrf52.o ABSOLUTE
    RTE\\Device\\nRF52832_xxAA\\system_nrf52.c 0x00000000   Number         0  system_nrf52.o ABSOLUTE
    app_ICM20948.c                           0x00000000   Number         0  app_icm20948.o ABSOLUTE
    app_ICM20948.c                           0x00000000   Number         0  app_icm20948.o ABSOLUTE
    cdcmple.s                                0x00000000   Number         0  cdcmple.o ABSOLUTE
    dc.s                                     0x00000000   Number         0  dc.o ABSOLUTE
    handlers.s                               0x00000000   Number         0  handlers.o ABSOLUTE
    init.s                                   0x00000000   Number         0  init.o ABSOLUTE
    RESET                                    0x00012000   Section      512  arm_startup_nrf52.o(RESET)
    .ARM.Collect$$$$00000000                 0x00012200   Section        0  entry.o(.ARM.Collect$$$$00000000)
    .ARM.Collect$$$$00000001                 0x00012200   Section        4  entry2.o(.ARM.Collect$$$$00000001)
    .ARM.Collect$$$$00000004                 0x00012204   Section        4  entry5.o(.ARM.Collect$$$$00000004)
    .ARM.Collect$$$$00000008                 0x00012208   Section        0  entry7b.o(.ARM.Collect$$$$00000008)
    .ARM.Collect$$$$0000000A                 0x00012208   Section        0  entry8b.o(.ARM.Collect$$$$0000000A)
    .ARM.Collect$$$$0000000B                 0x00012208   Section        8  entry9a.o(.ARM.Collect$$$$0000000B)
    .ARM.Collect$$$$0000000E                 0x00012210   Section        4  entry12b.o(.ARM.Collect$$$$0000000E)
    .ARM.Collect$$$$0000000F                 0x00012214   Section        0  entry10a.o(.ARM.Collect$$$$0000000F)
    .ARM.Collect$$$$00000011                 0x00012214   Section        0  entry11a.o(.ARM.Collect$$$$00000011)
    .ARM.Collect$$$$00002712                 0x00012214   Section        4  entry2.o(.ARM.Collect$$$$00002712)
    __lit__00000000                          0x00012214   Data           4  entry2.o(.ARM.Collect$$$$00002712)
    .emb_text                                0x00012218   Section       52  hardfault_handler_keil.o(.emb_text)
    $v0                                      0x00012218   Number         0  hardfault_handler_keil.o(.emb_text)
    .emb_text                                0x0001224c   Section      154  nrf_memobj.o(.emb_text)
    $v0                                      0x0001224c   Number         0  nrf_memobj.o(.emb_text)
    .emb_text                                0x000122e8   Section      154  nrf_log_frontend.o(.emb_text)
    $v0                                      0x000122e8   Number         0  nrf_log_frontend.o(.emb_text)
    .text                                    0x00012384   Section       36  arm_startup_nrf52.o(.text)
    $v0                                      0x00012384   Number         0  arm_startup_nrf52.o(.text)
    .text                                    0x000123a8   Section        0  memcpya.o(.text)
    .text                                    0x000123cc   Section        0  memseta.o(.text)
    .text                                    0x000123f0   Section        0  dadd.o(.text)
    .text                                    0x0001253e   Section        0  dmul.o(.text)
    .text                                    0x00012622   Section        0  ddiv.o(.text)
    .text                                    0x00012700   Section        0  dflti.o(.text)
    .text                                    0x00012722   Section        0  f2d.o(.text)
    .text                                    0x00012748   Section        0  d2f.o(.text)
    .text                                    0x00012780   Section        0  llshl.o(.text)
    .text                                    0x0001279e   Section        0  llushr.o(.text)
    .text                                    0x000127be   Section        0  llsshr.o(.text)
    .text                                    0x000127e2   Section        0  iusefp.o(.text)
    .text                                    0x000127e2   Section        0  fepilogue.o(.text)
    .text                                    0x00012850   Section        0  depilogue.o(.text)
    .text                                    0x0001290a   Section        0  dsqrt.o(.text)
    .text                                    0x000129ac   Section       36  init.o(.text)
    .text                                    0x000129d0   Section        0  __dczerorl.o(.text)
    i.GPIOTE_IRQHandler                      0x00012a0c   Section        0  nrf_drv_gpiote.o(i.GPIOTE_IRQHandler)
    i.HardFault_c_handler                    0x00012bc0   Section        0  hardfault_implementation.o(i.HardFault_c_handler)
    i.HardFault_process                      0x00012bd8   Section        0  hardfault_implementation.o(i.HardFault_process)
    i.ICM20948_configAccel                   0x00012bfc   Section        0  app_icm20948.o(i.ICM20948_configAccel)
    i.ICM20948_configGyro                    0x00012c12   Section        0  app_icm20948.o(i.ICM20948_configGyro)
    i.ICM20948_enableAccelGyro               0x00012c28   Section        0  app_icm20948.o(i.ICM20948_enableAccelGyro)
    i.ICM20948_reset                         0x00012c3e   Section        0  app_icm20948.o(i.ICM20948_reset)
    i.ICM20948_resetMag                      0x00012c54   Section        0  app_icm20948.o(i.ICM20948_resetMag)
    i.ICM20948_selectAutoClockSource         0x00012c6a   Section        0  app_icm20948.o(i.ICM20948_selectAutoClockSource)
    i.ICM20948_setAccelSrd                   0x00012c80   Section        0  app_icm20948.o(i.ICM20948_setAccelSrd)
    i.ICM20948_setGyroSrd                    0x00012ca4   Section        0  app_icm20948.o(i.ICM20948_setGyroSrd)
    i.MadgwickQuaternionUpdate               0x00012cc0   Section        0  main.o(i.MadgwickQuaternionUpdate)
    i.RTC1_IRQHandler                        0x000131a8   Section        0  app_timer.o(i.RTC1_IRQHandler)
    i.SAADC_IRQHandler                       0x00013244   Section        0  nrf_drv_saadc.o(i.SAADC_IRQHandler)
    i.SPIM0_SPIS0_TWIM0_TWIS0_SPI0_TWI0_IRQHandler 0x000133b8   Section        0  nrf_drv_twi.o(i.SPIM0_SPIS0_TWIM0_TWIS0_SPI0_TWI0_IRQHandler)
    i.SWI0_EGU0_IRQHandler                   0x000134a0   Section        0  app_timer.o(i.SWI0_EGU0_IRQHandler)
    i.SWI1_EGU1_IRQHandler                   0x00013760   Section        0  nrf_drv_swi.o(i.SWI1_EGU1_IRQHandler)
    i.SWI2_EGU2_IRQHandler                   0x00013778   Section        0  nrf_sdh.o(i.SWI2_EGU2_IRQHandler)
    i.SystemInit                             0x000137ac   Section        0  system_nrf52.o(i.SystemInit)
    i.__hardfp_sqrt                          0x00013b08   Section        0  sqrt.o(i.__hardfp_sqrt)
    i.__hardfp_sqrtf                         0x00013b82   Section        0  sqrtf.o(i.__hardfp_sqrtf)
    i.__scatterload_copy                     0x00013bbc   Section       14  handlers.o(i.__scatterload_copy)
    i.__scatterload_null                     0x00013bca   Section        2  handlers.o(i.__scatterload_null)
    i.__scatterload_zeroinit                 0x00013bcc   Section       14  handlers.o(i.__scatterload_zeroinit)
    i.__set_errno                            0x00013bdc   Section        0  errno.o(i.__set_errno)
    i.ant_channel_init                       0x00013be8   Section        0  ant_channel_config.o(i.ant_channel_init)
    i.ant_evt_handler                        0x00013c34   Section        0  main.o(i.ant_evt_handler)
    i.ant_send                               0x00013df8   Section        0  main.o(i.ant_send)
    i.app_error_fault_handler                0x00013e84   Section        0  app_error_weak.o(i.app_error_fault_handler)
    i.app_error_handler_bare                 0x00013f04   Section        0  app_error.o(i.app_error_handler_bare)
    i.app_icm_init                           0x00013f1e   Section        0  app_icm20948.o(i.app_icm_init)
    i.app_icm_magnetometer_init              0x00013f22   Section        0  app_icm20948.o(i.app_icm_magnetometer_init)
    i.app_icm_read_accel                     0x00013f6c   Section        0  app_icm20948.o(i.app_icm_read_accel)
    i.app_icm_read_gyro                      0x00013fb8   Section        0  app_icm20948.o(i.app_icm_read_gyro)
    i.app_icm_read_magnetometer              0x00014004   Section        0  app_icm20948.o(i.app_icm_read_magnetometer)
    i.app_timer_cnt_diff_compute             0x00014034   Section        0  app_timer.o(i.app_timer_cnt_diff_compute)
    i.app_timer_cnt_get                      0x0001403c   Section        0  app_timer.o(i.app_timer_cnt_get)
    i.app_timer_create                       0x00014048   Section        0  app_timer.o(i.app_timer_create)
    i.app_timer_init                         0x00014078   Section        0  app_timer.o(i.app_timer_init)
    i.app_timer_start                        0x00014100   Section        0  app_timer.o(i.app_timer_start)
    i.app_util_critical_region_enter         0x000141b0   Section        0  app_util_platform.o(i.app_util_critical_region_enter)
    i.app_util_critical_region_exit          0x0001420c   Section        0  app_util_platform.o(i.app_util_critical_region_exit)
    i.buf_prealloc                           0x00014244   Section        0  nrf_log_frontend.o(i.buf_prealloc)
    buf_prealloc                             0x00014245   Thumb Code   250  nrf_log_frontend.o(i.buf_prealloc)
    i.calibrazione                           0x00014348   Section        0  main.o(i.calibrazione)
    i.icm_init                               0x000148b0   Section        0  main.o(i.icm_init)
    i.leggi_calib_flash                      0x00014930   Section        0  main.o(i.leggi_calib_flash)
    i.main                                   0x00014a5c   Section        0  main.o(i.main)
    i.nrf_balloc_alloc                       0x00014c4c   Section        0  nrf_balloc.o(i.nrf_balloc_alloc)
    i.nrf_balloc_free                        0x00014c90   Section        0  nrf_balloc.o(i.nrf_balloc_free)
    i.nrf_balloc_init                        0x00014cc0   Section        0  nrf_balloc.o(i.nrf_balloc_init)
    i.nrf_delay_us                           0x00014cf8   Section        0  nrf_drv_twi.o(i.nrf_delay_us)
    nrf_delay_us                             0x00014cf9   Thumb Code   134  nrf_drv_twi.o(i.nrf_delay_us)
    i.nrf_delay_us                           0x00014d88   Section        0  app_timer.o(i.nrf_delay_us)
    nrf_delay_us                             0x00014d89   Thumb Code   134  app_timer.o(i.nrf_delay_us)
    i.nrf_drv_common_irq_enable              0x00014e18   Section        0  nrf_drv_common.o(i.nrf_drv_common_irq_enable)
    i.nrf_drv_mpu_init                       0x00014e50   Section        0  nrf_drv_mpu_twi.o(i.nrf_drv_mpu_init)
    i.nrf_drv_mpu_read_magnetometer_registers 0x00014e88   Section        0  nrf_drv_mpu_twi.o(i.nrf_drv_mpu_read_magnetometer_registers)
    i.nrf_drv_mpu_read_registers             0x00014f00   Section        0  nrf_drv_mpu_twi.o(i.nrf_drv_mpu_read_registers)
    i.nrf_drv_mpu_twi_event_handler          0x00014f78   Section        0  nrf_drv_mpu_twi.o(i.nrf_drv_mpu_twi_event_handler)
    nrf_drv_mpu_twi_event_handler            0x00014f79   Thumb Code    36  nrf_drv_mpu_twi.o(i.nrf_drv_mpu_twi_event_handler)
    i.nrf_drv_mpu_write_magnetometer_register 0x00014fa0   Section        0  nrf_drv_mpu_twi.o(i.nrf_drv_mpu_write_magnetometer_register)
    i.nrf_drv_mpu_write_single_register      0x00014fec   Section        0  nrf_drv_mpu_twi.o(i.nrf_drv_mpu_write_single_register)
    i.nrf_drv_saadc_channel_init             0x00015038   Section        0  nrf_drv_saadc.o(i.nrf_drv_saadc_channel_init)
    i.nrf_drv_saadc_init                     0x000150ac   Section        0  nrf_drv_saadc.o(i.nrf_drv_saadc_init)
    i.nrf_drv_saadc_sample_convert           0x0001514c   Section        0  nrf_drv_saadc.o(i.nrf_drv_saadc_sample_convert)
    i.nrf_drv_twi_enable                     0x00015284   Section        0  nrf_drv_twi.o(i.nrf_drv_twi_enable)
    i.nrf_drv_twi_init                       0x000152a4   Section        0  nrf_drv_twi.o(i.nrf_drv_twi_init)
    i.nrf_drv_twi_rx                         0x000153e4   Section        0  nrf_drv_twi.o(i.nrf_drv_twi_rx)
    i.nrf_drv_twi_tx                         0x00015410   Section        0  nrf_drv_twi.o(i.nrf_drv_twi_tx)
    i.nrf_drv_twi_xfer                       0x0001543c   Section        0  nrf_drv_twi.o(i.nrf_drv_twi_xfer)
    i.nrf_log_default_backends_init          0x000154e8   Section        0  nrf_log_default_backends.o(i.nrf_log_default_backends_init)
    i.nrf_log_frontend_dequeue               0x000154ec   Section        0  nrf_log_frontend.o(i.nrf_log_frontend_dequeue)
    i.nrf_log_frontend_std_0                 0x00015704   Section        0  nrf_log_frontend.o(i.nrf_log_frontend_std_0)
    i.nrf_log_frontend_std_1                 0x0001570c   Section        0  nrf_log_frontend.o(i.nrf_log_frontend_std_1)
    i.nrf_log_frontend_std_2                 0x0001571a   Section        0  nrf_log_frontend.o(i.nrf_log_frontend_std_2)
    i.nrf_log_init                           0x00015730   Section        0  nrf_log_frontend.o(i.nrf_log_init)
    i.nrf_log_panic                          0x000157a4   Section        0  nrf_log_frontend.o(i.nrf_log_panic)
    i.nrf_memobj_alloc                       0x000157d0   Section        0  nrf_memobj.o(i.nrf_memobj_alloc)
    i.nrf_memobj_get                         0x00015864   Section        0  nrf_memobj.o(i.nrf_memobj_get)
    i.nrf_memobj_pool_init                   0x00015872   Section        0  nrf_memobj.o(i.nrf_memobj_pool_init)
    i.nrf_memobj_put                         0x00015876   Section        0  nrf_memobj.o(i.nrf_memobj_put)
    i.nrf_memobj_write                       0x000158c8   Section        0  nrf_memobj.o(i.nrf_memobj_write)
    i.nrf_nvmc_page_erase                    0x00015958   Section        0  nrf_nvmc.o(i.nrf_nvmc_page_erase)
    i.nrf_nvmc_write_words                   0x00015988   Section        0  nrf_nvmc.o(i.nrf_nvmc_write_words)
    i.nrf_pwr_mgmt_init                      0x000159d4   Section        0  nrf_pwr_mgmt.o(i.nrf_pwr_mgmt_init)
    i.nrf_pwr_mgmt_run                       0x00015a54   Section        0  nrf_pwr_mgmt.o(i.nrf_pwr_mgmt_run)
    i.nrf_pwr_mgmt_timeout_handler           0x00015ac8   Section        0  nrf_pwr_mgmt.o(i.nrf_pwr_mgmt_timeout_handler)
    nrf_pwr_mgmt_timeout_handler             0x00015ac9   Thumb Code    64  nrf_pwr_mgmt.o(i.nrf_pwr_mgmt_timeout_handler)
    i.nrf_saadc_channel_init                 0x00015b20   Section        0  nrf_saadc.o(i.nrf_saadc_channel_init)
    i.nrf_sdh_ant_enable                     0x00015b8c   Section        0  nrf_sdh_ant.o(i.nrf_sdh_ant_enable)
    i.nrf_sdh_ant_evts_poll                  0x00015ba8   Section        0  nrf_sdh_ant.o(i.nrf_sdh_ant_evts_poll)
    nrf_sdh_ant_evts_poll                    0x00015ba9   Thumb Code    74  nrf_sdh_ant.o(i.nrf_sdh_ant_evts_poll)
    i.nrf_sdh_enable_request                 0x00015bf8   Section        0  nrf_sdh.o(i.nrf_sdh_enable_request)
    i.nrf_sdh_is_enabled                     0x00015d30   Section        0  nrf_sdh.o(i.nrf_sdh_is_enabled)
    i.nrf_section_iter_init                  0x00015d3c   Section        0  nrf_section_iter.o(i.nrf_section_iter_init)
    i.nrf_section_iter_next                  0x00015d5e   Section        0  nrf_section_iter.o(i.nrf_section_iter_next)
    i.repeated_timer_handler                 0x00015d98   Section        0  main.o(i.repeated_timer_handler)
    repeated_timer_handler                   0x00015d99   Thumb Code  1266  main.o(i.repeated_timer_handler)
    i.saadc_callback                         0x00016290   Section        0  main.o(i.saadc_callback)
    i.std_n                                  0x00016294   Section        0  nrf_log_frontend.o(i.std_n)
    std_n                                    0x00016295   Thumb Code   196  nrf_log_frontend.o(i.std_n)
    i.twi_rx_start_transfer                  0x0001635c   Section        0  nrf_drv_twi.o(i.twi_rx_start_transfer)
    twi_rx_start_transfer                    0x0001635d   Thumb Code   220  nrf_drv_twi.o(i.twi_rx_start_transfer)
    i.twi_transfer                           0x00016438   Section        0  nrf_drv_twi.o(i.twi_transfer)
    twi_transfer                             0x00016439   Thumb Code   276  nrf_drv_twi.o(i.twi_transfer)
    i.twi_tx_start_transfer                  0x0001654c   Section        0  nrf_drv_twi.o(i.twi_tx_start_transfer)
    twi_tx_start_transfer                    0x0001654d   Thumb Code   248  nrf_drv_twi.o(i.twi_tx_start_transfer)
    .constdata                               0x00016644   Section       40  main.o(.constdata)
    m_repeated_timer_id                      0x00016644   Data           4  main.o(.constdata)
    .constdata                               0x0001666c   Section       24  nrf_drv_mpu_twi.o(.constdata)
    m_twi_instance                           0x0001666c   Data           8  nrf_drv_mpu_twi.o(.constdata)
    .constdata                               0x00016684   Section        4  nrf_drv_gpiote.o(.constdata)
    .constdata                               0x00016688   Section       12  nrf_drv_twi.o(.constdata)
    .constdata                               0x00016694   Section        4  nrf_drv_saadc.o(.constdata)
    m_default_config                         0x00016694   Data           4  nrf_drv_saadc.o(.constdata)
    .constdata                               0x00016698   Section       24  nrf_pwr_mgmt.o(.constdata)
    pwr_mgmt_data_array                      0x00016698   Data          24  nrf_pwr_mgmt.o(.constdata)
    .constdata                               0x000166b0   Section       16  nrf_pwr_mgmt.o(.constdata)
    m_pwr_mgmt_timer                         0x000166b0   Data           4  nrf_pwr_mgmt.o(.constdata)
    pwr_mgmt_data                            0x000166b4   Data          12  nrf_pwr_mgmt.o(.constdata)
    .constdata                               0x000166c0   Section       20  nrf_log_frontend.o(.constdata)
    mempool                                  0x000166c0   Data          20  nrf_log_frontend.o(.constdata)
    .constdata                               0x000166d4   Section       16  nrf_sdh.o(.constdata)
    sdh_req_observers_array                  0x000166d4   Data          16  nrf_sdh.o(.constdata)
    .constdata                               0x000166e4   Section       40  nrf_sdh.o(.constdata)
    sdh_req_observers                        0x000166e8   Data          12  nrf_sdh.o(.constdata)
    sdh_state_observers                      0x000166f4   Data          12  nrf_sdh.o(.constdata)
    sdh_stack_observers                      0x00016700   Data          12  nrf_sdh.o(.constdata)
    .constdata                               0x0001670c   Section       16  nrf_sdh.o(.constdata)
    sdh_state_observers_array                0x0001670c   Data          16  nrf_sdh.o(.constdata)
    .constdata                               0x0001671c   Section       16  nrf_sdh.o(.constdata)
    sdh_stack_observers_array                0x0001671c   Data          16  nrf_sdh.o(.constdata)
    .constdata                               0x0001672c   Section       16  nrf_sdh_ant.o(.constdata)
    sdh_ant_observers_array                  0x0001672c   Data          16  nrf_sdh_ant.o(.constdata)
    .constdata                               0x0001673c   Section       24  nrf_sdh_ant.o(.constdata)
    sdh_ant_observers                        0x0001673c   Data          12  nrf_sdh_ant.o(.constdata)
    .conststrlit                             0x00016754   Section        7  nrf_drv_gpiote.o(.conststrlit)
    .conststrlit                             0x0001675c   Section        4  nrf_drv_swi.o(.conststrlit)
    .conststrlit                             0x00016760   Section        4  nrf_drv_twi.o(.conststrlit)
    .conststrlit                             0x00016764   Section        6  nrf_drv_saadc.o(.conststrlit)
    .conststrlit                             0x0001676c   Section       10  hardfault_implementation.o(.conststrlit)
    .conststrlit                             0x00016778   Section        7  nrf_balloc.o(.conststrlit)
    .conststrlit                             0x00016780   Section        9  nrf_pwr_mgmt.o(.conststrlit)
    .conststrlit                             0x0001678c   Section        4  nrf_log_frontend.o(.conststrlit)
    .conststrlit                             0x00016790   Section        8  nrf_sdh.o(.conststrlit)
    .conststrlit                             0x00016798   Section       12  nrf_sdh_ant.o(.conststrlit)
    log_const_data                           0x000167c4   Section        8  nrf_drv_gpiote.o(log_const_data)
    __tagsym$$used                           0x000167c4   Number         0  nrf_drv_gpiote.o(log_const_data)
    log_const_data                           0x000167cc   Section        8  nrf_drv_swi.o(log_const_data)
    __tagsym$$used                           0x000167cc   Number         0  nrf_drv_swi.o(log_const_data)
    log_const_data                           0x000167d4   Section        8  nrf_drv_twi.o(log_const_data)
    __tagsym$$used                           0x000167d4   Number         0  nrf_drv_twi.o(log_const_data)
    log_const_data                           0x000167dc   Section        8  nrf_drv_saadc.o(log_const_data)
    __tagsym$$used                           0x000167dc   Number         0  nrf_drv_saadc.o(log_const_data)
    log_const_data                           0x000167e4   Section        8  hardfault_implementation.o(log_const_data)
    __tagsym$$used                           0x000167e4   Number         0  hardfault_implementation.o(log_const_data)
    log_const_data                           0x000167ec   Section        8  nrf_balloc.o(log_const_data)
    __tagsym$$used                           0x000167ec   Number         0  nrf_balloc.o(log_const_data)
    log_const_data                           0x000167f4   Section        8  nrf_pwr_mgmt.o(log_const_data)
    __tagsym$$used                           0x000167f4   Number         0  nrf_pwr_mgmt.o(log_const_data)
    log_const_data                           0x000167fc   Section        8  nrf_log_frontend.o(log_const_data)
    __tagsym$$used                           0x000167fc   Number         0  nrf_log_frontend.o(log_const_data)
    log_const_data                           0x00016804   Section        8  nrf_sdh.o(log_const_data)
    __tagsym$$used                           0x00016804   Number         0  nrf_sdh.o(log_const_data)
    log_const_data                           0x0001680c   Section        8  nrf_sdh_ant.o(log_const_data)
    __tagsym$$used                           0x0001680c   Number         0  nrf_sdh_ant.o(log_const_data)
    sdh_ant_observers1                       0x00016814   Section        8  main.o(sdh_ant_observers1)
    __tagsym$$used                           0x00016814   Number         0  main.o(sdh_ant_observers1)
    m_ant_observer                           0x00016814   Data           8  main.o(sdh_ant_observers1)
    sdh_stack_observers0                     0x0001681c   Section        8  nrf_sdh_ant.o(sdh_stack_observers0)
    __tagsym$$used                           0x0001681c   Number         0  nrf_sdh_ant.o(sdh_stack_observers0)
    m_nrf_sdh_ant_evts_poll                  0x0001681c   Data           8  nrf_sdh_ant.o(sdh_stack_observers0)
    .data                                    0x20000b80   Section      128  main.o(.data)
    .data                                    0x20000c00   Section        2  nrf_drv_mpu_twi.o(.data)
    twi_tx_done                              0x20000c00   Data           1  nrf_drv_mpu_twi.o(.data)
    twi_rx_done                              0x20000c01   Data           1  nrf_drv_mpu_twi.o(.data)
    .data                                    0x20000c04   Section        8  nrf_drv_swi.o(.data)
    m_drv_state                              0x20000c04   Data           1  nrf_drv_swi.o(.data)
    m_swi_flags                              0x20000c06   Data           2  nrf_drv_swi.o(.data)
    m_swi_handlers                           0x20000c08   Data           4  nrf_drv_swi.o(.data)
    .data                                    0x20000c0c   Section       20  app_timer.o(.data)
    m_ticks_elapsed_q_read_ind               0x20000c0c   Data           1  app_timer.o(.data)
    m_ticks_elapsed_q_write_ind              0x20000c0d   Data           1  app_timer.o(.data)
    m_rtc1_running                           0x20000c0e   Data           1  app_timer.o(.data)
    m_rtc1_reset                             0x20000c0f   Data           1  app_timer.o(.data)
    mp_timer_id_head                         0x20000c10   Data           4  app_timer.o(.data)
    m_ticks_latest                           0x20000c14   Data           4  app_timer.o(.data)
    m_ticks_elapsed                          0x20000c18   Data           8  app_timer.o(.data)
    .data                                    0x20000c20   Section       16  nrf_pwr_mgmt.o(.data)
    m_pwr_mgmt_evt                           0x20000c20   Data           1  nrf_pwr_mgmt.o(.data)
    m_shutdown_started                       0x20000c21   Data           1  nrf_pwr_mgmt.o(.data)
    m_max_cpu_usage                          0x20000c22   Data           1  nrf_pwr_mgmt.o(.data)
    m_sysoff_mtx                             0x20000c24   Data           4  nrf_pwr_mgmt.o(.data)
    m_ticks_sleeping                         0x20000c28   Data           4  nrf_pwr_mgmt.o(.data)
    m_ticks_last                             0x20000c2c   Data           4  nrf_pwr_mgmt.o(.data)
    .data                                    0x20000c30   Section        8  nrf_log_frontend.o(.data)
    mempool_nrf_balloc_pool_stack            0x20000c30   Data           8  nrf_log_frontend.o(.data)
    .data                                    0x20000c38   Section        8  nrf_log_frontend.o(.data)
    mempool_nrf_balloc_cb                    0x20000c38   Data           8  nrf_log_frontend.o(.data)
    .data                                    0x20000c40   Section        3  nrf_sdh.o(.data)
    m_nrf_sdh_enabled                        0x20000c40   Data           1  nrf_sdh.o(.data)
    m_nrf_sdh_suspended                      0x20000c41   Data           1  nrf_sdh.o(.data)
    m_nrf_sdh_continue                       0x20000c42   Data           1  nrf_sdh.o(.data)
    .data                                    0x20000c44   Section        4  system_nrf52.o(.data)
    __tagsym$$used                           0x20000c44   Number         0  system_nrf52.o(.data)
    .data                                    0x20000c48   Section        4  errno.o(.data)
    _errno                                   0x20000c48   Data           4  errno.o(.data)
    log_dynamic_data                         0x20000c4c   Section       12  nrf_drv_gpiote.o(log_dynamic_data)
    __tagsym$$used                           0x20000c4c   Number         0  nrf_drv_gpiote.o(log_dynamic_data)
    log_dynamic_data                         0x20000c58   Section       12  nrf_drv_swi.o(log_dynamic_data)
    __tagsym$$used                           0x20000c58   Number         0  nrf_drv_swi.o(log_dynamic_data)
    log_dynamic_data                         0x20000c64   Section       12  nrf_drv_twi.o(log_dynamic_data)
    __tagsym$$used                           0x20000c64   Number         0  nrf_drv_twi.o(log_dynamic_data)
    log_dynamic_data                         0x20000c70   Section       12  nrf_drv_saadc.o(log_dynamic_data)
    __tagsym$$used                           0x20000c70   Number         0  nrf_drv_saadc.o(log_dynamic_data)
    log_dynamic_data                         0x20000c7c   Section       12  hardfault_implementation.o(log_dynamic_data)
    __tagsym$$used                           0x20000c7c   Number         0  hardfault_implementation.o(log_dynamic_data)
    log_dynamic_data                         0x20000c88   Section       12  nrf_balloc.o(log_dynamic_data)
    __tagsym$$used                           0x20000c88   Number         0  nrf_balloc.o(log_dynamic_data)
    log_dynamic_data                         0x20000c94   Section       12  nrf_pwr_mgmt.o(log_dynamic_data)
    __tagsym$$used                           0x20000c94   Number         0  nrf_pwr_mgmt.o(log_dynamic_data)
    log_dynamic_data                         0x20000ca0   Section       12  nrf_log_frontend.o(log_dynamic_data)
    __tagsym$$used                           0x20000ca0   Number         0  nrf_log_frontend.o(log_dynamic_data)
    log_dynamic_data                         0x20000cac   Section       12  nrf_sdh.o(log_dynamic_data)
    __tagsym$$used                           0x20000cac   Number         0  nrf_sdh.o(log_dynamic_data)
    log_dynamic_data                         0x20000cb8   Section       12  nrf_sdh_ant.o(log_dynamic_data)
    __tagsym$$used                           0x20000cb8   Number         0  nrf_sdh_ant.o(log_dynamic_data)
    .bss                                     0x20000cc4   Section       32  main.o(.bss)
    m_repeated_timer_id_data                 0x20000cc4   Data          32  main.o(.bss)
    .bss                                     0x20000ce4   Section       40  main.o(.bss)
    .bss                                     0x20000d0c   Section       88  nrf_drv_gpiote.o(.bss)
    m_cb                                     0x20000d0c   Data          88  nrf_drv_gpiote.o(.bss)
    .bss                                     0x20000d64   Section       40  nrf_drv_twi.o(.bss)
    m_cb                                     0x20000d64   Data          40  nrf_drv_twi.o(.bss)
    .bss                                     0x20000d8c   Section       48  nrf_drv_saadc.o(.bss)
    m_cb                                     0x20000d8c   Data          48  nrf_drv_saadc.o(.bss)
    .bss                                     0x20000dbc   Section      268  app_timer.o(.bss)
    m_op_queue                               0x20000dbc   Data         268  app_timer.o(.bss)
    .bss                                     0x20000ec8   Section       12  app_util_platform.o(.bss)
    .bss                                     0x20000ed4   Section       32  nrf_pwr_mgmt.o(.bss)
    m_pwr_mgmt_timer_data                    0x20000ed4   Data          32  nrf_pwr_mgmt.o(.bss)
    .bss                                     0x20000ef4   Section       12  nrf_pwr_mgmt.o(.bss)
    m_handlers_iter                          0x20000ef4   Data          12  nrf_pwr_mgmt.o(.bss)
    .bss                                     0x20000f00   Section      192  nrf_log_frontend.o(.bss)
    mempool_nrf_balloc_pool_mem              0x20000f00   Data         192  nrf_log_frontend.o(.bss)
    .bss                                     0x20000fc0   Section     1056  nrf_log_frontend.o(.bss)
    m_log_data                               0x20000fc0   Data        1056  nrf_log_frontend.o(.bss)
    .bss                                     0x200013e0   Section      128  nrf_sdh_ant.o(.bss)
    m_ant_stack_buffer                       0x200013e0   Data         128  nrf_sdh_ant.o(.bss)
    STACK                                    0x20001460   Section     8192  arm_startup_nrf52.o(STACK)

    Global Symbols

    Symbol Name                              Value     Ov Type        Size  Object(Section)

    BuildAttributes$$THM_ISAv4$E$P$D$K$B$S$7EM$VFPi3$EXTD16$VFPS$VFMA$PE$A:L22UL41UL21$X:L11$S22US41US21$IEEE1$IW$USESV6$~STKCKD$USESV7$~SHL$OTIME$ROPI$IEEEJ$EBA8$MICROLIB$REQ8$PRES8$EABIv2 0x00000000   Number         0  anon$$obj.o ABSOLUTE
    __ARM_use_no_argv                        0x00000000   Number         0  main.o ABSOLUTE
    __arm_fini_                               - Undefined Weak Reference
    __cpp_initialize__aeabi_                  - Undefined Weak Reference
    __cxa_finalize                            - Undefined Weak Reference
    _clock_init                               - Undefined Weak Reference
    _microlib_exit                            - Undefined Weak Reference
    pwr_mgmt_data0$$Base                      - Undefined Reference
    pwr_mgmt_data0$$Limit                     - Undefined Reference
    pwr_mgmt_data1$$Base                      - Undefined Reference
    pwr_mgmt_data1$$Limit                     - Undefined Reference
    pwr_mgmt_data2$$Base                      - Undefined Reference
    pwr_mgmt_data2$$Limit                     - Undefined Reference
    sdh_ant_observers0$$Base                  - Undefined Reference
    sdh_ant_observers0$$Limit                 - Undefined Reference
    sdh_req_observers0$$Base                  - Undefined Reference
    sdh_req_observers0$$Limit                 - Undefined Reference
    sdh_req_observers1$$Base                  - Undefined Reference
    sdh_req_observers1$$Limit                 - Undefined Reference
    sdh_stack_observers1$$Base                - Undefined Reference
    sdh_stack_observers1$$Limit               - Undefined Reference
    sdh_state_observers0$$Base                - Undefined Reference
    sdh_state_observers0$$Limit               - Undefined Reference
    sdh_state_observers1$$Base                - Undefined Reference
    sdh_state_observers1$$Limit               - Undefined Reference
    __Vectors_Size                           0x00000200   Number         0  arm_startup_nrf52.o ABSOLUTE
    __Vectors                                0x00012000   Data           4  arm_startup_nrf52.o(RESET)
    __Vectors_End                            0x00012200   Data           0  arm_startup_nrf52.o(RESET)
    __main                                   0x00012201   Thumb Code     0  entry.o(.ARM.Collect$$$$00000000)
    _main_stk                                0x00012201   Thumb Code     0  entry2.o(.ARM.Collect$$$$00000001)
    _main_scatterload                        0x00012205   Thumb Code     0  entry5.o(.ARM.Collect$$$$00000004)
    __main_after_scatterload                 0x00012209   Thumb Code     0  entry5.o(.ARM.Collect$$$$00000004)
    _main_clock                              0x00012209   Thumb Code     0  entry7b.o(.ARM.Collect$$$$00000008)
    _main_cpp_init                           0x00012209   Thumb Code     0  entry8b.o(.ARM.Collect$$$$0000000A)
    _main_init                               0x00012209   Thumb Code     0  entry9a.o(.ARM.Collect$$$$0000000B)
    __rt_lib_shutdown_fini                   0x00012211   Thumb Code     0  entry12b.o(.ARM.Collect$$$$0000000E)
    __rt_final_cpp                           0x00012215   Thumb Code     0  entry10a.o(.ARM.Collect$$$$0000000F)
    __rt_final_exit                          0x00012215   Thumb Code     0  entry11a.o(.ARM.Collect$$$$00000011)
    HardFault_Handler                        0x00012219   Thumb Code    40  hardfault_handler_keil.o(.emb_text)
    __asm___12_nrf_memobj_c_9bb9f865__nrf_atomic_internal_mov 0x0001224d   Thumb Code    24  nrf_memobj.o(.emb_text)
    __asm___12_nrf_memobj_c_9bb9f865__nrf_atomic_internal_orr 0x00012265   Thumb Code    26  nrf_memobj.o(.emb_text)
    __asm___12_nrf_memobj_c_9bb9f865__nrf_atomic_internal_and 0x0001227f   Thumb Code    26  nrf_memobj.o(.emb_text)
    __asm___12_nrf_memobj_c_9bb9f865__nrf_atomic_internal_eor 0x00012299   Thumb Code    26  nrf_memobj.o(.emb_text)
    __asm___12_nrf_memobj_c_9bb9f865__nrf_atomic_internal_add 0x000122b3   Thumb Code    26  nrf_memobj.o(.emb_text)
    __asm___12_nrf_memobj_c_9bb9f865__nrf_atomic_internal_sub 0x000122cd   Thumb Code    26  nrf_memobj.o(.emb_text)
    __asm___18_nrf_log_frontend_c_bc460776__nrf_atomic_internal_mov 0x000122e9   Thumb Code    24  nrf_log_frontend.o(.emb_text)
    __asm___18_nrf_log_frontend_c_bc460776__nrf_atomic_internal_orr 0x00012301   Thumb Code    26  nrf_log_frontend.o(.emb_text)
    __asm___18_nrf_log_frontend_c_bc460776__nrf_atomic_internal_and 0x0001231b   Thumb Code    26  nrf_log_frontend.o(.emb_text)
    __asm___18_nrf_log_frontend_c_bc460776__nrf_atomic_internal_eor 0x00012335   Thumb Code    26  nrf_log_frontend.o(.emb_text)
    __asm___18_nrf_log_frontend_c_bc460776__nrf_atomic_internal_add 0x0001234f   Thumb Code    26  nrf_log_frontend.o(.emb_text)
    __asm___18_nrf_log_frontend_c_bc460776__nrf_atomic_internal_sub 0x00012369   Thumb Code    26  nrf_log_frontend.o(.emb_text)
    Reset_Handler                            0x00012385   Thumb Code     8  arm_startup_nrf52.o(.text)
    NMI_Handler                              0x0001238d   Thumb Code     2  arm_startup_nrf52.o(.text)
    MemoryManagement_Handler                 0x00012391   Thumb Code     2  arm_startup_nrf52.o(.text)
    BusFault_Handler                         0x00012393   Thumb Code     2  arm_startup_nrf52.o(.text)
    UsageFault_Handler                       0x00012395   Thumb Code     2  arm_startup_nrf52.o(.text)
    SVC_Handler                              0x00012397   Thumb Code     2  arm_startup_nrf52.o(.text)
    DebugMon_Handler                         0x00012399   Thumb Code     2  arm_startup_nrf52.o(.text)
    PendSV_Handler                           0x0001239b   Thumb Code     2  arm_startup_nrf52.o(.text)
    SysTick_Handler                          0x0001239d   Thumb Code     2  arm_startup_nrf52.o(.text)
    CCM_AAR_IRQHandler                       0x0001239f   Thumb Code     0  arm_startup_nrf52.o(.text)
    COMP_LPCOMP_IRQHandler                   0x0001239f   Thumb Code     0  arm_startup_nrf52.o(.text)
    ECB_IRQHandler                           0x0001239f   Thumb Code     0  arm_startup_nrf52.o(.text)
    FPU_IRQHandler                           0x0001239f   Thumb Code     0  arm_startup_nrf52.o(.text)
    I2S_IRQHandler                           0x0001239f   Thumb Code     0  arm_startup_nrf52.o(.text)
    MWU_IRQHandler                           0x0001239f   Thumb Code     0  arm_startup_nrf52.o(.text)
    NFCT_IRQHandler                          0x0001239f   Thumb Code     0  arm_startup_nrf52.o(.text)
    PDM_IRQHandler                           0x0001239f   Thumb Code     0  arm_startup_nrf52.o(.text)
    POWER_CLOCK_IRQHandler                   0x0001239f   Thumb Code     0  arm_startup_nrf52.o(.text)
    PWM0_IRQHandler                          0x0001239f   Thumb Code     0  arm_startup_nrf52.o(.text)
    PWM1_IRQHandler                          0x0001239f   Thumb Code     0  arm_startup_nrf52.o(.text)
    PWM2_IRQHandler                          0x0001239f   Thumb Code     0  arm_startup_nrf52.o(.text)
    QDEC_IRQHandler                          0x0001239f   Thumb Code     0  arm_startup_nrf52.o(.text)
    RADIO_IRQHandler                         0x0001239f   Thumb Code     0  arm_startup_nrf52.o(.text)
    RNG_IRQHandler                           0x0001239f   Thumb Code     0  arm_startup_nrf52.o(.text)
    RTC0_IRQHandler                          0x0001239f   Thumb Code     0  arm_startup_nrf52.o(.text)
    RTC2_IRQHandler                          0x0001239f   Thumb Code     0  arm_startup_nrf52.o(.text)
    SPIM1_SPIS1_TWIM1_TWIS1_SPI1_TWI1_IRQHandler 0x0001239f   Thumb Code     0  arm_startup_nrf52.o(.text)
    SPIM2_SPIS2_SPI2_IRQHandler              0x0001239f   Thumb Code     0  arm_startup_nrf52.o(.text)
    SWI3_EGU3_IRQHandler                     0x0001239f   Thumb Code     0  arm_startup_nrf52.o(.text)
    SWI4_EGU4_IRQHandler                     0x0001239f   Thumb Code     0  arm_startup_nrf52.o(.text)
    SWI5_EGU5_IRQHandler                     0x0001239f   Thumb Code     0  arm_startup_nrf52.o(.text)
    TEMP_IRQHandler                          0x0001239f   Thumb Code     0  arm_startup_nrf52.o(.text)
    TIMER0_IRQHandler                        0x0001239f   Thumb Code     0  arm_startup_nrf52.o(.text)
    TIMER1_IRQHandler                        0x0001239f   Thumb Code     0  arm_startup_nrf52.o(.text)
    TIMER2_IRQHandler                        0x0001239f   Thumb Code     0  arm_startup_nrf52.o(.text)
    TIMER3_IRQHandler                        0x0001239f   Thumb Code     0  arm_startup_nrf52.o(.text)
    TIMER4_IRQHandler                        0x0001239f   Thumb Code     0  arm_startup_nrf52.o(.text)
    UARTE0_UART0_IRQHandler                  0x0001239f   Thumb Code     0  arm_startup_nrf52.o(.text)
    WDT_IRQHandler                           0x0001239f   Thumb Code     0  arm_startup_nrf52.o(.text)
    __aeabi_memcpy                           0x000123a9   Thumb Code    36  memcpya.o(.text)
    __aeabi_memcpy4                          0x000123a9   Thumb Code     0  memcpya.o(.text)
    __aeabi_memcpy8                          0x000123a9   Thumb Code     0  memcpya.o(.text)
    __aeabi_memset                           0x000123cd   Thumb Code    14  memseta.o(.text)
    __aeabi_memset4                          0x000123cd   Thumb Code     0  memseta.o(.text)
    __aeabi_memset8                          0x000123cd   Thumb Code     0  memseta.o(.text)
    __aeabi_memclr                           0x000123db   Thumb Code     4  memseta.o(.text)
    __aeabi_memclr4                          0x000123db   Thumb Code     0  memseta.o(.text)
    __aeabi_memclr8                          0x000123db   Thumb Code     0  memseta.o(.text)
    _memset$wrapper                          0x000123df   Thumb Code    18  memseta.o(.text)
    __aeabi_dadd                             0x000123f1   Thumb Code   322  dadd.o(.text)
    __aeabi_dsub                             0x00012533   Thumb Code     6  dadd.o(.text)
    __aeabi_drsub                            0x00012539   Thumb Code     6  dadd.o(.text)
    __aeabi_dmul                             0x0001253f   Thumb Code   228  dmul.o(.text)
    __aeabi_ddiv                             0x00012623   Thumb Code   222  ddiv.o(.text)
    __aeabi_i2d                              0x00012701   Thumb Code    34  dflti.o(.text)
    __aeabi_f2d                              0x00012723   Thumb Code    38  f2d.o(.text)
    __aeabi_d2f                              0x00012749   Thumb Code    56  d2f.o(.text)
    __aeabi_llsl                             0x00012781   Thumb Code    30  llshl.o(.text)
    _ll_shift_l                              0x00012781   Thumb Code     0  llshl.o(.text)
    __aeabi_llsr                             0x0001279f   Thumb Code    32  llushr.o(.text)
    _ll_ushift_r                             0x0001279f   Thumb Code     0  llushr.o(.text)
    __aeabi_lasr                             0x000127bf   Thumb Code    36  llsshr.o(.text)
    _ll_sshift_r                             0x000127bf   Thumb Code     0  llsshr.o(.text)
    __I$use$fp                               0x000127e3   Thumb Code     0  iusefp.o(.text)
    _float_round                             0x000127e3   Thumb Code    18  fepilogue.o(.text)
    _float_epilogue                          0x000127f5   Thumb Code    92  fepilogue.o(.text)
    _double_round                            0x00012851   Thumb Code    30  depilogue.o(.text)
    _double_epilogue                         0x0001286f   Thumb Code   156  depilogue.o(.text)
    _dsqrt                                   0x0001290b   Thumb Code   162  dsqrt.o(.text)
    __scatterload                            0x000129ad   Thumb Code    28  init.o(.text)
    __scatterload_rt2                        0x000129ad   Thumb Code     0  init.o(.text)
    __decompress                             0x000129d1   Thumb Code     0  __dczerorl.o(.text)
    __decompress0                            0x000129d1   Thumb Code    58  __dczerorl.o(.text)
    GPIOTE_IRQHandler                        0x00012a0d   Thumb Code   420  nrf_drv_gpiote.o(i.GPIOTE_IRQHandler)
    HardFault_c_handler                      0x00012bc1   Thumb Code    24  hardfault_implementation.o(i.HardFault_c_handler)
    HardFault_process                        0x00012bd9   Thumb Code    26  hardfault_implementation.o(i.HardFault_process)
    ICM20948_configAccel                     0x00012bfd   Thumb Code    22  app_icm20948.o(i.ICM20948_configAccel)
    ICM20948_configGyro                      0x00012c13   Thumb Code    22  app_icm20948.o(i.ICM20948_configGyro)
    ICM20948_enableAccelGyro                 0x00012c29   Thumb Code    22  app_icm20948.o(i.ICM20948_enableAccelGyro)
    ICM20948_reset                           0x00012c3f   Thumb Code    22  app_icm20948.o(i.ICM20948_reset)
    ICM20948_resetMag                        0x00012c55   Thumb Code    22  app_icm20948.o(i.ICM20948_resetMag)
    ICM20948_selectAutoClockSource           0x00012c6b   Thumb Code    22  app_icm20948.o(i.ICM20948_selectAutoClockSource)
    ICM20948_setAccelSrd                     0x00012c81   Thumb Code    36  app_icm20948.o(i.ICM20948_setAccelSrd)
    ICM20948_setGyroSrd                      0x00012ca5   Thumb Code    26  app_icm20948.o(i.ICM20948_setGyroSrd)
    MadgwickQuaternionUpdate                 0x00012cc1   Thumb Code  1256  main.o(i.MadgwickQuaternionUpdate)
    RTC1_IRQHandler                          0x000131a9   Thumb Code   138  app_timer.o(i.RTC1_IRQHandler)
    SAADC_IRQHandler                         0x00013245   Thumb Code   342  nrf_drv_saadc.o(i.SAADC_IRQHandler)
    SPIM0_SPIS0_TWIM0_TWIS0_SPI0_TWI0_IRQHandler 0x000133b9   Thumb Code   224  nrf_drv_twi.o(i.SPIM0_SPIS0_TWIM0_TWIS0_SPI0_TWI0_IRQHandler)
    SWI0_EGU0_IRQHandler                     0x000134a1   Thumb Code   674  app_timer.o(i.SWI0_EGU0_IRQHandler)
    SWI1_EGU1_IRQHandler                     0x00013761   Thumb Code    18  nrf_drv_swi.o(i.SWI1_EGU1_IRQHandler)
    SWI2_EGU2_IRQHandler                     0x00013779   Thumb Code    46  nrf_sdh.o(i.SWI2_EGU2_IRQHandler)
    SystemInit                               0x000137ad   Thumb Code   698  system_nrf52.o(i.SystemInit)
    __hardfp_sqrt                            0x00013b09   Thumb Code   122  sqrt.o(i.__hardfp_sqrt)
    __hardfp_sqrtf                           0x00013b83   Thumb Code    58  sqrtf.o(i.__hardfp_sqrtf)
    __scatterload_copy                       0x00013bbd   Thumb Code    14  handlers.o(i.__scatterload_copy)
    __scatterload_null                       0x00013bcb   Thumb Code     2  handlers.o(i.__scatterload_null)
    __scatterload_zeroinit                   0x00013bcd   Thumb Code    14  handlers.o(i.__scatterload_zeroinit)
    __set_errno                              0x00013bdd   Thumb Code     6  errno.o(i.__set_errno)
    ant_channel_init                         0x00013be9   Thumb Code    74  ant_channel_config.o(i.ant_channel_init)
    ant_evt_handler                          0x00013c35   Thumb Code   380  main.o(i.ant_evt_handler)
    ant_send                                 0x00013df9   Thumb Code    88  main.o(i.ant_send)
    app_error_fault_handler                  0x00013e85   Thumb Code    84  app_error_weak.o(i.app_error_fault_handler)
    app_error_handler_bare                   0x00013f05   Thumb Code    26  app_error.o(i.app_error_handler_bare)
    app_icm_init                             0x00013f1f   Thumb Code     4  app_icm20948.o(i.app_icm_init)
    app_icm_magnetometer_init                0x00013f23   Thumb Code    74  app_icm20948.o(i.app_icm_magnetometer_init)
    app_icm_read_accel                       0x00013f6d   Thumb Code    76  app_icm20948.o(i.app_icm_read_accel)
    app_icm_read_gyro                        0x00013fb9   Thumb Code    76  app_icm20948.o(i.app_icm_read_gyro)
    app_icm_read_magnetometer                0x00014005   Thumb Code    48  app_icm20948.o(i.app_icm_read_magnetometer)
    app_timer_cnt_diff_compute               0x00014035   Thumb Code     8  app_timer.o(i.app_timer_cnt_diff_compute)
    app_timer_cnt_get                        0x0001403d   Thumb Code     6  app_timer.o(i.app_timer_cnt_get)
    app_timer_create                         0x00014049   Thumb Code    42  app_timer.o(i.app_timer_create)
    app_timer_init                           0x00014079   Thumb Code   112  app_timer.o(i.app_timer_init)
    app_timer_start                          0x00014101   Thumb Code   168  app_timer.o(i.app_timer_start)
    app_util_critical_region_enter           0x000141b1   Thumb Code    84  app_util_platform.o(i.app_util_critical_region_enter)
    app_util_critical_region_exit            0x0001420d   Thumb Code    52  app_util_platform.o(i.app_util_critical_region_exit)
    calibrazione                             0x00014349   Thumb Code  1374  main.o(i.calibrazione)
    icm_init                                 0x000148b1   Thumb Code    94  main.o(i.icm_init)
    leggi_calib_flash                        0x00014931   Thumb Code   294  main.o(i.leggi_calib_flash)
    main                                     0x00014a5d   Thumb Code   418  main.o(i.main)
    nrf_balloc_alloc                         0x00014c4d   Thumb Code    68  nrf_balloc.o(i.nrf_balloc_alloc)
    nrf_balloc_free                          0x00014c91   Thumb Code    48  nrf_balloc.o(i.nrf_balloc_free)
    nrf_balloc_init                          0x00014cc1   Thumb Code    56  nrf_balloc.o(i.nrf_balloc_init)
    nrf_drv_common_irq_enable                0x00014e19   Thumb Code    56  nrf_drv_common.o(i.nrf_drv_common_irq_enable)
    nrf_drv_mpu_init                         0x00014e51   Thumb Code    44  nrf_drv_mpu_twi.o(i.nrf_drv_mpu_init)
    nrf_drv_mpu_read_magnetometer_registers  0x00014e89   Thumb Code   112  nrf_drv_mpu_twi.o(i.nrf_drv_mpu_read_magnetometer_registers)
    nrf_drv_mpu_read_registers               0x00014f01   Thumb Code   112  nrf_drv_mpu_twi.o(i.nrf_drv_mpu_read_registers)
    nrf_drv_mpu_write_magnetometer_register  0x00014fa1   Thumb Code    68  nrf_drv_mpu_twi.o(i.nrf_drv_mpu_write_magnetometer_register)
    nrf_drv_mpu_write_single_register        0x00014fed   Thumb Code    68  nrf_drv_mpu_twi.o(i.nrf_drv_mpu_write_single_register)
    nrf_drv_saadc_channel_init               0x00015039   Thumb Code   108  nrf_drv_saadc.o(i.nrf_drv_saadc_channel_init)
    nrf_drv_saadc_init                       0x000150ad   Thumb Code   132  nrf_drv_saadc.o(i.nrf_drv_saadc_init)
    nrf_drv_saadc_sample_convert             0x0001514d   Thumb Code   264  nrf_drv_saadc.o(i.nrf_drv_saadc_sample_convert)
    nrf_drv_twi_enable                       0x00015285   Thumb Code    28  nrf_drv_twi.o(i.nrf_drv_twi_enable)
    nrf_drv_twi_init                         0x000152a5   Thumb Code   314  nrf_drv_twi.o(i.nrf_drv_twi_init)
    nrf_drv_twi_rx                           0x000153e5   Thumb Code    40  nrf_drv_twi.o(i.nrf_drv_twi_rx)
    nrf_drv_twi_tx                           0x00015411   Thumb Code    44  nrf_drv_twi.o(i.nrf_drv_twi_tx)
    nrf_drv_twi_xfer                         0x0001543d   Thumb Code   168  nrf_drv_twi.o(i.nrf_drv_twi_xfer)
    nrf_log_default_backends_init            0x000154e9   Thumb Code     2  nrf_log_default_backends.o(i.nrf_log_default_backends_init)
    nrf_log_frontend_dequeue                 0x000154ed   Thumb Code   526  nrf_log_frontend.o(i.nrf_log_frontend_dequeue)
    nrf_log_frontend_std_0                   0x00015705   Thumb Code     8  nrf_log_frontend.o(i.nrf_log_frontend_std_0)
    nrf_log_frontend_std_1                   0x0001570d   Thumb Code    14  nrf_log_frontend.o(i.nrf_log_frontend_std_1)
    nrf_log_frontend_std_2                   0x0001571b   Thumb Code    20  nrf_log_frontend.o(i.nrf_log_frontend_std_2)
    nrf_log_init                             0x00015731   Thumb Code    96  nrf_log_frontend.o(i.nrf_log_init)
    nrf_log_panic                            0x000157a5   Thumb Code    38  nrf_log_frontend.o(i.nrf_log_panic)
    nrf_memobj_alloc                         0x000157d1   Thumb Code   148  nrf_memobj.o(i.nrf_memobj_alloc)
    nrf_memobj_get                           0x00015865   Thumb Code    14  nrf_memobj.o(i.nrf_memobj_get)
    nrf_memobj_pool_init                     0x00015873   Thumb Code     4  nrf_memobj.o(i.nrf_memobj_pool_init)
    nrf_memobj_put                           0x00015877   Thumb Code    82  nrf_memobj.o(i.nrf_memobj_put)
    nrf_memobj_write                         0x000158c9   Thumb Code   142  nrf_memobj.o(i.nrf_memobj_write)
    nrf_nvmc_page_erase                      0x00015959   Thumb Code    40  nrf_nvmc.o(i.nrf_nvmc_page_erase)
    nrf_nvmc_write_words                     0x00015989   Thumb Code    66  nrf_nvmc.o(i.nrf_nvmc_write_words)
    nrf_pwr_mgmt_init                        0x000159d5   Thumb Code    90  nrf_pwr_mgmt.o(i.nrf_pwr_mgmt_init)
    nrf_pwr_mgmt_run                         0x00015a55   Thumb Code   106  nrf_pwr_mgmt.o(i.nrf_pwr_mgmt_run)
    nrf_saadc_channel_init                   0x00015b21   Thumb Code   106  nrf_saadc.o(i.nrf_saadc_channel_init)
    nrf_sdh_ant_enable                       0x00015b8d   Thumb Code    24  nrf_sdh_ant.o(i.nrf_sdh_ant_enable)
    nrf_sdh_enable_request                   0x00015bf9   Thumb Code   242  nrf_sdh.o(i.nrf_sdh_enable_request)
    nrf_sdh_is_enabled                       0x00015d31   Thumb Code     6  nrf_sdh.o(i.nrf_sdh_is_enabled)
    nrf_section_iter_init                    0x00015d3d   Thumb Code    34  nrf_section_iter.o(i.nrf_section_iter_init)
    nrf_section_iter_next                    0x00015d5f   Thumb Code    56  nrf_section_iter.o(i.nrf_section_iter_next)
    saadc_callback                           0x00016291   Thumb Code     2  main.o(i.saadc_callback)
    Region$$Table$$Base                      0x000167a4   Number         0  anon$$obj.o(Region$$Table)
    Region$$Table$$Limit                     0x000167c4   Number         0  anon$$obj.o(Region$$Table)
    log_const_data$$Base                     0x000167c4   Number         0  nrf_drv_gpiote.o(log_const_data)
    m_nrf_log_gpiote_logs_data_const         0x000167c4   Data           8  nrf_drv_gpiote.o(log_const_data)
    m_nrf_log_swi_logs_data_const            0x000167cc   Data           8  nrf_drv_swi.o(log_const_data)
    m_nrf_log_twi_logs_data_const            0x000167d4   Data           8  nrf_drv_twi.o(log_const_data)
    m_nrf_log_saadc_logs_data_const          0x000167dc   Data           8  nrf_drv_saadc.o(log_const_data)
    m_nrf_log_hardfault_logs_data_const      0x000167e4   Data           8  hardfault_implementation.o(log_const_data)
    m_nrf_log_balloc_logs_data_const         0x000167ec   Data           8  nrf_balloc.o(log_const_data)
    m_nrf_log_pwr_mgmt_logs_data_const       0x000167f4   Data           8  nrf_pwr_mgmt.o(log_const_data)
    m_nrf_log_app_logs_data_const            0x000167fc   Data           8  nrf_log_frontend.o(log_const_data)
    m_nrf_log_nrf_sdh_logs_data_const        0x00016804   Data           8  nrf_sdh.o(log_const_data)
    m_nrf_log_nrf_sdh_ant_logs_data_const    0x0001680c   Data           8  nrf_sdh_ant.o(log_const_data)
    log_const_data$$Limit                    0x00016814   Number         0  nrf_sdh_ant.o(log_const_data)
    sdh_ant_observers1$$Base                 0x00016814   Number         0  main.o(sdh_ant_observers1)
    sdh_ant_observers1$$Limit                0x0001681c   Number         0  main.o(sdh_ant_observers1)
    sdh_stack_observers0$$Base               0x0001681c   Number         0  nrf_sdh_ant.o(sdh_stack_observers0)
    sdh_stack_observers0$$Limit              0x00016824   Number         0  nrf_sdh_ant.o(sdh_stack_observers0)
    sample                                   0x20000b80   Data           2  main.o(.data)
    count                                    0x20000b84   Data           4  main.o(.data)
    stato                                    0x20000b88   Data           4  main.o(.data)
    i                                        0x20000b8c   Data           4  main.o(.data)
    cal_rec                                  0x20000b90   Data           4  main.o(.data)
    flag_cal                                 0x20000b94   Data           4  main.o(.data)
    notshown                                 0x20000b98   Data           4  main.o(.data)
    mx                                       0x20000b9c   Data           4  main.o(.data)
    my                                       0x20000ba0   Data           4  main.o(.data)
    mz                                       0x20000ba4   Data           4  main.o(.data)
    err_code                                 0x20000ba8   Data           4  main.o(.data)
    acc_values                               0x20000bac   Data           6  main.o(.data)
    magn_values                              0x20000bb2   Data           6  main.o(.data)
    gyro_values                              0x20000bb8   Data           6  main.o(.data)
    q                                        0x20000bc0   Data          16  main.o(.data)
    magnetometer_bias                        0x20000bd0   Data          12  main.o(.data)
    magnetometer_scale                       0x20000bdc   Data          12  main.o(.data)
    acc_bias                                 0x20000be8   Data          12  main.o(.data)
    gyro_bias                                0x20000bf4   Data          12  main.o(.data)
    SystemCoreClock                          0x20000c44   Data           4  system_nrf52.o(.data)
    log_dynamic_data$$Base                   0x20000c4c   Number         0  nrf_drv_gpiote.o(log_dynamic_data)
    m_nrf_log_gpiote_logs_data_dynamic       0x20000c4c   Data          12  nrf_drv_gpiote.o(log_dynamic_data)
    m_nrf_log_swi_logs_data_dynamic          0x20000c58   Data          12  nrf_drv_swi.o(log_dynamic_data)
    m_nrf_log_twi_logs_data_dynamic          0x20000c64   Data          12  nrf_drv_twi.o(log_dynamic_data)
    m_nrf_log_saadc_logs_data_dynamic        0x20000c70   Data          12  nrf_drv_saadc.o(log_dynamic_data)
    m_nrf_log_hardfault_logs_data_dynamic    0x20000c7c   Data          12  hardfault_implementation.o(log_dynamic_data)
    m_nrf_log_balloc_logs_data_dynamic       0x20000c88   Data          12  nrf_balloc.o(log_dynamic_data)
    m_nrf_log_pwr_mgmt_logs_data_dynamic     0x20000c94   Data          12  nrf_pwr_mgmt.o(log_dynamic_data)
    m_nrf_log_app_logs_data_dynamic          0x20000ca0   Data          12  nrf_log_frontend.o(log_dynamic_data)
    m_nrf_log_nrf_sdh_logs_data_dynamic      0x20000cac   Data          12  nrf_sdh.o(log_dynamic_data)
    m_nrf_log_nrf_sdh_ant_logs_data_dynamic  0x20000cb8   Data          12  nrf_sdh_ant.o(log_dynamic_data)
    quat                                     0x20000ce4   Data          16  main.o(.bss)
    acc                                      0x20000cf4   Data          12  main.o(.bss)
    gyro                                     0x20000d00   Data          12  main.o(.bss)
    nrf_nvic_state                           0x20000ec8   Data          12  app_util_platform.o(.bss)
    STACK$$Base                              0x20001460   Number         0  arm_startup_nrf52.o(STACK)
    STACK$$Limit                             0x20003460   Number         0  arm_startup_nrf52.o(STACK)
    __initial_sp                             0x20003460   Data           0  arm_startup_nrf52.o(STACK)



==============================================================================

Memory Map of the image

  Image Entry point : 0x00012201

  Load Region LR_IROM1 (Base: 0x00012000, Size: 0x00004968, Max: 0x0006e000, ABSOLUTE, COMPRESSED[0x00004864])

    Execution Region ER_IROM1 (Exec base: 0x00012000, Load base: 0x00012000, Size: 0x00004824, Max: 0x0006e000, ABSOLUTE)

    Exec Addr    Load Addr    Size         Type   Attr      Idx    E Section Name        Object

    0x00012000   0x00012000   0x00000200   Data   RO         3183    RESET               arm_startup_nrf52.o
    0x00012200   0x00012200   0x00000000   Code   RO         3248  * .ARM.Collect$$$$00000000  mc_w.l(entry.o)
    0x00012200   0x00012200   0x00000004   Code   RO         3301    .ARM.Collect$$$$00000001  mc_w.l(entry2.o)
    0x00012204   0x00012204   0x00000004   Code   RO         3304    .ARM.Collect$$$$00000004  mc_w.l(entry5.o)
    0x00012208   0x00012208   0x00000000   Code   RO         3306    .ARM.Collect$$$$00000008  mc_w.l(entry7b.o)
    0x00012208   0x00012208   0x00000000   Code   RO         3308    .ARM.Collect$$$$0000000A  mc_w.l(entry8b.o)
    0x00012208   0x00012208   0x00000008   Code   RO         3309    .ARM.Collect$$$$0000000B  mc_w.l(entry9a.o)
    0x00012210   0x00012210   0x00000004   Code   RO         3316    .ARM.Collect$$$$0000000E  mc_w.l(entry12b.o)
    0x00012214   0x00012214   0x00000000   Code   RO         3311    .ARM.Collect$$$$0000000F  mc_w.l(entry10a.o)
    0x00012214   0x00012214   0x00000000   Code   RO         3313    .ARM.Collect$$$$00000011  mc_w.l(entry11a.o)
    0x00012214   0x00012214   0x00000004   Code   RO         3302    .ARM.Collect$$$$00002712  mc_w.l(entry2.o)
    0x00012218   0x00012218   0x00000034   Code   RO         2046    .emb_text           hardfault_handler_keil.o
    0x0001224c   0x0001224c   0x0000009a   Code   RO         2171    .emb_text           nrf_memobj.o
    0x000122e6   0x000122e6   0x00000002   PAD
    0x000122e8   0x000122e8   0x0000009a   Code   RO         2745    .emb_text           nrf_log_frontend.o
    0x00012382   0x00012382   0x00000002   PAD
    0x00012384   0x00012384   0x00000024   Code   RO         3184    .text               arm_startup_nrf52.o
    0x000123a8   0x000123a8   0x00000024   Code   RO         3281    .text               mc_w.l(memcpya.o)
    0x000123cc   0x000123cc   0x00000024   Code   RO         3283    .text               mc_w.l(memseta.o)
    0x000123f0   0x000123f0   0x0000014e   Code   RO         3289    .text               mf_w.l(dadd.o)
    0x0001253e   0x0001253e   0x000000e4   Code   RO         3291    .text               mf_w.l(dmul.o)
    0x00012622   0x00012622   0x000000de   Code   RO         3293    .text               mf_w.l(ddiv.o)
    0x00012700   0x00012700   0x00000022   Code   RO         3295    .text               mf_w.l(dflti.o)
    0x00012722   0x00012722   0x00000026   Code   RO         3297    .text               mf_w.l(f2d.o)
    0x00012748   0x00012748   0x00000038   Code   RO         3299    .text               mf_w.l(d2f.o)
    0x00012780   0x00012780   0x0000001e   Code   RO         3317    .text               mc_w.l(llshl.o)
    0x0001279e   0x0001279e   0x00000020   Code   RO         3319    .text               mc_w.l(llushr.o)
    0x000127be   0x000127be   0x00000024   Code   RO         3321    .text               mc_w.l(llsshr.o)
    0x000127e2   0x000127e2   0x00000000   Code   RO         3330    .text               mc_w.l(iusefp.o)
    0x000127e2   0x000127e2   0x0000006e   Code   RO         3331    .text               mf_w.l(fepilogue.o)
    0x00012850   0x00012850   0x000000ba   Code   RO         3333    .text               mf_w.l(depilogue.o)
    0x0001290a   0x0001290a   0x000000a2   Code   RO         3335    .text               mf_w.l(dsqrt.o)
    0x000129ac   0x000129ac   0x00000024   Code   RO         3339    .text               mc_w.l(init.o)
    0x000129d0   0x000129d0   0x0000003a   Code   RO         3349    .text               mc_w.l(__dczerorl.o)
    0x00012a0a   0x00012a0a   0x00000002   PAD
    0x00012a0c   0x00012a0c   0x000001b4   Code   RO          877    i.GPIOTE_IRQHandler  nrf_drv_gpiote.o
    0x00012bc0   0x00012bc0   0x00000018   Code   RO         2068    i.HardFault_c_handler  hardfault_implementation.o
    0x00012bd8   0x00012bd8   0x00000024   Code   RO         2069    i.HardFault_process  hardfault_implementation.o
    0x00012bfc   0x00012bfc   0x00000016   Code   RO          417    i.ICM20948_configAccel  app_icm20948.o
    0x00012c12   0x00012c12   0x00000016   Code   RO          418    i.ICM20948_configGyro  app_icm20948.o
    0x00012c28   0x00012c28   0x00000016   Code   RO          420    i.ICM20948_enableAccelGyro  app_icm20948.o
    0x00012c3e   0x00012c3e   0x00000016   Code   RO          422    i.ICM20948_reset    app_icm20948.o
    0x00012c54   0x00012c54   0x00000016   Code   RO          423    i.ICM20948_resetMag  app_icm20948.o
    0x00012c6a   0x00012c6a   0x00000016   Code   RO          424    i.ICM20948_selectAutoClockSource  app_icm20948.o
    0x00012c80   0x00012c80   0x00000024   Code   RO          425    i.ICM20948_setAccelSrd  app_icm20948.o
    0x00012ca4   0x00012ca4   0x0000001a   Code   RO          426    i.ICM20948_setGyroSrd  app_icm20948.o
    0x00012cbe   0x00012cbe   0x00000002   PAD
    0x00012cc0   0x00012cc0   0x000004e8   Code   RO            4    i.MadgwickQuaternionUpdate  main.o
    0x000131a8   0x000131a8   0x0000009c   Code   RO         1882    i.RTC1_IRQHandler   app_timer.o
    0x00013244   0x00013244   0x00000174   Code   RO         1530    i.SAADC_IRQHandler  nrf_drv_saadc.o
    0x000133b8   0x000133b8   0x000000e8   Code   RO         1239    i.SPIM0_SPIS0_TWIM0_TWIS0_SPI0_TWI0_IRQHandler  nrf_drv_twi.o
    0x000134a0   0x000134a0   0x000002c0   Code   RO         1883    i.SWI0_EGU0_IRQHandler  app_timer.o
    0x00013760   0x00013760   0x00000018   Code   RO         1165    i.SWI1_EGU1_IRQHandler  nrf_drv_swi.o
    0x00013778   0x00013778   0x00000034   Code   RO         3053    i.SWI2_EGU2_IRQHandler  nrf_sdh.o
    0x000137ac   0x000137ac   0x0000035c   Code   RO         3192    i.SystemInit        system_nrf52.o
    0x00013b08   0x00013b08   0x0000007a   Code   RO         3224    i.__hardfp_sqrt     m_wm.l(sqrt.o)
    0x00013b82   0x00013b82   0x0000003a   Code   RO         3236    i.__hardfp_sqrtf    m_wm.l(sqrtf.o)
    0x00013bbc   0x00013bbc   0x0000000e   Code   RO         3343    i.__scatterload_copy  mc_w.l(handlers.o)
    0x00013bca   0x00013bca   0x00000002   Code   RO         3344    i.__scatterload_null  mc_w.l(handlers.o)
    0x00013bcc   0x00013bcc   0x0000000e   Code   RO         3345    i.__scatterload_zeroinit  mc_w.l(handlers.o)
    0x00013bda   0x00013bda   0x00000002   PAD
    0x00013bdc   0x00013bdc   0x0000000c   Code   RO         3325    i.__set_errno       mc_w.l(errno.o)
    0x00013be8   0x00013be8   0x0000004a   Code   RO          815    i.ant_channel_init  ant_channel_config.o
    0x00013c32   0x00013c32   0x00000002   PAD
    0x00013c34   0x00013c34   0x000001c4   Code   RO            5    i.ant_evt_handler   main.o
    0x00013df8   0x00013df8   0x0000008c   Code   RO            6    i.ant_send          main.o
    0x00013e84   0x00013e84   0x00000080   Code   RO         1821    i.app_error_fault_handler  app_error_weak.o
    0x00013f04   0x00013f04   0x0000001a   Code   RO         1782    i.app_error_handler_bare  app_error.o
    0x00013f1e   0x00013f1e   0x00000004   Code   RO          429    i.app_icm_init      app_icm20948.o
    0x00013f22   0x00013f22   0x0000004a   Code   RO          431    i.app_icm_magnetometer_init  app_icm20948.o
    0x00013f6c   0x00013f6c   0x0000004c   Code   RO          432    i.app_icm_read_accel  app_icm20948.o
    0x00013fb8   0x00013fb8   0x0000004c   Code   RO          433    i.app_icm_read_gyro  app_icm20948.o
    0x00014004   0x00014004   0x00000030   Code   RO          434    i.app_icm_read_magnetometer  app_icm20948.o
    0x00014034   0x00014034   0x00000008   Code   RO         1884    i.app_timer_cnt_diff_compute  app_timer.o
    0x0001403c   0x0001403c   0x0000000c   Code   RO         1885    i.app_timer_cnt_get  app_timer.o
    0x00014048   0x00014048   0x00000030   Code   RO         1886    i.app_timer_create  app_timer.o
    0x00014078   0x00014078   0x00000088   Code   RO         1887    i.app_timer_init    app_timer.o
    0x00014100   0x00014100   0x000000b0   Code   RO         1890    i.app_timer_start   app_timer.o
    0x000141b0   0x000141b0   0x0000005c   Code   RO         1978    i.app_util_critical_region_enter  app_util_platform.o
    0x0001420c   0x0001420c   0x00000038   Code   RO         1979    i.app_util_critical_region_exit  app_util_platform.o
    0x00014244   0x00014244   0x00000100   Code   RO         2746    i.buf_prealloc      nrf_log_frontend.o
    0x00014344   0x00014344   0x00000004   PAD
    0x00014348   0x00014348   0x00000568   Code   RO            7    i.calibrazione      main.o
    0x000148b0   0x000148b0   0x00000080   Code   RO            8    i.icm_init          main.o
    0x00014930   0x00014930   0x0000012c   Code   RO            9    i.leggi_calib_flash  main.o
    0x00014a5c   0x00014a5c   0x000001f0   Code   RO           10    i.main              main.o
    0x00014c4c   0x00014c4c   0x00000044   Code   RO         2130    i.nrf_balloc_alloc  nrf_balloc.o
    0x00014c90   0x00014c90   0x00000030   Code   RO         2131    i.nrf_balloc_free   nrf_balloc.o
    0x00014cc0   0x00014cc0   0x00000038   Code   RO         2132    i.nrf_balloc_init   nrf_balloc.o
    0x00014cf8   0x00014cf8   0x00000090   Code   RO         1240    i.nrf_delay_us      nrf_drv_twi.o
    0x00014d88   0x00014d88   0x00000090   Code   RO         1893    i.nrf_delay_us      app_timer.o
    0x00014e18   0x00014e18   0x00000038   Code   RO          839    i.nrf_drv_common_irq_enable  nrf_drv_common.o
    0x00014e50   0x00014e50   0x00000038   Code   RO          329    i.nrf_drv_mpu_init  nrf_drv_mpu_twi.o
    0x00014e88   0x00014e88   0x00000078   Code   RO          330    i.nrf_drv_mpu_read_magnetometer_registers  nrf_drv_mpu_twi.o
    0x00014f00   0x00014f00   0x00000078   Code   RO          331    i.nrf_drv_mpu_read_registers  nrf_drv_mpu_twi.o
    0x00014f78   0x00014f78   0x00000028   Code   RO          332    i.nrf_drv_mpu_twi_event_handler  nrf_drv_mpu_twi.o
    0x00014fa0   0x00014fa0   0x0000004c   Code   RO          333    i.nrf_drv_mpu_write_magnetometer_register  nrf_drv_mpu_twi.o
    0x00014fec   0x00014fec   0x0000004c   Code   RO          335    i.nrf_drv_mpu_write_single_register  nrf_drv_mpu_twi.o
    0x00015038   0x00015038   0x00000074   Code   RO         1534    i.nrf_drv_saadc_channel_init  nrf_drv_saadc.o
    0x000150ac   0x000150ac   0x000000a0   Code   RO         1536    i.nrf_drv_saadc_init  nrf_drv_saadc.o
    0x0001514c   0x0001514c   0x00000138   Code   RO         1540    i.nrf_drv_saadc_sample_convert  nrf_drv_saadc.o
    0x00015284   0x00015284   0x00000020   Code   RO         1243    i.nrf_drv_twi_enable  nrf_drv_twi.o
    0x000152a4   0x000152a4   0x00000140   Code   RO         1244    i.nrf_drv_twi_init  nrf_drv_twi.o
    0x000153e4   0x000153e4   0x0000002c   Code   RO         1246    i.nrf_drv_twi_rx    nrf_drv_twi.o
    0x00015410   0x00015410   0x0000002c   Code   RO         1249    i.nrf_drv_twi_tx    nrf_drv_twi.o
    0x0001543c   0x0001543c   0x000000ac   Code   RO         1251    i.nrf_drv_twi_xfer  nrf_drv_twi.o
    0x000154e8   0x000154e8   0x00000002   Code   RO         2993    i.nrf_log_default_backends_init  nrf_log_default_backends.o
    0x000154ea   0x000154ea   0x00000002   PAD
    0x000154ec   0x000154ec   0x00000218   Code   RO         2751    i.nrf_log_frontend_dequeue  nrf_log_frontend.o
    0x00015704   0x00015704   0x00000008   Code   RO         2753    i.nrf_log_frontend_std_0  nrf_log_frontend.o
    0x0001570c   0x0001570c   0x0000000e   Code   RO         2754    i.nrf_log_frontend_std_1  nrf_log_frontend.o
    0x0001571a   0x0001571a   0x00000014   Code   RO         2755    i.nrf_log_frontend_std_2  nrf_log_frontend.o
    0x0001572e   0x0001572e   0x00000002   PAD
    0x00015730   0x00015730   0x00000074   Code   RO         2760    i.nrf_log_init      nrf_log_frontend.o
    0x000157a4   0x000157a4   0x0000002c   Code   RO         2765    i.nrf_log_panic     nrf_log_frontend.o
    0x000157d0   0x000157d0   0x00000094   Code   RO         2172    i.nrf_memobj_alloc  nrf_memobj.o
    0x00015864   0x00015864   0x0000000e   Code   RO         2174    i.nrf_memobj_get    nrf_memobj.o
    0x00015872   0x00015872   0x00000004   Code   RO         2175    i.nrf_memobj_pool_init  nrf_memobj.o
    0x00015876   0x00015876   0x00000052   Code   RO         2176    i.nrf_memobj_put    nrf_memobj.o
    0x000158c8   0x000158c8   0x0000008e   Code   RO         2178    i.nrf_memobj_write  nrf_memobj.o
    0x00015956   0x00015956   0x00000002   PAD
    0x00015958   0x00015958   0x00000030   Code   RO         1671    i.nrf_nvmc_page_erase  nrf_nvmc.o
    0x00015988   0x00015988   0x0000004c   Code   RO         1675    i.nrf_nvmc_write_words  nrf_nvmc.o
    0x000159d4   0x000159d4   0x00000080   Code   RO         2253    i.nrf_pwr_mgmt_init  nrf_pwr_mgmt.o
    0x00015a54   0x00015a54   0x00000074   Code   RO         2254    i.nrf_pwr_mgmt_run  nrf_pwr_mgmt.o
    0x00015ac8   0x00015ac8   0x00000058   Code   RO         2256    i.nrf_pwr_mgmt_timeout_handler  nrf_pwr_mgmt.o
    0x00015b20   0x00015b20   0x0000006a   Code   RO         1644    i.nrf_saadc_channel_init  nrf_saadc.o
    0x00015b8a   0x00015b8a   0x00000002   PAD
    0x00015b8c   0x00015b8c   0x0000001c   Code   RO         3145    i.nrf_sdh_ant_enable  nrf_sdh_ant.o
    0x00015ba8   0x00015ba8   0x00000050   Code   RO         3146    i.nrf_sdh_ant_evts_poll  nrf_sdh_ant.o
    0x00015bf8   0x00015bf8   0x00000138   Code   RO         3055    i.nrf_sdh_enable_request  nrf_sdh.o
    0x00015d30   0x00015d30   0x0000000c   Code   RO         3057    i.nrf_sdh_is_enabled  nrf_sdh.o
    0x00015d3c   0x00015d3c   0x00000022   Code   RO         2332    i.nrf_section_iter_init  nrf_section_iter.o
    0x00015d5e   0x00015d5e   0x00000038   Code   RO         2333    i.nrf_section_iter_next  nrf_section_iter.o
    0x00015d96   0x00015d96   0x00000002   PAD
    0x00015d98   0x00015d98   0x000004f8   Code   RO           11    i.repeated_timer_handler  main.o
    0x00016290   0x00016290   0x00000002   Code   RO           12    i.saadc_callback    main.o
    0x00016292   0x00016292   0x00000002   PAD
    0x00016294   0x00016294   0x000000c8   Code   RO         2767    i.std_n             nrf_log_frontend.o
    0x0001635c   0x0001635c   0x000000dc   Code   RO         1252    i.twi_rx_start_transfer  nrf_drv_twi.o
    0x00016438   0x00016438   0x00000114   Code   RO         1253    i.twi_transfer      nrf_drv_twi.o
    0x0001654c   0x0001654c   0x000000f8   Code   RO         1254    i.twi_tx_start_transfer  nrf_drv_twi.o
    0x00016644   0x00016644   0x00000028   Data   RO           20    .constdata          main.o
    0x0001666c   0x0001666c   0x00000018   Data   RO          337    .constdata          nrf_drv_mpu_twi.o
    0x00016684   0x00016684   0x00000004   Data   RO          902    .constdata          nrf_drv_gpiote.o
    0x00016688   0x00016688   0x0000000c   Data   RO         1259    .constdata          nrf_drv_twi.o
    0x00016694   0x00016694   0x00000004   Data   RO         1544    .constdata          nrf_drv_saadc.o
    0x00016698   0x00016698   0x00000018   Data   RO         2259    .constdata          nrf_pwr_mgmt.o
    0x000166b0   0x000166b0   0x00000010   Data   RO         2260    .constdata          nrf_pwr_mgmt.o
    0x000166c0   0x000166c0   0x00000014   Data   RO         2770    .constdata          nrf_log_frontend.o
    0x000166d4   0x000166d4   0x00000010   Data   RO         3062    .constdata          nrf_sdh.o
    0x000166e4   0x000166e4   0x00000028   Data   RO         3063    .constdata          nrf_sdh.o
    0x0001670c   0x0001670c   0x00000010   Data   RO         3064    .constdata          nrf_sdh.o
    0x0001671c   0x0001671c   0x00000010   Data   RO         3065    .constdata          nrf_sdh.o
    0x0001672c   0x0001672c   0x00000010   Data   RO         3148    .constdata          nrf_sdh_ant.o
    0x0001673c   0x0001673c   0x00000018   Data   RO         3149    .constdata          nrf_sdh_ant.o
    0x00016754   0x00016754   0x00000007   Data   RO          906    .conststrlit        nrf_drv_gpiote.o
    0x0001675b   0x0001675b   0x00000001   PAD
    0x0001675c   0x0001675c   0x00000004   Data   RO         1173    .conststrlit        nrf_drv_swi.o
    0x00016760   0x00016760   0x00000004   Data   RO         1260    .conststrlit        nrf_drv_twi.o
    0x00016764   0x00016764   0x00000006   Data   RO         1552    .conststrlit        nrf_drv_saadc.o
    0x0001676a   0x0001676a   0x00000002   PAD
    0x0001676c   0x0001676c   0x0000000a   Data   RO         2070    .conststrlit        hardfault_implementation.o
    0x00016776   0x00016776   0x00000002   PAD
    0x00016778   0x00016778   0x00000007   Data   RO         2133    .conststrlit        nrf_balloc.o
    0x0001677f   0x0001677f   0x00000001   PAD
    0x00016780   0x00016780   0x00000009   Data   RO         2261    .conststrlit        nrf_pwr_mgmt.o
    0x00016789   0x00016789   0x00000003   PAD
    0x0001678c   0x0001678c   0x00000004   Data   RO         2772    .conststrlit        nrf_log_frontend.o
    0x00016790   0x00016790   0x00000008   Data   RO         3066    .conststrlit        nrf_sdh.o
    0x00016798   0x00016798   0x0000000c   Data   RO         3150    .conststrlit        nrf_sdh_ant.o
    0x000167a4   0x000167a4   0x00000020   Data   RO         3341    Region$$Table       anon$$obj.o
    0x000167c4   0x000167c4   0x00000008   Data   RO          907    log_const_data      nrf_drv_gpiote.o
    0x000167cc   0x000167cc   0x00000008   Data   RO         1175    log_const_data      nrf_drv_swi.o
    0x000167d4   0x000167d4   0x00000008   Data   RO         1261    log_const_data      nrf_drv_twi.o
    0x000167dc   0x000167dc   0x00000008   Data   RO         1553    log_const_data      nrf_drv_saadc.o
    0x000167e4   0x000167e4   0x00000008   Data   RO         2071    log_const_data      hardfault_implementation.o
    0x000167ec   0x000167ec   0x00000008   Data   RO         2134    log_const_data      nrf_balloc.o
    0x000167f4   0x000167f4   0x00000008   Data   RO         2263    log_const_data      nrf_pwr_mgmt.o
    0x000167fc   0x000167fc   0x00000008   Data   RO         2776    log_const_data      nrf_log_frontend.o
    0x00016804   0x00016804   0x00000008   Data   RO         3068    log_const_data      nrf_sdh.o
    0x0001680c   0x0001680c   0x00000008   Data   RO         3151    log_const_data      nrf_sdh_ant.o
    0x00016814   0x00016814   0x00000008   Data   RO           29    sdh_ant_observers1  main.o
    0x0001681c   0x0001681c   0x00000008   Data   RO         3153    sdh_stack_observers0  nrf_sdh_ant.o


    Execution Region RW_IRAM1 (Exec base: 0x20000b80, Load base: 0x00016824, Size: 0x000028e0, Max: 0x0000f480, ABSOLUTE, COMPRESSED[0x00000040])

    Exec Addr    Load Addr    Size         Type   Attr      Idx    E Section Name        Object

    0x20000b80   COMPRESSED   0x00000080   Data   RW           25    .data               main.o
    0x20000c00   COMPRESSED   0x00000002   Data   RW          338    .data               nrf_drv_mpu_twi.o
    0x20000c02   COMPRESSED   0x00000002   PAD
    0x20000c04   COMPRESSED   0x00000008   Data   RW         1174    .data               nrf_drv_swi.o
    0x20000c0c   COMPRESSED   0x00000014   Data   RW         1895    .data               app_timer.o
    0x20000c20   COMPRESSED   0x00000010   Data   RW         2262    .data               nrf_pwr_mgmt.o
    0x20000c30   COMPRESSED   0x00000008   Data   RW         2774    .data               nrf_log_frontend.o
    0x20000c38   COMPRESSED   0x00000008   Data   RW         2775    .data               nrf_log_frontend.o
    0x20000c40   COMPRESSED   0x00000003   Data   RW         3067    .data               nrf_sdh.o
    0x20000c43   COMPRESSED   0x00000001   PAD
    0x20000c44   COMPRESSED   0x00000004   Data   RW         3193    .data               system_nrf52.o
    0x20000c48   COMPRESSED   0x00000004   Data   RW         3326    .data               mc_w.l(errno.o)
    0x20000c4c   COMPRESSED   0x0000000c   Data   RW          908    log_dynamic_data    nrf_drv_gpiote.o
    0x20000c58   COMPRESSED   0x0000000c   Data   RW         1176    log_dynamic_data    nrf_drv_swi.o
    0x20000c64   COMPRESSED   0x0000000c   Data   RW         1262    log_dynamic_data    nrf_drv_twi.o
    0x20000c70   COMPRESSED   0x0000000c   Data   RW         1554    log_dynamic_data    nrf_drv_saadc.o
    0x20000c7c   COMPRESSED   0x0000000c   Data   RW         2072    log_dynamic_data    hardfault_implementation.o
    0x20000c88   COMPRESSED   0x0000000c   Data   RW         2135    log_dynamic_data    nrf_balloc.o
    0x20000c94   COMPRESSED   0x0000000c   Data   RW         2264    log_dynamic_data    nrf_pwr_mgmt.o
    0x20000ca0   COMPRESSED   0x0000000c   Data   RW         2777    log_dynamic_data    nrf_log_frontend.o
    0x20000cac   COMPRESSED   0x0000000c   Data   RW         3069    log_dynamic_data    nrf_sdh.o
    0x20000cb8   COMPRESSED   0x0000000c   Data   RW         3152    log_dynamic_data    nrf_sdh_ant.o
    0x20000cc4        -       0x00000020   Zero   RW           16    .bss                main.o
    0x20000ce4        -       0x00000028   Zero   RW           17    .bss                main.o
    0x20000d0c        -       0x00000058   Zero   RW          901    .bss                nrf_drv_gpiote.o
    0x20000d64        -       0x00000028   Zero   RW         1255    .bss                nrf_drv_twi.o
    0x20000d8c        -       0x00000030   Zero   RW         1543    .bss                nrf_drv_saadc.o
    0x20000dbc        -       0x0000010c   Zero   RW         1894    .bss                app_timer.o
    0x20000ec8        -       0x0000000c   Zero   RW         1984    .bss                app_util_platform.o
    0x20000ed4        -       0x00000020   Zero   RW         2257    .bss                nrf_pwr_mgmt.o
    0x20000ef4        -       0x0000000c   Zero   RW         2258    .bss                nrf_pwr_mgmt.o
    0x20000f00        -       0x000000c0   Zero   RW         2768    .bss                nrf_log_frontend.o
    0x20000fc0        -       0x00000420   Zero   RW         2769    .bss                nrf_log_frontend.o
    0x200013e0        -       0x00000080   Zero   RW         3147    .bss                nrf_sdh_ant.o
    0x20001460        -       0x00002000   Zero   RW         3181    STACK               arm_startup_nrf52.o


==============================================================================

Image component sizes


      Code (inc. data)   RO Data    RW Data    ZI Data      Debug   Object Name

        74          0          0          0          0       1803   ant_channel_config.o
        26          0          0          0          0       2309   app_error.o
       128         44          0          0          0      30913   app_error_weak.o
       472          0          0          0          0      15617   app_icm20948.o
      1384        102          0         20        268      41395   app_timer.o
       148         12          0          0         12      10182   app_util_platform.o
        36          8        512          0       8192        992   arm_startup_nrf52.o
        52         14          0          0          0        692   hardfault_handler_keil.o
        60         10         18         12          0       3274   hardfault_implementation.o
      5430        500         48        128         72     117268   main.o
       172          0         15         12          0       4253   nrf_balloc.o
        56          0          0          0          0      27675   nrf_drv_common.o
       436         16         19         12         88      23111   nrf_drv_gpiote.o
       488         48         24          2          0      14856   nrf_drv_mpu_twi.o
       960        114         18         12         48      16810   nrf_drv_saadc.o
        24          6         12         20          0       4411   nrf_drv_swi.o
      1732         36         24         12         40      30776   nrf_drv_twi.o
         2          0          0          0          0        768   nrf_log_default_backends.o
      1348         46         32         28       1248      26568   nrf_log_frontend.o
       544          0          0          0          0      10853   nrf_memobj.o
         0          0          0          0          0       1472   nrf_nvic.o
       124         18          0          0          0       2619   nrf_nvmc.o
       332         72         57         28         44      48695   nrf_pwr_mgmt.o
       106          0          0          0          0       6877   nrf_saadc.o
       376         82        104         15          0      37947   nrf_sdh.o
       108         10         68         12        128       3693   nrf_sdh_ant.o
        90          0          0          0          0       2456   nrf_section_iter.o
       860        162          0          4          0       3195   system_nrf52.o

    ----------------------------------------------------------------------
     15592       1304        992        320      10140     491480   Object Totals
         0          0         32          0          0          0   (incl. Generated)
        24          4          9          3          0          0   (incl. Padding)

    ----------------------------------------------------------------------

      Code (inc. data)   RO Data    RW Data    ZI Data      Debug   Library Member Name

       122          0          0          0          0        148   sqrt.o
        58          0          0          0          0        136   sqrtf.o
        58          0          0          0          0          0   __dczerorl.o
         0          0          0          0          0          0   entry.o
         0          0          0          0          0          0   entry10a.o
         0          0          0          0          0          0   entry11a.o
         4          0          0          0          0          0   entry12b.o
         8          4          0          0          0          0   entry2.o
         4          0          0          0          0          0   entry5.o
         0          0          0          0          0          0   entry7b.o
         0          0          0          0          0          0   entry8b.o
         8          4          0          0          0          0   entry9a.o
        12          6          0          4          0         68   errno.o
        30          0          0          0          0          0   handlers.o
        36          8          0          0          0         68   init.o
         0          0          0          0          0          0   iusefp.o
        30          0          0          0          0         68   llshl.o
        36          0          0          0          0         68   llsshr.o
        32          0          0          0          0         68   llushr.o
        36          0          0          0          0         68   memcpya.o
        36          0          0          0          0        108   memseta.o
        56          0          0          0          0         88   d2f.o
       334          0          0          0          0        148   dadd.o
       222          0          0          0          0        100   ddiv.o
       186          0          0          0          0        176   depilogue.o
        34          0          0          0          0         76   dflti.o
       228          0          0          0          0         96   dmul.o
       162          0          0          0          0        100   dsqrt.o
        38          0          0          0          0         68   f2d.o
       110          0          0          0          0        168   fepilogue.o

    ----------------------------------------------------------------------
      1884         22          0          4          0       1820   Library Totals
         4          0          0          0          0          0   (incl. Padding)

    ----------------------------------------------------------------------

      Code (inc. data)   RO Data    RW Data    ZI Data      Debug   Library Name

       180          0          0          0          0        284   m_wm.l
       330         22          0          4          0        516   mc_w.l
      1370          0          0          0          0       1020   mf_w.l

    ----------------------------------------------------------------------
      1884         22          0          4          0       1820   Library Totals

    ----------------------------------------------------------------------

==============================================================================


      Code (inc. data)   RO Data    RW Data    ZI Data      Debug   

     17476       1326        992        324      10140     484008   Grand Totals
     17476       1326        992         64      10140     484008   ELF Image Totals (compressed)
     17476       1326        992         64          0          0   ROM Totals

==============================================================================

    Total RO  Size (Code + RO Data)                18468 (  18.04kB)
    Total RW  Size (RW Data + ZI Data)             10464 (  10.22kB)
    Total ROM Size (Code + RO Data + RW Data)      18532 (  18.10kB)

==============================================================================

