Component: ARM Compiler 5.06 update 7 (build 960) Tool: armlink [4d3601]

==============================================================================

Section Cross References

    main.o(i.ant_evt_handler) refers to nrf_log_frontend.o(i.nrf_log_frontend_std_0) for nrf_log_frontend_std_0
    main.o(i.ant_evt_handler) refers to app_error.o(i.app_error_handler_bare) for app_error_handler_bare
    main.o(i.ant_evt_handler) refers to main.o(.data) for .data
    main.o(i.ant_evt_handler) refers to nrf_log_frontend.o(log_const_data) for m_nrf_log_app_logs_data_const
    main.o(i.ant_send) refers to app_error.o(i.app_error_handler_bare) for app_error_handler_bare
    main.o(i.ant_send) refers to nrf_log_frontend.o(i.nrf_log_frontend_std_2) for nrf_log_frontend_std_2
    main.o(i.ant_send) refers to nrf_log_frontend.o(log_const_data) for m_nrf_log_app_logs_data_const
    main.o(i.main) refers to nrf_log_frontend.o(i.nrf_log_init) for nrf_log_init
    main.o(i.main) refers to app_error.o(i.app_error_handler_bare) for app_error_handler_bare
    main.o(i.main) refers to nrf_log_default_backends.o(i.nrf_log_default_backends_init) for nrf_log_default_backends_init
    main.o(i.main) refers to main.o(i.saadc_init) for saadc_init
    main.o(i.main) refers to main.o(i.twi_init) for twi_init
    main.o(i.main) refers to nrf_sdh.o(i.nrf_sdh_enable_request) for nrf_sdh_enable_request
    main.o(i.main) refers to nrf_sdh_ant.o(i.nrf_sdh_ant_enable) for nrf_sdh_ant_enable
    main.o(i.main) refers to ant_channel_config.o(i.ant_channel_init) for ant_channel_init
    main.o(i.main) refers to app_timer2.o(i.app_timer_init) for app_timer_init
    main.o(i.main) refers to bsp.o(i.bsp_init) for bsp_init
    main.o(i.main) refers to nrf_pwr_mgmt.o(i.nrf_pwr_mgmt_init) for nrf_pwr_mgmt_init
    main.o(i.main) refers to nrf_log_frontend.o(i.nrf_log_frontend_std_0) for nrf_log_frontend_std_0
    main.o(i.main) refers to memseta.o(.text) for __aeabi_memset
    main.o(i.main) refers to app_timer2.o(i.app_timer_create) for app_timer_create
    main.o(i.main) refers to app_timer2.o(i.app_timer_start) for app_timer_start
    main.o(i.main) refers to nrf_log_frontend.o(i.nrf_log_frontend_dequeue) for nrf_log_frontend_dequeue
    main.o(i.main) refers to nrf_pwr_mgmt.o(i.nrf_pwr_mgmt_run) for nrf_pwr_mgmt_run
    main.o(i.main) refers to main.o(.constdata) for .constdata
    main.o(i.main) refers to nrf_log_frontend.o(log_const_data) for m_nrf_log_app_logs_data_const
    main.o(i.main) refers to main.o(.data) for .data
    main.o(i.main) refers to main.o(i.repeated_timer_handler) for repeated_timer_handler
    main.o(i.repeated_timer_handler) refers to app_error.o(i.app_error_handler_bare) for app_error_handler_bare
    main.o(i.repeated_timer_handler) refers to nrf_log_frontend.o(i.nrf_log_frontend_std_0) for nrf_log_frontend_std_0
    main.o(i.repeated_timer_handler) refers to main.o(i.ant_send) for ant_send
    main.o(i.repeated_timer_handler) refers to main.o(.data) for .data
    main.o(i.repeated_timer_handler) refers to nrf_log_frontend.o(log_const_data) for m_nrf_log_app_logs_data_const
    main.o(i.saadc_init) refers to app_error.o(i.app_error_handler_bare) for app_error_handler_bare
    main.o(i.saadc_init) refers to main.o(.constdata) for .constdata
    main.o(i.saadc_init) refers to main.o(i.saadc_callback) for saadc_callback
    main.o(i.twi_init) refers to app_error.o(i.app_error_handler_bare) for app_error_handler_bare
    main.o(i.twi_init) refers to main.o(.constdata) for .constdata
    main.o(.constdata) refers to main.o(.data) for m_repeated_timer_id_data
    main.o(sdh_ant_observers1) refers to main.o(i.ant_evt_handler) for ant_evt_handler
    boards.o(i.bsp_board_button_idx_to_pin) refers to boards.o(.constdata) for .constdata
    boards.o(i.bsp_board_button_state_get) refers to boards.o(.constdata) for .constdata
    boards.o(i.bsp_board_init) refers to boards.o(i.nrf_gpio_cfg) for nrf_gpio_cfg
    boards.o(i.bsp_board_init) refers to boards.o(i.bsp_board_leds_off) for bsp_board_leds_off
    boards.o(i.bsp_board_init) refers to boards.o(.constdata) for .constdata
    boards.o(i.bsp_board_led_idx_to_pin) refers to boards.o(.constdata) for .constdata
    boards.o(i.bsp_board_led_invert) refers to boards.o(.constdata) for .constdata
    boards.o(i.bsp_board_led_off) refers to boards.o(i.nrf_gpio_pin_write) for nrf_gpio_pin_write
    boards.o(i.bsp_board_led_off) refers to boards.o(.constdata) for .constdata
    boards.o(i.bsp_board_led_on) refers to boards.o(i.nrf_gpio_pin_write) for nrf_gpio_pin_write
    boards.o(i.bsp_board_led_on) refers to boards.o(.constdata) for .constdata
    boards.o(i.bsp_board_led_state_get) refers to boards.o(.constdata) for .constdata
    boards.o(i.bsp_board_leds_off) refers to boards.o(i.bsp_board_led_off) for bsp_board_led_off
    boards.o(i.bsp_board_leds_on) refers to boards.o(i.bsp_board_led_on) for bsp_board_led_on
[...]
    nrfx_gpiote.o(i.nrfx_gpiote_in_uninit) refers to nrfx_gpiote.o(i.pin_configured_clear) for pin_configured_clear
    nrfx_gpiote.o(i.nrfx_gpiote_in_uninit) refers to nrfx_gpiote.o(i.channel_free) for channel_free
    nrfx_gpiote.o(i.nrfx_gpiote_in_uninit) refers to nrfx_gpiote.o(.bss) for .bss
    nrfx_gpiote.o(i.nrfx_gpiote_init) refers to nrfx_gpiote.o(i.nrf_gpio_pin_present_check) for nrf_gpio_pin_present_check
    nrfx_gpiote.o(i.nrfx_gpiote_init) refers to nrfx_gpiote.o(i.channel_free) for channel_free
    nrfx_gpiote.o(i.nrfx_gpiote_init) refers to nrfx_gpiote.o(i.nrf_gpiote_event_clear) for nrf_gpiote_event_clear
    nrfx_gpiote.o(i.nrfx_gpiote_init) refers to nrfx_gpiote.o(.bss) for .bss
    nrfx_gpiote.o(i.nrfx_gpiote_is_init) refers to nrfx_gpiote.o(.bss) for .bss
    nrfx_gpiote.o(i.nrfx_gpiote_out_init) refers to nrfx_gpiote.o(i.channel_port_alloc) for channel_port_alloc
    nrfx_gpiote.o(i.nrfx_gpiote_out_init) refers to nrfx_gpiote.o(i.nrf_gpio_cfg) for nrf_gpio_cfg
    nrfx_gpiote.o(i.nrfx_gpiote_out_init) refers to nrfx_gpiote.o(i.pin_configured_set) for pin_configured_set
    nrfx_gpiote.o(i.nrfx_gpiote_out_init) refers to nrfx_gpiote.o(.bss) for .bss
    nrfx_gpiote.o(i.nrfx_gpiote_out_task_addr_get) refers to nrfx_gpiote.o(i.nrfx_gpiote_out_task_get) for nrfx_gpiote_out_task_get
    nrfx_gpiote.o(i.nrfx_gpiote_out_task_disable) refers to nrfx_gpiote.o(.bss) for .bss
    nrfx_gpiote.o(i.nrfx_gpiote_out_task_enable) refers to nrfx_gpiote.o(.bss) for .bss
    nrfx_gpiote.o(i.nrfx_gpiote_out_task_force) refers to nrfx_gpiote.o(.bss) for .bss
    nrfx_gpiote.o(i.nrfx_gpiote_out_task_get) refers to nrfx_gpiote.o(i.channel_port_get) for channel_port_get
    nrfx_gpiote.o(i.nrfx_gpiote_out_task_trigger) refers to nrfx_gpiote.o(i.channel_port_get) for channel_port_get
    nrfx_gpiote.o(i.nrfx_gpiote_out_uninit) refers to nrfx_gpiote.o(i.pin_in_use_by_te) for pin_in_use_by_te
    nrfx_gpiote.o(i.nrfx_gpiote_out_uninit) refers to nrfx_gpiote.o(i.channel_port_get) for channel_port_get
    nrfx_gpiote.o(i.nrfx_gpiote_out_uninit) refers to nrfx_gpiote.o(i.channel_free) for channel_free
    nrfx_gpiote.o(i.nrfx_gpiote_out_uninit) refers to nrfx_gpiote.o(i.pin_configured_check) for pin_configured_check
    nrfx_gpiote.o(i.nrfx_gpiote_out_uninit) refers to nrfx_gpiote.o(i.nrf_gpio_cfg_default) for nrf_gpio_cfg_default
    nrfx_gpiote.o(i.nrfx_gpiote_out_uninit) refers to nrfx_gpiote.o(i.pin_configured_clear) for pin_configured_clear
    nrfx_gpiote.o(i.nrfx_gpiote_out_uninit) refers to nrfx_gpiote.o(.bss) for .bss
    nrfx_gpiote.o(i.nrfx_gpiote_set_task_addr_get) refers to nrfx_gpiote.o(i.nrfx_gpiote_set_task_get) for nrfx_gpiote_set_task_get
    nrfx_gpiote.o(i.nrfx_gpiote_set_task_get) refers to nrfx_gpiote.o(i.channel_port_get) for channel_port_get
    nrfx_gpiote.o(i.nrfx_gpiote_set_task_trigger) refers to nrfx_gpiote.o(i.channel_port_get) for channel_port_get
    nrfx_gpiote.o(i.nrfx_gpiote_uninit) refers to nrfx_gpiote.o(i.nrf_gpio_pin_present_check) for nrf_gpio_pin_present_check
    nrfx_gpiote.o(i.nrfx_gpiote_uninit) refers to nrfx_gpiote.o(i.nrfx_gpiote_in_uninit) for nrfx_gpiote_in_uninit
    nrfx_gpiote.o(i.nrfx_gpiote_uninit) refers to nrfx_gpiote.o(i.nrfx_gpiote_out_uninit) for nrfx_gpiote_out_uninit
    nrfx_gpiote.o(i.nrfx_gpiote_uninit) refers to nrfx_gpiote.o(.bss) for .bss
    nrfx_gpiote.o(i.pin_configured_check) refers to nrfx_gpiote.o(i.nrf_bitmask_bit_is_set) for nrf_bitmask_bit_is_set
    nrfx_gpiote.o(i.pin_configured_check) refers to nrfx_gpiote.o(.bss) for .bss
    nrfx_gpiote.o(i.pin_configured_clear) refers to nrfx_gpiote.o(.bss) for .bss
    nrfx_gpiote.o(i.pin_configured_set) refers to nrfx_gpiote.o(.bss) for .bss
    nrfx_gpiote.o(i.pin_in_use_by_port) refers to nrfx_gpiote.o(.bss) for .bss
    nrfx_gpiote.o(i.pin_in_use_by_te) refers to nrfx_gpiote.o(.bss) for .bss
    nrfx_gpiote.o(i.port_event_handle) refers to nrfx_gpiote.o(i.nrf_bitmask_bit_is_set) for nrf_bitmask_bit_is_set
    nrfx_gpiote.o(i.port_event_handle) refers to nrfx_gpiote.o(i.port_handler_polarity_get) for port_handler_polarity_get
    nrfx_gpiote.o(i.port_event_handle) refers to nrfx_gpiote.o(i.nrf_gpio_cfg_sense_set) for nrf_gpio_cfg_sense_set
    nrfx_gpiote.o(i.port_event_handle) refers to nrfx_gpiote.o(i.channel_port_get) for channel_port_get
    nrfx_gpiote.o(i.port_event_handle) refers to nrfx_gpiote.o(i.nrf_gpio_latches_read_and_clear) for nrf_gpio_latches_read_and_clear
    nrfx_gpiote.o(i.port_event_handle) refers to nrfx_gpiote.o(.bss) for .bss
    nrfx_gpiote.o(i.port_handler_polarity_get) refers to nrfx_gpiote.o(.bss) for .bss
    nrfx_gpiote.o(log_const_data) refers to nrfx_gpiote.o(.conststrlit) for .conststrlit
    nrfx_prs.o(i.UARTE0_UART0_IRQHandler) refers to nrfx_prs.o(.data) for .data
    nrfx_prs.o(i.nrfx_prs_acquire) refers to nrfx_prs.o(i.prs_box_get) for prs_box_get
    nrfx_prs.o(i.nrfx_prs_acquire) refers to app_util_platform.o(i.app_util_critical_region_enter) for app_util_critical_region_enter
    nrfx_prs.o(i.nrfx_prs_acquire) refers to app_util_platform.o(i.app_util_critical_region_exit) for app_util_critical_region_exit
    nrfx_prs.o(i.nrfx_prs_release) refers to nrfx_prs.o(i.prs_box_get) for prs_box_get
    nrfx_prs.o(i.prs_box_get) refers to nrfx_prs.o(.data) for .data
    nrfx_prs.o(log_const_data) refers to nrfx_prs.o(.conststrlit) for .conststrlit
    nrfx_uart.o(i.apply_config) refers to nrfx_uart.o(i.nrf_gpio_cfg_output) for nrf_gpio_cfg_output
    nrfx_uart.o(i.apply_config) refers to nrfx_uart.o(i.nrf_gpio_cfg_input) for nrf_gpio_cfg_input
    nrfx_uart.o(i.nrf_gpio_cfg_default) refers to nrfx_uart.o(i.nrf_gpio_cfg) for nrf_gpio_cfg
    nrfx_uart.o(i.nrf_gpio_cfg_input) refers to nrfx_uart.o(i.nrf_gpio_cfg) for nrf_gpio_cfg
    nrfx_uart.o(i.nrf_gpio_cfg_output) refers to nrfx_uart.o(i.nrf_gpio_cfg) for nrf_gpio_cfg
    nrfx_uart.o(i.nrfx_uart_0_irq_handler) refers to nrfx_uart.o(i.uart_irq_handler) for uart_irq_handler
    nrfx_uart.o(i.nrfx_uart_0_irq_handler) refers to nrfx_uart.o(.bss) for .bss
    nrfx_uart.o(i.nrfx_uart_errorsrc_get) refers to nrfx_uart.o(i.nrf_uart_event_clear) for nrf_uart_event_clear
    nrfx_uart.o(i.nrfx_uart_init) refers to nrfx_prs.o(i.nrfx_prs_acquire) for nrfx_prs_acquire
    nrfx_uart.o(i.nrfx_uart_init) refers to nrfx_uart.o(i.apply_config) for apply_config
    nrfx_uart.o(i.nrfx_uart_init) refers to nrfx_uart.o(i.nrf_uart_event_clear) for nrf_uart_event_clear
    nrfx_uart.o(i.nrfx_uart_init) refers to nrfx_uart.o(.bss) for .bss
    nrfx_uart.o(i.nrfx_uart_init) refers to nrfx_uart.o(.constdata) for .constdata
    nrfx_uart.o(i.nrfx_uart_rx) refers to nrfx_uart.o(i.rx_enable) for rx_enable
    nrfx_uart.o(i.nrfx_uart_rx) refers to nrfx_uart.o(i.nrf_uart_event_clear) for nrf_uart_event_clear
    nrfx_uart.o(i.nrfx_uart_rx) refers to nrfx_uart.o(i.nrf_uart_event_check) for nrf_uart_event_check
    nrfx_uart.o(i.nrfx_uart_rx) refers to nrfx_uart.o(i.rx_byte) for rx_byte
    nrfx_uart.o(i.nrfx_uart_rx) refers to nrfx_uart.o(.bss) for .bss
    nrfx_uart.o(i.nrfx_uart_rx_disable) refers to nrfx_uart.o(.bss) for .bss
    nrfx_uart.o(i.nrfx_uart_rx_enable) refers to nrfx_uart.o(i.rx_enable) for rx_enable
    nrfx_uart.o(i.nrfx_uart_rx_enable) refers to nrfx_uart.o(.bss) for .bss
    nrfx_uart.o(i.nrfx_uart_tx) refers to nrfx_uart.o(i.nrfx_uart_tx_in_progress) for nrfx_uart_tx_in_progress
    nrfx_uart.o(i.nrfx_uart_tx) refers to nrfx_uart.o(i.nrf_uart_event_clear) for nrf_uart_event_clear
    nrfx_uart.o(i.nrfx_uart_tx) refers to nrfx_uart.o(i.tx_byte) for tx_byte
    nrfx_uart.o(i.nrfx_uart_tx) refers to nrfx_uart.o(i.nrf_uart_event_check) for nrf_uart_event_check
    nrfx_uart.o(i.nrfx_uart_tx) refers to nrfx_uart.o(.bss) for .bss
    nrfx_uart.o(i.nrfx_uart_tx_abort) refers to nrfx_uart.o(i.tx_done_event) for tx_done_event
    nrfx_uart.o(i.nrfx_uart_tx_abort) refers to nrfx_uart.o(.bss) for .bss
    nrfx_uart.o(i.nrfx_uart_tx_in_progress) refers to nrfx_uart.o(.bss) for .bss
    nrfx_uart.o(i.nrfx_uart_uninit) refers to nrfx_uart.o(i.nrf_gpio_cfg_default) for nrf_gpio_cfg_default
    nrfx_uart.o(i.nrfx_uart_uninit) refers to nrfx_prs.o(i.nrfx_prs_release) for nrfx_prs_release
    nrfx_uart.o(i.nrfx_uart_uninit) refers to nrfx_uart.o(.bss) for .bss
    nrfx_uart.o(i.rx_byte) refers to nrfx_uart.o(i.nrf_uart_event_clear) for nrf_uart_event_clear
    nrfx_uart.o(i.rx_enable) refers to nrfx_uart.o(i.nrf_uart_event_clear) for nrf_uart_event_clear
    nrfx_uart.o(i.tx_byte) refers to nrfx_uart.o(i.nrf_uart_event_clear) for nrf_uart_event_clear
    nrfx_uart.o(i.uart_irq_handler) refers to nrfx_uart.o(i.nrf_uart_int_enable_check) for nrf_uart_int_enable_check
    nrfx_uart.o(i.uart_irq_handler) refers to nrfx_uart.o(i.nrf_uart_event_check) for nrf_uart_event_check
    nrfx_uart.o(i.uart_irq_handler) refers to nrfx_uart.o(i.nrf_uart_event_clear) for nrf_uart_event_clear
    nrfx_uart.o(i.uart_irq_handler) refers to nrfx_uart.o(i.rx_byte) for rx_byte
    nrfx_uart.o(i.uart_irq_handler) refers to nrfx_uart.o(i.rx_done_event) for rx_done_event
    nrfx_uart.o(i.uart_irq_handler) refers to nrfx_uart.o(i.tx_done_event) for tx_done_event
    nrfx_uart.o(i.uart_irq_handler) refers to nrfx_uart.o(i.tx_byte) for tx_byte
    nrfx_uart.o(.constdata) refers to nrfx_uart.o(i.nrfx_uart_0_irq_handler) for nrfx_uart_0_irq_handler
    nrfx_uart.o(log_const_data) refers to nrfx_uart.o(.conststrlit) for .conststrlit
    nrfx_uarte.o(i.apply_config) refers to nrfx_uarte.o(i.nrf_gpio_cfg_output) for nrf_gpio_cfg_output
    nrfx_uarte.o(i.apply_config) refers to nrfx_uarte.o(i.nrf_gpio_cfg_input) for nrf_gpio_cfg_input
    nrfx_uarte.o(i.interrupts_enable) refers to nrfx_uarte.o(i.nrf_uarte_event_clear) for nrf_uarte_event_clear
    nrfx_uarte.o(i.nrf_gpio_cfg_default) refers to nrfx_uarte.o(i.nrf_gpio_cfg) for nrf_gpio_cfg
    nrfx_uarte.o(i.nrf_gpio_cfg_input) refers to nrfx_uarte.o(i.nrf_gpio_cfg) for nrf_gpio_cfg
    nrfx_uarte.o(i.nrf_gpio_cfg_output) refers to nrfx_uarte.o(i.nrf_gpio_cfg) for nrf_gpio_cfg
    nrfx_uarte.o(i.nrfx_uarte_0_irq_handler) refers to nrfx_uarte.o(i.uarte_irq_handler) for uarte_irq_handler
    nrfx_uarte.o(i.nrfx_uarte_0_irq_handler) refers to nrfx_uarte.o(.bss) for .bss
    nrfx_uarte.o(i.nrfx_uarte_errorsrc_get) refers to nrfx_uarte.o(i.nrf_uarte_event_clear) for nrf_uarte_event_clear
    nrfx_uarte.o(i.nrfx_uarte_init) refers to nrfx_prs.o(i.nrfx_prs_acquire) for nrfx_prs_acquire
    nrfx_uarte.o(i.nrfx_uarte_init) refers to nrfx_uarte.o(i.apply_config) for apply_config
    nrfx_uarte.o(i.nrfx_uarte_init) refers to nrfx_uarte.o(i.interrupts_enable) for interrupts_enable
    nrfx_uarte.o(i.nrfx_uarte_init) refers to nrfx_uarte.o(.bss) for .bss
    nrfx_uarte.o(i.nrfx_uarte_init) refers to nrfx_uarte.o(.constdata) for .constdata
    nrfx_uarte.o(i.nrfx_uarte_rx) refers to nrfx_uarte.o(i.nrfx_is_in_ram) for nrfx_is_in_ram
    nrfx_uarte.o(i.nrfx_uarte_rx) refers to nrfx_uarte.o(i.nrf_uarte_event_clear) for nrf_uarte_event_clear
    nrfx_uarte.o(i.nrfx_uarte_rx) refers to nrfx_uarte.o(i.nrf_uarte_event_check) for nrf_uarte_event_check
    nrfx_uarte.o(i.nrfx_uarte_rx) refers to nrfx_uarte.o(.bss) for .bss
    nrfx_uarte.o(i.nrfx_uarte_rx_abort) refers to nrfx_uarte.o(.bss) for .bss
    nrfx_uarte.o(i.nrfx_uarte_tx) refers to nrfx_uarte.o(i.nrfx_is_in_ram) for nrfx_is_in_ram
    nrfx_uarte.o(i.nrfx_uarte_tx) refers to nrfx_uarte.o(i.nrfx_uarte_tx_in_progress) for nrfx_uarte_tx_in_progress
    nrfx_uarte.o(i.nrfx_uarte_tx) refers to nrfx_uarte.o(i.nrf_uarte_event_clear) for nrf_uarte_event_clear
    nrfx_uarte.o(i.nrfx_uarte_tx) refers to nrfx_uarte.o(i.nrf_uarte_event_check) for nrf_uarte_event_check
    nrfx_uarte.o(i.nrfx_uarte_tx) refers to nrfx_uarte.o(.bss) for .bss
    nrfx_uarte.o(i.nrfx_uarte_tx_abort) refers to nrfx_uarte.o(i.nrf_uarte_event_clear) for nrf_uarte_event_clear
    nrfx_uarte.o(i.nrfx_uarte_tx_abort) refers to nrfx_uarte.o(i.nrf_uarte_event_check) for nrf_uarte_event_check
    nrfx_uarte.o(i.nrfx_uarte_tx_abort) refers to nrfx_uarte.o(.bss) for .bss
    nrfx_uarte.o(i.nrfx_uarte_tx_in_progress) refers to nrfx_uarte.o(.bss) for .bss
    nrfx_uarte.o(i.nrfx_uarte_uninit) refers to nrfx_uarte.o(i.nrf_uarte_event_clear) for nrf_uarte_event_clear
    nrfx_uarte.o(i.nrfx_uarte_uninit) refers to nrfx_uarte.o(i.nrf_uarte_event_check) for nrf_uarte_event_check
    nrfx_uarte.o(i.nrfx_uarte_uninit) refers to nrfx_uarte.o(i.nrf_gpio_cfg_default) for nrf_gpio_cfg_default
    nrfx_uarte.o(i.nrfx_uarte_uninit) refers to nrfx_prs.o(i.nrfx_prs_release) for nrfx_prs_release
    nrfx_uarte.o(i.nrfx_uarte_uninit) refers to nrfx_uarte.o(.bss) for .bss
    nrfx_uarte.o(i.uarte_irq_handler) refers to nrfx_uarte.o(i.nrf_uarte_event_check) for nrf_uarte_event_check
    nrfx_uarte.o(i.uarte_irq_handler) refers to nrfx_uarte.o(i.nrf_uarte_event_clear) for nrf_uarte_event_clear
    nrfx_uarte.o(i.uarte_irq_handler) refers to nrfx_uarte.o(i.rx_done_event) for rx_done_event
    nrfx_uarte.o(i.uarte_irq_handler) refers to nrfx_uarte.o(i.tx_done_event) for tx_done_event
    nrfx_uarte.o(.constdata) refers to nrfx_uarte.o(i.nrfx_uarte_0_irq_handler) for nrfx_uarte_0_irq_handler
    nrfx_uarte.o(log_const_data) refers to nrfx_uarte.o(.conststrlit) for .conststrlit
    app_button.o(i.app_button_disable) refers to nrfx_gpiote.o(i.nrfx_gpiote_in_event_disable) for nrfx_gpiote_in_event_disable
    app_button.o(i.app_button_disable) refers to app_util_platform.o(i.app_util_critical_region_enter) for app_util_critical_region_enter
    app_button.o(i.app_button_disable) refers to app_util_platform.o(i.app_util_critical_region_exit) for app_util_critical_region_exit
    app_button.o(i.app_button_disable) refers to app_timer2.o(i.app_timer_stop) for app_timer_stop
    app_button.o(i.app_button_disable) refers to app_button.o(.data) for .data
    app_button.o(i.app_button_disable) refers to app_button.o(.constdata) for .constdata
    app_button.o(i.app_button_enable) refers to nrfx_gpiote.o(i.nrfx_gpiote_in_event_enable) for nrfx_gpiote_in_event_enable
    app_button.o(i.app_button_enable) refers to app_button.o(.data) for .data
    app_button.o(i.app_button_init) refers to nrfx_gpiote.o(i.nrfx_gpiote_is_init) for nrfx_gpiote_is_init
    app_button.o(i.app_button_init) refers to nrfx_gpiote.o(i.nrfx_gpiote_init) for nrfx_gpiote_init
    app_button.o(i.app_button_init) refers to memseta.o(.text) for __aeabi_memclr
    app_button.o(i.app_button_init) refers to nrfx_gpiote.o(i.nrfx_gpiote_in_init) for nrfx_gpiote_in_init
    app_button.o(i.app_button_init) refers to app_timer2.o(i.app_timer_create) for app_timer_create
    app_button.o(i.app_button_init) refers to app_button.o(.data) for .data
    app_button.o(i.app_button_init) refers to app_button.o(.bss) for .bss
    app_button.o(i.app_button_init) refers to app_button.o(.constdata) for .constdata
    app_button.o(i.app_button_init) refers to app_button.o(i.gpiote_event_handler) for gpiote_event_handler
    app_button.o(i.app_button_init) refers to app_button.o(i.detection_delay_timeout_handler) for detection_delay_timeout_handler
    app_button.o(i.app_button_is_pushed) refers to nrfx_gpiote.o(i.nrfx_gpiote_in_is_set) for nrfx_gpiote_in_is_set
    app_button.o(i.app_button_is_pushed) refers to app_button.o(.data) for .data
    app_button.o(i.button_get) refers to app_button.o(.data) for .data
    app_button.o(i.detection_delay_timeout_handler) refers to nrfx_gpiote.o(i.nrfx_gpiote_in_is_set) for nrfx_gpiote_in_is_set
    app_button.o(i.detection_delay_timeout_handler) refers to app_button.o(i.evt_handle) for evt_handle
    app_button.o(i.detection_delay_timeout_handler) refers to app_button.o(i.timer_start) for timer_start
    app_button.o(i.detection_delay_timeout_handler) refers to app_button.o(.data) for .data
    app_button.o(i.evt_handle) refers to llshl.o(.text) for __aeabi_llsl
    app_button.o(i.evt_handle) refers to app_button.o(i.state_set) for state_set
    app_button.o(i.evt_handle) refers to app_util_platform.o(i.app_util_critical_region_enter) for app_util_critical_region_enter
    app_button.o(i.evt_handle) refers to app_button.o(i.usr_event) for usr_event
    app_button.o(i.evt_handle) refers to app_util_platform.o(i.app_util_critical_region_exit) for app_util_critical_region_exit
    app_button.o(i.evt_handle) refers to app_button.o(.bss) for .bss
    app_button.o(i.evt_handle) refers to app_button.o(.data) for .data
    app_button.o(i.gpiote_event_handler) refers to app_button.o(i.button_get) for button_get
    app_button.o(i.gpiote_event_handler) refers to nrfx_gpiote.o(i.nrfx_gpiote_in_is_set) for nrfx_gpiote_in_is_set
    app_button.o(i.gpiote_event_handler) refers to app_button.o(i.timer_start) for timer_start
    app_button.o(i.gpiote_event_handler) refers to app_button.o(.data) for .data
    app_button.o(i.state_set) refers to app_button.o(.bss) for .bss
    app_button.o(i.timer_start) refers to app_timer2.o(i.app_timer_start) for app_timer_start
    app_button.o(i.timer_start) refers to app_button.o(.data) for .data
    app_button.o(i.timer_start) refers to app_button.o(.constdata) for .constdata
    app_button.o(i.usr_event) refers to app_button.o(i.button_get) for button_get
    app_button.o(.constdata) refers to app_button.o(.data) for m_detection_delay_timer_id_data
    app_button.o(log_const_data) refers to app_button.o(.conststrlit) for .conststrlit
    app_error.o(i.app_error_handler_bare) refers to app_error_weak.o(i.app_error_fault_handler) for app_error_fault_handler
    app_error.o(i.app_error_save_and_stop) refers to app_error.o(.bss) for .bss
    app_error_handler_keil.o(.emb_text) refers to app_error_weak.o(i.app_error_fault_handler) for app_error_fault_handler
    app_error_weak.o(i.app_error_fault_handler) refers to nrf_log_frontend.o(i.nrf_log_panic) for nrf_log_panic
    app_error_weak.o(i.app_error_fault_handler) refers to nrf_log_frontend.o(i.nrf_log_frontend_dequeue) for nrf_log_frontend_dequeue
    app_error_weak.o(i.app_error_fault_handler) refers to nrf_log_frontend.o(i.nrf_log_frontend_std_0) for nrf_log_frontend_std_0
    app_error_weak.o(i.app_error_fault_handler) refers to nrf_log_frontend.o(log_const_data) for m_nrf_log_app_logs_data_const
    app_scheduler.o(i.app_sched_event_put) refers to app_util_platform.o(i.app_util_critical_region_enter) for app_util_critical_region_enter
    app_scheduler.o(i.app_sched_event_put) refers to app_util_platform.o(i.app_util_critical_region_exit) for app_util_critical_region_exit
    app_scheduler.o(i.app_sched_event_put) refers to memcpya.o(.text) for __aeabi_memcpy
    app_scheduler.o(i.app_sched_event_put) refers to app_scheduler.o(.data) for .data
    app_scheduler.o(i.app_sched_execute) refers to app_scheduler.o(.data) for .data
    app_scheduler.o(i.app_sched_init) refers to app_scheduler.o(.data) for .data
    app_scheduler.o(i.app_sched_queue_space_get) refers to app_scheduler.o(.data) for .data
    app_timer2.o(i.app_timer_cnt_get) refers to drv_rtc.o(i.drv_rtc_counter_get) for drv_rtc_counter_get
    app_timer2.o(i.app_timer_cnt_get) refers to app_timer2.o(.data) for .data
    app_timer2.o(i.app_timer_init) refers to nrf_atfifo.o(i.nrf_atfifo_init) for nrf_atfifo_init
    app_timer2.o(i.app_timer_init) refers to drv_rtc.o(i.drv_rtc_init) for drv_rtc_init
    app_timer2.o(i.app_timer_init) refers to drv_rtc.o(i.drv_rtc_overflow_enable) for drv_rtc_overflow_enable
    app_timer2.o(i.app_timer_init) refers to drv_rtc.o(i.drv_rtc_compare_set) for drv_rtc_compare_set
    app_timer2.o(i.app_timer_init) refers to app_timer2.o(.constdata) for .constdata
    app_timer2.o(i.app_timer_init) refers to app_timer2.o(.bss) for .bss
    app_timer2.o(i.app_timer_init) refers to app_timer2.o(i.rtc_irq) for rtc_irq
    app_timer2.o(i.app_timer_init) refers to app_timer2.o(.data) for .data
    app_timer2.o(i.app_timer_pause) refers to drv_rtc.o(i.drv_rtc_stop) for drv_rtc_stop
    app_timer2.o(i.app_timer_pause) refers to app_timer2.o(.data) for .data
    app_timer2.o(i.app_timer_resume) refers to drv_rtc.o(i.drv_rtc_start) for drv_rtc_start
    app_timer2.o(i.app_timer_resume) refers to app_timer2.o(.data) for .data
    app_timer2.o(i.app_timer_start) refers to app_util_platform.o(i.app_util_critical_region_enter) for app_util_critical_region_enter
    app_timer2.o(i.app_timer_start) refers to app_util_platform.o(i.app_util_critical_region_exit) for app_util_critical_region_exit
    app_timer2.o(i.app_timer_start) refers to app_timer2.o(i.get_now) for get_now
    app_timer2.o(i.app_timer_start) refers to app_timer2.o(i.timer_req_schedule) for timer_req_schedule
    app_timer2.o(i.app_timer_stop) refers to app_util_platform.o(i.app_util_critical_region_enter) for app_util_critical_region_enter
    app_timer2.o(i.app_timer_stop) refers to app_util_platform.o(i.app_util_critical_region_exit) for app_util_critical_region_exit
    app_timer2.o(i.app_timer_stop) refers to app_timer2.o(i.timer_req_schedule) for timer_req_schedule
    app_timer2.o(i.app_timer_stop_all) refers to app_timer2.o(i.timer_req_schedule) for timer_req_schedule
    app_timer2.o(i.app_timer_stop_all) refers to app_timer2.o(.data) for .data
    app_timer2.o(i.get_now) refers to drv_rtc.o(i.drv_rtc_counter_get) for drv_rtc_counter_get
    app_timer2.o(i.get_now) refers to app_timer2.o(.data) for .data
    app_timer2.o(i.rtc_irq) refers to drv_rtc.o(i.drv_rtc_overflow_pending) for drv_rtc_overflow_pending
    app_timer2.o(i.rtc_irq) refers to drv_rtc.o(i.drv_rtc_compare_pending) for drv_rtc_compare_pending
    app_timer2.o(i.rtc_irq) refers to app_timer2.o(i.timer_expire) for timer_expire
    app_timer2.o(i.rtc_irq) refers to app_timer2.o(i.get_now) for get_now
    app_timer2.o(i.rtc_irq) refers to app_timer2.o(i.timer_req_process) for timer_req_process
    app_timer2.o(i.rtc_irq) refers to app_timer2.o(i.rtc_update) for rtc_update
    app_timer2.o(i.rtc_irq) refers to app_timer2.o(.data) for .data
    app_timer2.o(i.rtc_schedule) refers to app_timer2.o(i.get_now) for get_now
    app_timer2.o(i.rtc_schedule) refers to app_timer2.o(i.app_timer_cnt_get) for app_timer_cnt_get
    app_timer2.o(i.rtc_schedule) refers to drv_rtc.o(i.drv_rtc_windowed_compare_set) for drv_rtc_windowed_compare_set
    app_timer2.o(i.rtc_schedule) refers to drv_rtc.o(i.drv_rtc_compare_disable) for drv_rtc_compare_disable
    app_timer2.o(i.rtc_schedule) refers to app_timer2.o(i.timer_expire) for timer_expire
    app_timer2.o(i.rtc_schedule) refers to app_timer2.o(.data) for .data
    app_timer2.o(i.rtc_update) refers to nrf_sortlist.o(i.nrf_sortlist_peek) for nrf_sortlist_peek
    app_timer2.o(i.rtc_update) refers to nrf_sortlist.o(i.nrf_sortlist_add) for nrf_sortlist_add
    app_timer2.o(i.rtc_update) refers to app_timer2.o(i.sortlist_pop) for sortlist_pop
    app_timer2.o(i.rtc_update) refers to app_timer2.o(i.rtc_schedule) for rtc_schedule
    app_timer2.o(i.rtc_update) refers to drv_rtc.o(i.drv_rtc_stop) for drv_rtc_stop
    app_timer2.o(i.rtc_update) refers to drv_rtc.o(i.drv_rtc_start) for drv_rtc_start
    app_timer2.o(i.rtc_update) refers to app_timer2.o(.data) for .data
    app_timer2.o(i.rtc_update) refers to app_timer2.o(.constdata) for .constdata
    app_timer2.o(i.sortlist_pop) refers to nrf_sortlist.o(i.nrf_sortlist_pop) for nrf_sortlist_pop
    app_timer2.o(i.sortlist_pop) refers to app_timer2.o(.constdata) for .constdata
    app_timer2.o(i.timer_expire) refers to app_timer2.o(i.get_now) for get_now
    app_timer2.o(i.timer_expire) refers to app_util_platform.o(i.app_util_critical_region_enter) for app_util_critical_region_enter
    app_timer2.o(i.timer_expire) refers to app_util_platform.o(i.app_util_critical_region_exit) for app_util_critical_region_exit
    app_timer2.o(i.timer_expire) refers to nrf_sortlist.o(i.nrf_sortlist_add) for nrf_sortlist_add
    app_timer2.o(i.timer_expire) refers to app_timer2.o(.data) for .data
    app_timer2.o(i.timer_expire) refers to app_timer2.o(.constdata) for .constdata
    app_timer2.o(i.timer_req_process) refers to nrf_atfifo.o(i.nrf_atfifo_item_get) for nrf_atfifo_item_get
    app_timer2.o(i.timer_req_process) refers to nrf_sortlist.o(i.nrf_sortlist_add) for nrf_sortlist_add
    app_timer2.o(i.timer_req_process) refers to nrf_sortlist.o(i.nrf_sortlist_remove) for nrf_sortlist_remove
    app_timer2.o(i.timer_req_process) refers to app_timer2.o(i.sortlist_pop) for sortlist_pop
    app_timer2.o(i.timer_req_process) refers to nrf_atfifo.o(i.nrf_atfifo_item_free) for nrf_atfifo_item_free
    app_timer2.o(i.timer_req_process) refers to app_timer2.o(.constdata) for .constdata
    app_timer2.o(i.timer_req_process) refers to app_timer2.o(.data) for .data
    app_timer2.o(i.timer_req_schedule) refers to nrf_atfifo.o(i.nrf_atfifo_item_alloc) for nrf_atfifo_item_alloc
    app_timer2.o(i.timer_req_schedule) refers to nrf_atfifo.o(i.nrf_atfifo_item_put) for nrf_atfifo_item_put
    app_timer2.o(i.timer_req_schedule) refers to drv_rtc.o(i.drv_rtc_irq_trigger) for drv_rtc_irq_trigger
    app_timer2.o(i.timer_req_schedule) refers to app_timer2.o(.constdata) for .constdata
    app_timer2.o(i.timer_req_schedule) refers to app_timer2.o(.data) for .data
    app_timer2.o(.constdata) refers to app_timer2.o(.bss) for m_req_fifo_inst
    app_timer2.o(.constdata) refers to app_timer2.o(.data) for m_app_timer_sortlist_sortlist_cb
    app_timer2.o(.constdata) refers to app_timer2.o(i.compare_func) for compare_func
    app_timer2.o(log_const_data) refers to app_timer2.o(.conststrlit) for .conststrlit
    app_util_platform.o(i.app_util_critical_region_enter) refers to app_util_platform.o(.bss) for .bss
    app_util_platform.o(i.app_util_critical_region_exit) refers to app_util_platform.o(.bss) for .bss
    app_util_platform.o(i.app_util_disable_irq) refers to app_util_platform.o(.data) for .data
    app_util_platform.o(i.app_util_enable_irq) refers to app_util_platform.o(.data) for .data
    drv_rtc.o(i.RTC1_IRQHandler) refers to drv_rtc.o(.data) for .data
    drv_rtc.o(i.drv_rtc_compare_enable) refers to drv_rtc.o(i.evt_enable) for evt_enable
    drv_rtc.o(i.drv_rtc_compare_pending) refers to drv_rtc.o(i.evt_pending) for evt_pending
    drv_rtc.o(i.drv_rtc_compare_set) refers to drv_rtc.o(i.nrf_rtc_event_clear) for nrf_rtc_event_clear
    drv_rtc.o(i.drv_rtc_init) refers to nrf_log_frontend.o(i.nrf_log_frontend_std_0) for nrf_log_frontend_std_0
    drv_rtc.o(i.drv_rtc_init) refers to drv_rtc.o(.data) for .data
    drv_rtc.o(i.drv_rtc_init) refers to app_timer2.o(log_const_data) for m_nrf_log_app_timer_logs_data_const
    drv_rtc.o(i.drv_rtc_overflow_enable) refers to drv_rtc.o(i.evt_enable) for evt_enable
    drv_rtc.o(i.drv_rtc_overflow_pending) refers to drv_rtc.o(i.evt_pending) for evt_pending
    drv_rtc.o(i.drv_rtc_tick_enable) refers to drv_rtc.o(i.evt_enable) for evt_enable
    drv_rtc.o(i.drv_rtc_tick_pending) refers to drv_rtc.o(i.evt_pending) for evt_pending
    drv_rtc.o(i.drv_rtc_uninit) refers to nrf_log_frontend.o(i.nrf_log_frontend_std_0) for nrf_log_frontend_std_0
    drv_rtc.o(i.drv_rtc_uninit) refers to drv_rtc.o(.data) for .data
    drv_rtc.o(i.drv_rtc_uninit) refers to app_timer2.o(log_const_data) for m_nrf_log_app_timer_logs_data_const
    drv_rtc.o(i.drv_rtc_windowed_compare_set) refers to drv_rtc.o(i.nrf_rtc_event_clear) for nrf_rtc_event_clear
    drv_rtc.o(i.drv_rtc_windowed_compare_set) refers to drv_rtc.o(i.nrfx_coredep_delay_us) for nrfx_coredep_delay_us
    drv_rtc.o(i.drv_rtc_windowed_compare_set) refers to drv_rtc.o(i.evt_enable) for evt_enable
    drv_rtc.o(i.evt_pending) refers to drv_rtc.o(i.nrf_rtc_event_clear) for nrf_rtc_event_clear
    drv_rtc.o(i.nrfx_coredep_delay_us) refers to drv_rtc.o(.constdata) for .constdata
    hardfault_handler_keil.o(.emb_text) refers to hardfault_implementation.o(i.HardFault_c_handler) for HardFault_c_handler
    hardfault_implementation.o(i.HardFault_c_handler) refers to nrf_log_frontend.o(i.nrf_log_panic) for nrf_log_panic
    hardfault_implementation.o(i.HardFault_c_handler) refers to nrf_log_frontend.o(i.nrf_log_frontend_dequeue) for nrf_log_frontend_dequeue
    hardfault_implementation.o(i.HardFault_c_handler) refers to nrf_log_frontend.o(i.nrf_log_frontend_std_1) for nrf_log_frontend_std_1
    hardfault_implementation.o(i.HardFault_c_handler) refers to nrf_log_frontend.o(i.nrf_log_frontend_std_4) for nrf_log_frontend_std_4
    hardfault_implementation.o(i.HardFault_c_handler) refers to nrf_log_frontend.o(i.nrf_log_frontend_std_3) for nrf_log_frontend_std_3
    hardfault_implementation.o(i.HardFault_c_handler) refers to nrf_log_frontend.o(i.nrf_log_frontend_std_0) for nrf_log_frontend_std_0
    hardfault_implementation.o(i.HardFault_c_handler) refers to hardfault_implementation.o(i.HardFault_process) for HardFault_process
    hardfault_implementation.o(i.HardFault_c_handler) refers to hardfault_implementation.o(log_const_data) for log_const_data
    hardfault_implementation.o(i.HardFault_c_handler) refers to hardfault_implementation.o(.conststring) for .conststring
    hardfault_implementation.o(i.HardFault_c_handler) refers to hardfault_implementation.o(.data) for .data
    hardfault_implementation.o(.data) refers to hardfault_implementation.o(.conststring) for .conststring
    hardfault_implementation.o(log_const_data) refers to hardfault_implementation.o(.conststrlit) for .conststrlit
    nrf_assert.o(i.assert_nrf_callback) refers to app_error_weak.o(i.app_error_fault_handler) for app_error_fault_handler
    nrf_atfifo.o(i.nrf_atfifo_alloc_put) refers to nrf_atfifo.o(i.nrf_atfifo_item_alloc) for nrf_atfifo_item_alloc
    nrf_atfifo.o(i.nrf_atfifo_alloc_put) refers to memcpya.o(.text) for __aeabi_memcpy
    nrf_atfifo.o(i.nrf_atfifo_alloc_put) refers to nrf_atfifo.o(i.nrf_atfifo_item_put) for nrf_atfifo_item_put
    nrf_atfifo.o(i.nrf_atfifo_clear) refers to nrf_atfifo.o(.emb_text) for __asm___12_nrf_atfifo_c_51f461e1__nrf_atfifo_space_clear
    nrf_atfifo.o(i.nrf_atfifo_get_free) refers to nrf_atfifo.o(i.nrf_atfifo_item_get) for nrf_atfifo_item_get
    nrf_atfifo.o(i.nrf_atfifo_get_free) refers to memcpya.o(.text) for __aeabi_memcpy
    nrf_atfifo.o(i.nrf_atfifo_get_free) refers to nrf_atfifo.o(i.nrf_atfifo_item_free) for nrf_atfifo_item_free
    nrf_atfifo.o(i.nrf_atfifo_item_alloc) refers to nrf_atfifo.o(.emb_text) for __asm___12_nrf_atfifo_c_51f461e1__nrf_atfifo_wspace_req
    nrf_atfifo.o(i.nrf_atfifo_item_free) refers to nrf_atfifo.o(.emb_text) for __asm___12_nrf_atfifo_c_51f461e1__nrf_atfifo_rspace_close
    nrf_atfifo.o(i.nrf_atfifo_item_get) refers to nrf_atfifo.o(.emb_text) for __asm___12_nrf_atfifo_c_51f461e1__nrf_atfifo_rspace_req
    nrf_atfifo.o(i.nrf_atfifo_item_put) refers to nrf_atfifo.o(.emb_text) for __asm___12_nrf_atfifo_c_51f461e1__nrf_atfifo_wspace_close
    nrf_atomic.o(i.nrf_atomic_flag_clear) refers to nrf_atomic.o(i.nrf_atomic_u32_and) for nrf_atomic_u32_and
    nrf_atomic.o(i.nrf_atomic_flag_clear_fetch) refers to nrf_atomic.o(i.nrf_atomic_u32_fetch_and) for nrf_atomic_u32_fetch_and
    nrf_atomic.o(i.nrf_atomic_flag_set) refers to nrf_atomic.o(i.nrf_atomic_u32_or) for nrf_atomic_u32_or
    nrf_atomic.o(i.nrf_atomic_flag_set_fetch) refers to nrf_atomic.o(i.nrf_atomic_u32_fetch_or) for nrf_atomic_u32_fetch_or
    nrf_atomic.o(i.nrf_atomic_u32_add) refers to nrf_atomic.o(.emb_text) for __asm___12_nrf_atomic_c_85ca2469__nrf_atomic_internal_add
    nrf_atomic.o(i.nrf_atomic_u32_and) refers to nrf_atomic.o(.emb_text) for __asm___12_nrf_atomic_c_85ca2469__nrf_atomic_internal_and
    nrf_atomic.o(i.nrf_atomic_u32_cmp_exch) refers to nrf_atomic.o(.emb_text) for __asm___12_nrf_atomic_c_85ca2469__nrf_atomic_internal_cmp_exch
    nrf_atomic.o(i.nrf_atomic_u32_fetch_add) refers to nrf_atomic.o(.emb_text) for __asm___12_nrf_atomic_c_85ca2469__nrf_atomic_internal_add
    nrf_atomic.o(i.nrf_atomic_u32_fetch_and) refers to nrf_atomic.o(.emb_text) for __asm___12_nrf_atomic_c_85ca2469__nrf_atomic_internal_and
    nrf_atomic.o(i.nrf_atomic_u32_fetch_or) refers to nrf_atomic.o(.emb_text) for __asm___12_nrf_atomic_c_85ca2469__nrf_atomic_internal_orr
    nrf_atomic.o(i.nrf_atomic_u32_fetch_store) refers to nrf_atomic.o(.emb_text) for __asm___12_nrf_atomic_c_85ca2469__nrf_atomic_internal_mov
    nrf_atomic.o(i.nrf_atomic_u32_fetch_sub) refers to nrf_atomic.o(.emb_text) for __asm___12_nrf_atomic_c_85ca2469__nrf_atomic_internal_sub
    nrf_atomic.o(i.nrf_atomic_u32_fetch_sub_hs) refers to nrf_atomic.o(.emb_text) for __asm___12_nrf_atomic_c_85ca2469__nrf_atomic_internal_sub_hs
    nrf_atomic.o(i.nrf_atomic_u32_fetch_xor) refers to nrf_atomic.o(.emb_text) for __asm___12_nrf_atomic_c_85ca2469__nrf_atomic_internal_eor
    nrf_atomic.o(i.nrf_atomic_u32_or) refers to nrf_atomic.o(.emb_text) for __asm___12_nrf_atomic_c_85ca2469__nrf_atomic_internal_orr
    nrf_atomic.o(i.nrf_atomic_u32_store) refers to nrf_atomic.o(.emb_text) for __asm___12_nrf_atomic_c_85ca2469__nrf_atomic_internal_mov
    nrf_atomic.o(i.nrf_atomic_u32_sub) refers to nrf_atomic.o(.emb_text) for __asm___12_nrf_atomic_c_85ca2469__nrf_atomic_internal_sub
    nrf_atomic.o(i.nrf_atomic_u32_sub_hs) refers to nrf_atomic.o(.emb_text) for __asm___12_nrf_atomic_c_85ca2469__nrf_atomic_internal_sub_hs
    nrf_atomic.o(i.nrf_atomic_u32_xor) refers to nrf_atomic.o(.emb_text) for __asm___12_nrf_atomic_c_85ca2469__nrf_atomic_internal_eor
    nrf_balloc.o(i.nrf_balloc_alloc) refers to app_util_platform.o(i.app_util_critical_region_enter) for app_util_critical_region_enter
    nrf_balloc.o(i.nrf_balloc_alloc) refers to app_util_platform.o(i.app_util_critical_region_exit) for app_util_critical_region_exit
    nrf_balloc.o(i.nrf_balloc_free) refers to app_util_platform.o(i.app_util_critical_region_enter) for app_util_critical_region_enter
    nrf_balloc.o(i.nrf_balloc_free) refers to app_util_platform.o(i.app_util_critical_region_exit) for app_util_critical_region_exit
    nrf_fprintf.o(i.nrf_fprintf) refers to nrf_fprintf_format.o(i.nrf_fprintf_fmt) for nrf_fprintf_fmt
    nrf_fprintf_format.o(i.buffer_add) refers to nrf_fprintf.o(i.nrf_fprintf_buffer_flush) for nrf_fprintf_buffer_flush
    nrf_fprintf_format.o(i.int_print) refers to nrf_fprintf_format.o(i.buffer_add) for buffer_add
    nrf_fprintf_format.o(i.int_print) refers to nrf_fprintf_format.o(i.unsigned_print) for unsigned_print
    nrf_fprintf_format.o(i.nrf_fprintf_fmt) refers to nrf_fprintf_format.o(i.buffer_add) for buffer_add
    nrf_fprintf_format.o(i.nrf_fprintf_fmt) refers to nrf_fprintf.o(i.nrf_fprintf_buffer_flush) for nrf_fprintf_buffer_flush
    nrf_fprintf_format.o(i.nrf_fprintf_fmt) refers to nrf_fprintf_format.o(i.int_print) for int_print
    nrf_fprintf_format.o(i.nrf_fprintf_fmt) refers to nrf_fprintf_format.o(i.unsigned_print) for unsigned_print
    nrf_fprintf_format.o(i.nrf_fprintf_fmt) refers to strlen.o(.text) for strlen
    nrf_fprintf_format.o(i.unsigned_print) refers to nrf_fprintf_format.o(i.buffer_add) for buffer_add
    nrf_fprintf_format.o(i.unsigned_print) refers to nrf_fprintf_format.o(.constdata) for .constdata
    nrf_memobj.o(i.memobj_op) refers to memcpya.o(.text) for __aeabi_memcpy
    nrf_memobj.o(i.nrf_memobj_alloc) refers to nrf_balloc.o(i.nrf_balloc_alloc) for nrf_balloc_alloc
    nrf_memobj.o(i.nrf_memobj_alloc) refers to nrf_memobj.o(i.nrf_memobj_free) for nrf_memobj_free
    nrf_memobj.o(i.nrf_memobj_free) refers to nrf_balloc.o(i.nrf_balloc_free) for nrf_balloc_free
    nrf_memobj.o(i.nrf_memobj_get) refers to nrf_atomic.o(i.nrf_atomic_u32_add) for nrf_atomic_u32_add
    nrf_memobj.o(i.nrf_memobj_pool_init) refers to nrf_balloc.o(i.nrf_balloc_init) for nrf_balloc_init
    nrf_memobj.o(i.nrf_memobj_put) refers to nrf_atomic.o(i.nrf_atomic_u32_sub) for nrf_atomic_u32_sub
    nrf_memobj.o(i.nrf_memobj_put) refers to nrf_memobj.o(i.nrf_memobj_free) for nrf_memobj_free
    nrf_memobj.o(i.nrf_memobj_read) refers to nrf_memobj.o(i.memobj_op) for memobj_op
    nrf_memobj.o(i.nrf_memobj_write) refers to nrf_memobj.o(i.memobj_op) for memobj_op
    nrf_pwr_mgmt.o(i.nrf_pwr_mgmt_init) refers to nrf_section_iter.o(i.nrf_section_iter_init) for nrf_section_iter_init
    nrf_pwr_mgmt.o(i.nrf_pwr_mgmt_init) refers to nrf_pwr_mgmt.o(.data) for .data
    nrf_pwr_mgmt.o(i.nrf_pwr_mgmt_init) refers to nrf_pwr_mgmt.o(.constdata) for .constdata
    nrf_pwr_mgmt.o(i.nrf_pwr_mgmt_init) refers to nrf_pwr_mgmt.o(.bss) for .bss
    nrf_pwr_mgmt.o(i.nrf_pwr_mgmt_run) refers to app_util_platform.o(i.app_util_critical_region_enter) for app_util_critical_region_enter
    nrf_pwr_mgmt.o(i.nrf_pwr_mgmt_run) refers to app_util_platform.o(i.app_util_critical_region_exit) for app_util_critical_region_exit
    nrf_pwr_mgmt.o(i.nrf_pwr_mgmt_run) refers to nrf_sdh.o(i.nrf_sdh_is_enabled) for nrf_sdh_is_enabled
    nrf_pwr_mgmt.o(i.nrf_pwr_mgmt_shutdown) refers to nrf_atomic.o(i.nrf_atomic_u32_fetch_store) for nrf_atomic_u32_fetch_store
    nrf_pwr_mgmt.o(i.nrf_pwr_mgmt_shutdown) refers to nrf_pwr_mgmt.o(i.shutdown_process) for shutdown_process
    nrf_pwr_mgmt.o(i.nrf_pwr_mgmt_shutdown) refers to nrf_pwr_mgmt.o(.data) for .data
    nrf_pwr_mgmt.o(i.shutdown_process) refers to nrf_section_iter.o(i.nrf_section_iter_next) for nrf_section_iter_next
    nrf_pwr_mgmt.o(i.shutdown_process) refers to nrf_log_frontend.o(i.nrf_log_panic) for nrf_log_panic
    nrf_pwr_mgmt.o(i.shutdown_process) refers to nrf_log_frontend.o(i.nrf_log_frontend_dequeue) for nrf_log_frontend_dequeue
    nrf_pwr_mgmt.o(i.shutdown_process) refers to nrf_sdh.o(i.nrf_sdh_is_enabled) for nrf_sdh_is_enabled
    nrf_pwr_mgmt.o(i.shutdown_process) refers to nrf_pwr_mgmt.o(.bss) for .bss
    nrf_pwr_mgmt.o(i.shutdown_process) refers to nrf_pwr_mgmt.o(.data) for .data
    nrf_pwr_mgmt.o(.constdata) refers to nrf_pwr_mgmt.o(.constdata) for pwr_mgmt_data_array
    nrf_pwr_mgmt.o(log_const_data) refers to nrf_pwr_mgmt.o(.conststrlit) for .conststrlit
    nrf_ringbuf.o(i.nrf_ringbuf_alloc) refers to nrf_atomic.o(i.nrf_atomic_flag_set_fetch) for nrf_atomic_flag_set_fetch
    nrf_ringbuf.o(i.nrf_ringbuf_alloc) refers to nrf_atomic.o(i.nrf_atomic_flag_clear) for nrf_atomic_flag_clear
    nrf_ringbuf.o(i.nrf_ringbuf_cpy_get) refers to nrf_atomic.o(i.nrf_atomic_flag_set_fetch) for nrf_atomic_flag_set_fetch
    nrf_ringbuf.o(i.nrf_ringbuf_cpy_get) refers to memcpya.o(.text) for __aeabi_memcpy
    nrf_ringbuf.o(i.nrf_ringbuf_cpy_get) refers to nrf_atomic.o(i.nrf_atomic_flag_clear) for nrf_atomic_flag_clear
    nrf_ringbuf.o(i.nrf_ringbuf_cpy_put) refers to nrf_atomic.o(i.nrf_atomic_flag_set_fetch) for nrf_atomic_flag_set_fetch
    nrf_ringbuf.o(i.nrf_ringbuf_cpy_put) refers to memcpya.o(.text) for __aeabi_memcpy
    nrf_ringbuf.o(i.nrf_ringbuf_cpy_put) refers to nrf_atomic.o(i.nrf_atomic_flag_clear) for nrf_atomic_flag_clear
    nrf_ringbuf.o(i.nrf_ringbuf_free) refers to nrf_atomic.o(i.nrf_atomic_flag_clear) for nrf_atomic_flag_clear
    nrf_ringbuf.o(i.nrf_ringbuf_get) refers to nrf_atomic.o(i.nrf_atomic_flag_set_fetch) for nrf_atomic_flag_set_fetch
    nrf_ringbuf.o(i.nrf_ringbuf_get) refers to nrf_atomic.o(i.nrf_atomic_flag_clear) for nrf_atomic_flag_clear
    nrf_ringbuf.o(i.nrf_ringbuf_put) refers to nrf_atomic.o(i.nrf_atomic_flag_clear_fetch) for nrf_atomic_flag_clear_fetch
    nrf_section_iter.o(i.nrf_section_iter_init) refers to nrf_section_iter.o(i.nrf_section_iter_item_set) for nrf_section_iter_item_set
    nrf_section_iter.o(i.nrf_section_iter_next) refers to nrf_section_iter.o(i.nrf_section_iter_item_set) for nrf_section_iter_item_set
    nrf_sortlist.o(log_const_data) refers to nrf_sortlist.o(.conststrlit) for .conststrlit
    nrf_strerror.o(i.nrf_strerror_find) refers to nrf_strerror.o(.constdata) for .constdata
    nrf_strerror.o(i.nrf_strerror_get) refers to nrf_strerror.o(i.nrf_strerror_find) for nrf_strerror_find
    nrf_strerror.o(i.nrf_strerror_get) refers to nrf_strerror.o(.constdata) for .constdata
    nrf_strerror.o(.constdata) refers to nrf_strerror.o(.conststring) for .conststring
    nrf_log_backend_serial.o(i.nrf_log_backend_serial_put) refers to nrf_memobj.o(i.nrf_memobj_get) for nrf_memobj_get
    nrf_log_backend_serial.o(i.nrf_log_backend_serial_put) refers to memseta.o(.text) for __aeabi_memclr4
    nrf_log_backend_serial.o(i.nrf_log_backend_serial_put) refers to nrf_memobj.o(i.nrf_memobj_read) for nrf_memobj_read
    nrf_log_backend_serial.o(i.nrf_log_backend_serial_put) refers to nrf_log_str_formatter.o(i.nrf_log_std_entry_process) for nrf_log_std_entry_process
    nrf_log_backend_serial.o(i.nrf_log_backend_serial_put) refers to nrf_log_str_formatter.o(i.nrf_log_hexdump_entry_process) for nrf_log_hexdump_entry_process
    nrf_log_backend_serial.o(i.nrf_log_backend_serial_put) refers to nrf_memobj.o(i.nrf_memobj_put) for nrf_memobj_put
    nrf_log_backend_uart.o(i.nrf_log_backend_uart_init) refers to nrf_log_backend_uart.o(i.uart_init) for uart_init
    nrf_log_backend_uart.o(i.nrf_log_backend_uart_panic_set) refers to nrfx_uarte.o(i.nrfx_uarte_uninit) for nrfx_uarte_uninit
    nrf_log_backend_uart.o(i.nrf_log_backend_uart_panic_set) refers to nrfx_uart.o(i.nrfx_uart_uninit) for nrfx_uart_uninit
    nrf_log_backend_uart.o(i.nrf_log_backend_uart_panic_set) refers to nrf_log_backend_uart.o(i.uart_init) for uart_init
    nrf_log_backend_uart.o(i.nrf_log_backend_uart_panic_set) refers to nrf_log_backend_uart.o(.data) for .data
    nrf_log_backend_uart.o(i.nrf_log_backend_uart_panic_set) refers to nrf_drv_uart.o(.data) for nrf_drv_uart_use_easy_dma
    nrf_log_backend_uart.o(i.nrf_log_backend_uart_put) refers to nrf_log_backend_serial.o(i.nrf_log_backend_serial_put) for nrf_log_backend_serial_put
    nrf_log_backend_uart.o(i.nrf_log_backend_uart_put) refers to nrf_log_backend_uart.o(i.serial_tx) for serial_tx
    nrf_log_backend_uart.o(i.nrf_log_backend_uart_put) refers to nrf_log_backend_uart.o(.bss) for .bss
    nrf_log_backend_uart.o(i.serial_tx) refers to nrfx_uarte.o(i.nrfx_uarte_tx) for nrfx_uarte_tx
    nrf_log_backend_uart.o(i.serial_tx) refers to nrfx_uart.o(i.nrfx_uart_tx) for nrfx_uart_tx
    nrf_log_backend_uart.o(i.serial_tx) refers to app_error.o(i.app_error_handler_bare) for app_error_handler_bare
    nrf_log_backend_uart.o(i.serial_tx) refers to nrf_log_backend_uart.o(.data) for .data
    nrf_log_backend_uart.o(i.serial_tx) refers to nrf_drv_uart.o(.data) for nrf_drv_uart_use_easy_dma
    nrf_log_backend_uart.o(i.uart_evt_handler) refers to nrf_log_backend_uart.o(.data) for .data
    nrf_log_backend_uart.o(i.uart_init) refers to memcpya.o(.text) for __aeabi_memcpy4
    nrf_log_backend_uart.o(i.uart_init) refers to nrf_drv_uart.o(i.nrf_drv_uart_init) for nrf_drv_uart_init
    nrf_log_backend_uart.o(i.uart_init) refers to app_error.o(i.app_error_handler_bare) for app_error_handler_bare
    nrf_log_backend_uart.o(i.uart_init) refers to nrf_log_backend_uart.o(.constdata) for .constdata
    nrf_log_backend_uart.o(i.uart_init) refers to nrf_log_backend_uart.o(i.uart_evt_handler) for uart_evt_handler
    nrf_log_backend_uart.o(i.uart_init) refers to nrf_log_backend_uart.o(.data) for .data
    nrf_log_backend_uart.o(.constdata) refers to nrf_log_backend_uart.o(i.nrf_log_backend_uart_put) for nrf_log_backend_uart_put
    nrf_log_backend_uart.o(.constdata) refers to nrf_log_backend_uart.o(i.nrf_log_backend_uart_panic_set) for nrf_log_backend_uart_panic_set
    nrf_log_backend_uart.o(.constdata) refers to nrf_log_backend_uart.o(i.nrf_log_backend_uart_flush) for nrf_log_backend_uart_flush
    nrf_log_default_backends.o(i.nrf_log_default_backends_init) refers to nrf_log_backend_uart.o(i.nrf_log_backend_uart_init) for nrf_log_backend_uart_init
    nrf_log_default_backends.o(i.nrf_log_default_backends_init) refers to nrf_log_frontend.o(i.nrf_log_backend_add) for nrf_log_backend_add
    nrf_log_default_backends.o(i.nrf_log_default_backends_init) refers to nrf_log_default_backends.o(log_backends) for log_backends
    nrf_log_default_backends.o(log_backends) refers to nrf_log_backend_uart.o(.constdata) for nrf_log_backend_uart_api
    nrf_log_default_backends.o(log_backends) refers to nrf_log_default_backends.o(.conststrlit) for .conststrlit
    nrf_log_default_backends.o(log_backends) refers to nrf_log_default_backends.o(.data) for log_backend_cb_uart_log_backend
    nrf_log_frontend.o(i.buf_prealloc) refers to app_util_platform.o(i.app_util_critical_region_enter) for app_util_critical_region_enter
    nrf_log_frontend.o(i.buf_prealloc) refers to nrf_atomic.o(i.nrf_atomic_u32_add) for nrf_atomic_u32_add
    nrf_log_frontend.o(i.buf_prealloc) refers to nrf_log_frontend.o(i.log_skip) for log_skip
    nrf_log_frontend.o(i.buf_prealloc) refers to app_util_platform.o(i.app_util_critical_region_exit) for app_util_critical_region_exit
    nrf_log_frontend.o(i.buf_prealloc) refers to nrf_log_frontend.o(.bss) for .bss
    nrf_log_frontend.o(i.buf_prealloc) refers to nrf_log_frontend.o(.data) for .data
    nrf_log_frontend.o(i.buffer_is_empty) refers to nrf_log_frontend.o(.bss) for .bss
    nrf_log_frontend.o(i.dropped_sat16_get) refers to nrf_atomic.o(i.nrf_atomic_u32_fetch_store) for nrf_atomic_u32_fetch_store
    nrf_log_frontend.o(i.dropped_sat16_get) refers to nrf_log_frontend.o(.bss) for .bss
    nrf_log_frontend.o(i.log_skip) refers to nrf_atomic.o(i.nrf_atomic_flag_set) for nrf_atomic_flag_set
    nrf_log_frontend.o(i.log_skip) refers to nrf_log_frontend.o(i.invalid_packets_omit) for invalid_packets_omit
    nrf_log_frontend.o(i.log_skip) refers to nrf_atomic.o(i.nrf_atomic_flag_clear_fetch) for nrf_atomic_flag_clear_fetch
    nrf_log_frontend.o(i.log_skip) refers to nrf_log_frontend.o(.bss) for .bss
    nrf_log_frontend.o(i.log_skip) refers to nrf_log_frontend.o(.data) for .data
    nrf_log_frontend.o(i.module_idx_get) refers to nrf_log_frontend.o(i.nrf_log_module_cnt_get) for nrf_log_module_cnt_get
    nrf_log_frontend.o(i.nrf_log_backend_add) refers to nrf_log_frontend.o(.bss) for .bss
    nrf_log_frontend.o(i.nrf_log_backend_remove) refers to nrf_log_frontend.o(.bss) for .bss
    nrf_log_frontend.o(i.nrf_log_frontend_dequeue) refers to nrf_log_frontend.o(i.buffer_is_empty) for buffer_is_empty
    nrf_log_frontend.o(i.nrf_log_frontend_dequeue) refers to nrf_log_frontend.o(i.invalid_packets_omit) for invalid_packets_omit
    nrf_log_frontend.o(i.nrf_log_frontend_dequeue) refers to nrf_memobj.o(i.nrf_memobj_alloc) for nrf_memobj_alloc
    nrf_log_frontend.o(i.nrf_log_frontend_dequeue) refers to nrf_memobj.o(i.nrf_memobj_get) for nrf_memobj_get
    nrf_log_frontend.o(i.nrf_log_frontend_dequeue) refers to nrf_memobj.o(i.nrf_memobj_write) for nrf_memobj_write
    nrf_log_frontend.o(i.nrf_log_frontend_dequeue) refers to nrf_memobj.o(i.nrf_memobj_put) for nrf_memobj_put
    nrf_log_frontend.o(i.nrf_log_frontend_dequeue) refers to app_util_platform.o(i.app_util_critical_region_enter) for app_util_critical_region_enter
    nrf_log_frontend.o(i.nrf_log_frontend_dequeue) refers to app_util_platform.o(i.app_util_critical_region_exit) for app_util_critical_region_exit
    nrf_log_frontend.o(i.nrf_log_frontend_dequeue) refers to nrf_log_frontend.o(i.nrf_log_frontend_std_0) for nrf_log_frontend_std_0
    nrf_log_frontend.o(i.nrf_log_frontend_dequeue) refers to nrf_log_frontend.o(.bss) for .bss
    nrf_log_frontend.o(i.nrf_log_frontend_dequeue) refers to nrf_log_frontend.o(.data) for .data
    nrf_log_frontend.o(i.nrf_log_frontend_dequeue) refers to nrf_log_frontend.o(nrf_balloc) for nrf_balloc
    nrf_log_frontend.o(i.nrf_log_frontend_dequeue) refers to nrf_log_frontend.o(log_const_data) for log_const_data
    nrf_log_frontend.o(i.nrf_log_frontend_hexdump) refers to nrf_log_frontend.o(i.buf_prealloc) for buf_prealloc
    nrf_log_frontend.o(i.nrf_log_frontend_hexdump) refers to memcpya.o(.text) for __aeabi_memcpy
    nrf_log_frontend.o(i.nrf_log_frontend_hexdump) refers to nrf_log_frontend.o(i.dropped_sat16_get) for dropped_sat16_get
    nrf_log_frontend.o(i.nrf_log_frontend_hexdump) refers to nrf_log_frontend.o(i.nrf_log_frontend_dequeue) for nrf_log_frontend_dequeue
    nrf_log_frontend.o(i.nrf_log_frontend_hexdump) refers to nrf_log_frontend.o(i.log_pending_hook) for log_pending_hook
    nrf_log_frontend.o(i.nrf_log_frontend_hexdump) refers to nrf_log_frontend.o(.data) for .data
    nrf_log_frontend.o(i.nrf_log_frontend_hexdump) refers to nrf_log_frontend.o(.bss) for .bss
    nrf_log_frontend.o(i.nrf_log_frontend_std_0) refers to nrf_log_frontend.o(i.std_n) for std_n
    nrf_log_frontend.o(i.nrf_log_frontend_std_1) refers to nrf_log_frontend.o(i.std_n) for std_n
    nrf_log_frontend.o(i.nrf_log_frontend_std_2) refers to nrf_log_frontend.o(i.std_n) for std_n
    nrf_log_frontend.o(i.nrf_log_frontend_std_3) refers to nrf_log_frontend.o(i.std_n) for std_n
    nrf_log_frontend.o(i.nrf_log_frontend_std_4) refers to nrf_log_frontend.o(i.std_n) for std_n
    nrf_log_frontend.o(i.nrf_log_frontend_std_5) refers to nrf_log_frontend.o(i.std_n) for std_n
    nrf_log_frontend.o(i.nrf_log_frontend_std_6) refers to nrf_log_frontend.o(i.std_n) for std_n
    nrf_log_frontend.o(i.nrf_log_init) refers to nrf_memobj.o(i.nrf_memobj_pool_init) for nrf_memobj_pool_init
    nrf_log_frontend.o(i.nrf_log_init) refers to nrf_ringbuf.o(i.nrf_ringbuf_init) for nrf_ringbuf_init
    nrf_log_frontend.o(i.nrf_log_init) refers to nrf_log_frontend.o(.bss) for .bss
    nrf_log_frontend.o(i.nrf_log_init) refers to nrf_log_frontend.o(nrf_balloc) for nrf_balloc
    nrf_log_frontend.o(i.nrf_log_init) refers to nrf_log_frontend.o(.constdata) for .constdata
    nrf_log_frontend.o(i.nrf_log_module_filter_get) refers to nrf_log_frontend.o(i.module_idx_get) for module_idx_get
    nrf_log_frontend.o(i.nrf_log_module_name_get) refers to nrf_log_frontend.o(i.module_idx_get) for module_idx_get
    nrf_log_frontend.o(i.nrf_log_panic) refers to nrf_log_frontend.o(.bss) for .bss
    nrf_log_frontend.o(i.nrf_log_push) refers to strlen.o(.text) for strlen
    nrf_log_frontend.o(i.nrf_log_push) refers to nrf_ringbuf.o(i.nrf_ringbuf_alloc) for nrf_ringbuf_alloc
    nrf_log_frontend.o(i.nrf_log_push) refers to memcpya.o(.text) for __aeabi_memcpy
    nrf_log_frontend.o(i.nrf_log_push) refers to nrf_ringbuf.o(i.nrf_ringbuf_put) for nrf_ringbuf_put
    nrf_log_frontend.o(i.nrf_log_push) refers to nrf_ringbuf.o(i.nrf_ringbuf_free) for nrf_ringbuf_free
    nrf_log_frontend.o(i.nrf_log_push) refers to nrf_log_frontend.o(.bss) for .bss
    nrf_log_frontend.o(i.nrf_log_push) refers to nrf_log_frontend.o(.constdata) for .constdata
    nrf_log_frontend.o(i.std_n) refers to nrf_log_frontend.o(i.buf_prealloc) for buf_prealloc
    nrf_log_frontend.o(i.std_n) refers to nrf_log_frontend.o(i.dropped_sat16_get) for dropped_sat16_get
    nrf_log_frontend.o(i.std_n) refers to nrf_log_frontend.o(i.nrf_log_frontend_dequeue) for nrf_log_frontend_dequeue
    nrf_log_frontend.o(i.std_n) refers to nrf_log_frontend.o(i.log_pending_hook) for log_pending_hook
    nrf_log_frontend.o(i.std_n) refers to nrf_log_frontend.o(.data) for .data
    nrf_log_frontend.o(i.std_n) refers to nrf_log_frontend.o(.bss) for .bss
    nrf_log_frontend.o(.constdata) refers to nrf_log_frontend.o(.bss) for m_log_push_ringbuf_buf
    nrf_log_frontend.o(.constdata) refers to nrf_log_frontend.o(.bss) for m_log_push_ringbuf_cb
    nrf_log_frontend.o(log_const_data) refers to nrf_log_frontend.o(.conststrlit) for .conststrlit
    nrf_log_frontend.o(nrf_balloc) refers to nrf_log_frontend.o(.data) for log_mempool_nrf_balloc_cb
    nrf_log_frontend.o(nrf_balloc) refers to nrf_log_frontend.o(.data) for log_mempool_nrf_balloc_pool_stack
    nrf_log_frontend.o(nrf_balloc) refers to nrf_log_frontend.o(.bss) for log_mempool_nrf_balloc_pool_mem
    nrf_log_str_formatter.o(i.nrf_log_hexdump_entry_process) refers to nrf_log_str_formatter.o(i.prefix_process) for prefix_process
    nrf_log_str_formatter.o(i.nrf_log_hexdump_entry_process) refers to nrf_fprintf.o(i.nrf_fprintf) for nrf_fprintf
    nrf_log_str_formatter.o(i.nrf_log_hexdump_entry_process) refers to ctype_o.o(.text) for __rt_ctype_table
    nrf_log_str_formatter.o(i.nrf_log_hexdump_entry_process) refers to nrf_log_str_formatter.o(i.postfix_process) for postfix_process
    nrf_log_str_formatter.o(i.nrf_log_std_entry_process) refers to nrf_log_str_formatter.o(i.prefix_process) for prefix_process
    nrf_log_str_formatter.o(i.nrf_log_std_entry_process) refers to nrf_fprintf.o(i.nrf_fprintf) for nrf_fprintf
    nrf_log_str_formatter.o(i.nrf_log_std_entry_process) refers to nrf_log_str_formatter.o(i.postfix_process) for postfix_process
    nrf_log_str_formatter.o(i.nrf_log_str_formatter_timestamp_freq_set) refers to nrf_log_str_formatter.o(.data) for .data
    nrf_log_str_formatter.o(i.postfix_process) refers to nrf_fprintf.o(i.nrf_fprintf) for nrf_fprintf
    nrf_log_str_formatter.o(i.postfix_process) refers to nrf_fprintf.o(i.nrf_fprintf_buffer_flush) for nrf_fprintf_buffer_flush
    nrf_log_str_formatter.o(i.postfix_process) refers to nrf_log_str_formatter.o(.data) for .data
    nrf_log_str_formatter.o(i.prefix_process) refers to nrf_fprintf.o(i.nrf_fprintf) for nrf_fprintf
    nrf_log_str_formatter.o(i.prefix_process) refers to nrf_log_frontend.o(i.nrf_log_color_id_get) for nrf_log_color_id_get
    nrf_log_str_formatter.o(i.prefix_process) refers to nrf_log_frontend.o(i.nrf_log_module_name_get) for nrf_log_module_name_get
    nrf_log_str_formatter.o(i.prefix_process) refers to nrf_log_str_formatter.o(.data) for .data
    nrf_log_str_formatter.o(.data) refers to nrf_log_str_formatter.o(.conststring) for .conststring
    segger_rtt.o(i.SEGGER_RTT_AllocDownBuffer) refers to segger_rtt.o(i._DoInit) for _DoInit
    segger_rtt.o(i.SEGGER_RTT_AllocDownBuffer) refers to app_util_platform.o(i.app_util_critical_region_enter) for app_util_critical_region_enter
    segger_rtt.o(i.SEGGER_RTT_AllocDownBuffer) refers to app_util_platform.o(i.app_util_critical_region_exit) for app_util_critical_region_exit
    segger_rtt.o(i.SEGGER_RTT_AllocDownBuffer) refers to segger_rtt.o(.bss) for .bss
    segger_rtt.o(i.SEGGER_RTT_AllocUpBuffer) refers to segger_rtt.o(i._DoInit) for _DoInit
    segger_rtt.o(i.SEGGER_RTT_AllocUpBuffer) refers to app_util_platform.o(i.app_util_critical_region_enter) for app_util_critical_region_enter
    segger_rtt.o(i.SEGGER_RTT_AllocUpBuffer) refers to app_util_platform.o(i.app_util_critical_region_exit) for app_util_critical_region_exit
    segger_rtt.o(i.SEGGER_RTT_AllocUpBuffer) refers to segger_rtt.o(.bss) for .bss
    segger_rtt.o(i.SEGGER_RTT_ConfigDownBuffer) refers to segger_rtt.o(i._DoInit) for _DoInit
    segger_rtt.o(i.SEGGER_RTT_ConfigDownBuffer) refers to app_util_platform.o(i.app_util_critical_region_enter) for app_util_critical_region_enter
    segger_rtt.o(i.SEGGER_RTT_ConfigDownBuffer) refers to app_util_platform.o(i.app_util_critical_region_exit) for app_util_critical_region_exit
    segger_rtt.o(i.SEGGER_RTT_ConfigDownBuffer) refers to segger_rtt.o(.bss) for .bss
    segger_rtt.o(i.SEGGER_RTT_ConfigUpBuffer) refers to segger_rtt.o(i._DoInit) for _DoInit
    segger_rtt.o(i.SEGGER_RTT_ConfigUpBuffer) refers to app_util_platform.o(i.app_util_critical_region_enter) for app_util_critical_region_enter
    segger_rtt.o(i.SEGGER_RTT_ConfigUpBuffer) refers to app_util_platform.o(i.app_util_critical_region_exit) for app_util_critical_region_exit
    segger_rtt.o(i.SEGGER_RTT_ConfigUpBuffer) refers to segger_rtt.o(.bss) for .bss
    segger_rtt.o(i.SEGGER_RTT_GetKey) refers to segger_rtt.o(i.SEGGER_RTT_Read) for SEGGER_RTT_Read
    segger_rtt.o(i.SEGGER_RTT_HasData) refers to segger_rtt.o(.bss) for .bss
    segger_rtt.o(i.SEGGER_RTT_HasKey) refers to segger_rtt.o(i._DoInit) for _DoInit
    segger_rtt.o(i.SEGGER_RTT_HasKey) refers to segger_rtt.o(.bss) for .bss
    segger_rtt.o(i.SEGGER_RTT_Init) refers to segger_rtt.o(i._DoInit) for _DoInit
    segger_rtt.o(i.SEGGER_RTT_PutChar) refers to segger_rtt.o(i._DoInit) for _DoInit
    segger_rtt.o(i.SEGGER_RTT_PutChar) refers to app_util_platform.o(i.app_util_critical_region_enter) for app_util_critical_region_enter
    segger_rtt.o(i.SEGGER_RTT_PutChar) refers to app_util_platform.o(i.app_util_critical_region_exit) for app_util_critical_region_exit
    segger_rtt.o(i.SEGGER_RTT_PutChar) refers to segger_rtt.o(.bss) for .bss
    segger_rtt.o(i.SEGGER_RTT_PutCharSkip) refers to segger_rtt.o(i._DoInit) for _DoInit
    segger_rtt.o(i.SEGGER_RTT_PutCharSkip) refers to app_util_platform.o(i.app_util_critical_region_enter) for app_util_critical_region_enter
    segger_rtt.o(i.SEGGER_RTT_PutCharSkip) refers to app_util_platform.o(i.app_util_critical_region_exit) for app_util_critical_region_exit
    segger_rtt.o(i.SEGGER_RTT_PutCharSkip) refers to segger_rtt.o(.bss) for .bss
    segger_rtt.o(i.SEGGER_RTT_PutCharSkipNoLock) refers to segger_rtt.o(.bss) for .bss
    segger_rtt.o(i.SEGGER_RTT_Read) refers to app_util_platform.o(i.app_util_critical_region_enter) for app_util_critical_region_enter
    segger_rtt.o(i.SEGGER_RTT_Read) refers to segger_rtt.o(i.SEGGER_RTT_ReadNoLock) for SEGGER_RTT_ReadNoLock
    segger_rtt.o(i.SEGGER_RTT_Read) refers to app_util_platform.o(i.app_util_critical_region_exit) for app_util_critical_region_exit
    segger_rtt.o(i.SEGGER_RTT_ReadNoLock) refers to segger_rtt.o(i._DoInit) for _DoInit
    segger_rtt.o(i.SEGGER_RTT_ReadNoLock) refers to memcpya.o(.text) for __aeabi_memcpy
    segger_rtt.o(i.SEGGER_RTT_ReadNoLock) refers to segger_rtt.o(.bss) for .bss
    segger_rtt.o(i.SEGGER_RTT_SetFlagsDownBuffer) refers to segger_rtt.o(i._DoInit) for _DoInit
    segger_rtt.o(i.SEGGER_RTT_SetFlagsDownBuffer) refers to app_util_platform.o(i.app_util_critical_region_enter) for app_util_critical_region_enter
    segger_rtt.o(i.SEGGER_RTT_SetFlagsDownBuffer) refers to app_util_platform.o(i.app_util_critical_region_exit) for app_util_critical_region_exit
    segger_rtt.o(i.SEGGER_RTT_SetFlagsDownBuffer) refers to segger_rtt.o(.bss) for .bss
    segger_rtt.o(i.SEGGER_RTT_SetFlagsUpBuffer) refers to segger_rtt.o(i._DoInit) for _DoInit
    segger_rtt.o(i.SEGGER_RTT_SetFlagsUpBuffer) refers to app_util_platform.o(i.app_util_critical_region_enter) for app_util_critical_region_enter
    segger_rtt.o(i.SEGGER_RTT_SetFlagsUpBuffer) refers to app_util_platform.o(i.app_util_critical_region_exit) for app_util_critical_region_exit
    segger_rtt.o(i.SEGGER_RTT_SetFlagsUpBuffer) refers to segger_rtt.o(.bss) for .bss
    segger_rtt.o(i.SEGGER_RTT_SetNameDownBuffer) refers to segger_rtt.o(i._DoInit) for _DoInit
    segger_rtt.o(i.SEGGER_RTT_SetNameDownBuffer) refers to app_util_platform.o(i.app_util_critical_region_enter) for app_util_critical_region_enter
    segger_rtt.o(i.SEGGER_RTT_SetNameDownBuffer) refers to app_util_platform.o(i.app_util_critical_region_exit) for app_util_critical_region_exit
    segger_rtt.o(i.SEGGER_RTT_SetNameDownBuffer) refers to segger_rtt.o(.bss) for .bss
    segger_rtt.o(i.SEGGER_RTT_SetNameUpBuffer) refers to segger_rtt.o(i._DoInit) for _DoInit
    segger_rtt.o(i.SEGGER_RTT_SetNameUpBuffer) refers to app_util_platform.o(i.app_util_critical_region_enter) for app_util_critical_region_enter
    segger_rtt.o(i.SEGGER_RTT_SetNameUpBuffer) refers to app_util_platform.o(i.app_util_critical_region_exit) for app_util_critical_region_exit
    segger_rtt.o(i.SEGGER_RTT_SetNameUpBuffer) refers to segger_rtt.o(.bss) for .bss
    segger_rtt.o(i.SEGGER_RTT_SetTerminal) refers to segger_rtt.o(i._DoInit) for _DoInit
    segger_rtt.o(i.SEGGER_RTT_SetTerminal) refers to app_util_platform.o(i.app_util_critical_region_enter) for app_util_critical_region_enter
    segger_rtt.o(i.SEGGER_RTT_SetTerminal) refers to segger_rtt.o(i._GetAvailWriteSpace) for _GetAvailWriteSpace
    segger_rtt.o(i.SEGGER_RTT_SetTerminal) refers to segger_rtt.o(i._WriteNoCheck) for _WriteNoCheck
    segger_rtt.o(i.SEGGER_RTT_SetTerminal) refers to segger_rtt.o(i._WriteBlocking) for _WriteBlocking
    segger_rtt.o(i.SEGGER_RTT_SetTerminal) refers to app_util_platform.o(i.app_util_critical_region_exit) for app_util_critical_region_exit
    segger_rtt.o(i.SEGGER_RTT_SetTerminal) refers to segger_rtt.o(.bss) for .bss
    segger_rtt.o(i.SEGGER_RTT_SetTerminal) refers to segger_rtt.o(.data) for .data
    segger_rtt.o(i.SEGGER_RTT_TerminalOut) refers to segger_rtt.o(i._DoInit) for _DoInit
    segger_rtt.o(i.SEGGER_RTT_TerminalOut) refers to strlen.o(.text) for strlen
    segger_rtt.o(i.SEGGER_RTT_TerminalOut) refers to app_util_platform.o(i.app_util_critical_region_enter) for app_util_critical_region_enter
    segger_rtt.o(i.SEGGER_RTT_TerminalOut) refers to segger_rtt.o(i._GetAvailWriteSpace) for _GetAvailWriteSpace
    segger_rtt.o(i.SEGGER_RTT_TerminalOut) refers to segger_rtt.o(i._PostTerminalSwitch) for _PostTerminalSwitch
    segger_rtt.o(i.SEGGER_RTT_TerminalOut) refers to segger_rtt.o(i._WriteBlocking) for _WriteBlocking
    segger_rtt.o(i.SEGGER_RTT_TerminalOut) refers to app_util_platform.o(i.app_util_critical_region_exit) for app_util_critical_region_exit
    segger_rtt.o(i.SEGGER_RTT_TerminalOut) refers to segger_rtt.o(.bss) for .bss
    segger_rtt.o(i.SEGGER_RTT_TerminalOut) refers to segger_rtt.o(.data) for .data
    segger_rtt.o(i.SEGGER_RTT_WaitKey) refers to segger_rtt.o(i.SEGGER_RTT_GetKey) for SEGGER_RTT_GetKey
    segger_rtt.o(i.SEGGER_RTT_Write) refers to segger_rtt.o(i._DoInit) for _DoInit
    segger_rtt.o(i.SEGGER_RTT_Write) refers to app_util_platform.o(i.app_util_critical_region_enter) for app_util_critical_region_enter
    segger_rtt.o(i.SEGGER_RTT_Write) refers to segger_rtt.o(i.SEGGER_RTT_WriteNoLock) for SEGGER_RTT_WriteNoLock
    segger_rtt.o(i.SEGGER_RTT_Write) refers to app_util_platform.o(i.app_util_critical_region_exit) for app_util_critical_region_exit
    segger_rtt.o(i.SEGGER_RTT_Write) refers to segger_rtt.o(.bss) for .bss
    segger_rtt.o(i.SEGGER_RTT_WriteNoLock) refers to segger_rtt.o(i._GetAvailWriteSpace) for _GetAvailWriteSpace
    segger_rtt.o(i.SEGGER_RTT_WriteNoLock) refers to segger_rtt.o(i._WriteNoCheck) for _WriteNoCheck
    segger_rtt.o(i.SEGGER_RTT_WriteNoLock) refers to segger_rtt.o(i._WriteBlocking) for _WriteBlocking
    segger_rtt.o(i.SEGGER_RTT_WriteNoLock) refers to segger_rtt.o(.bss) for .bss
    segger_rtt.o(i.SEGGER_RTT_WriteSkipNoLock) refers to memcpya.o(.text) for __aeabi_memcpy
    segger_rtt.o(i.SEGGER_RTT_WriteSkipNoLock) refers to segger_rtt.o(.bss) for .bss
    segger_rtt.o(i.SEGGER_RTT_WriteString) refers to strlen.o(.text) for strlen
    segger_rtt.o(i.SEGGER_RTT_WriteString) refers to segger_rtt.o(i.SEGGER_RTT_Write) for SEGGER_RTT_Write
    segger_rtt.o(i.SEGGER_RTT_WriteWithOverwriteNoLock) refers to memcpya.o(.text) for __aeabi_memcpy
    segger_rtt.o(i.SEGGER_RTT_WriteWithOverwriteNoLock) refers to segger_rtt.o(.bss) for .bss
    segger_rtt.o(i._DoInit) refers to strcpy.o(.text) for strcpy
    segger_rtt.o(i._DoInit) refers to segger_rtt.o(.bss) for .bss
    segger_rtt.o(i._PostTerminalSwitch) refers to segger_rtt.o(i._WriteBlocking) for _WriteBlocking
    segger_rtt.o(i._PostTerminalSwitch) refers to segger_rtt.o(.data) for .data
    segger_rtt.o(i._WriteBlocking) refers to memcpya.o(.text) for __aeabi_memcpy
    segger_rtt.o(i._WriteNoCheck) refers to memcpya.o(.text) for __aeabi_memcpy
    segger_rtt_syscalls_keil.o(i._sys_open) refers to strcmp.o(.text) for strcmp
    segger_rtt_syscalls_keil.o(i._sys_open) refers to segger_rtt_syscalls_keil.o(.constdata) for .constdata
    segger_rtt_syscalls_keil.o(i._sys_write) refers to segger_rtt.o(i.SEGGER_RTT_Write) for SEGGER_RTT_Write
    segger_rtt_syscalls_keil.o(i._ttywrch) refers to fputc.o(i.fputc) for fputc
    segger_rtt_syscalls_keil.o(i._ttywrch) refers to fflush.o(.text) for fflush
    segger_rtt_syscalls_keil.o(i._ttywrch) refers to stdout.o(.data) for __stdout
    segger_rtt_printf.o(i.SEGGER_RTT_printf) refers to segger_rtt_printf.o(i.SEGGER_RTT_vprintf) for SEGGER_RTT_vprintf
    segger_rtt_printf.o(i.SEGGER_RTT_vprintf) refers to segger_rtt_printf.o(i._StoreChar) for _StoreChar
    segger_rtt_printf.o(i.SEGGER_RTT_vprintf) refers to segger_rtt_printf.o(i._PrintInt) for _PrintInt
    segger_rtt_printf.o(i.SEGGER_RTT_vprintf) refers to segger_rtt_printf.o(i._PrintUnsigned) for _PrintUnsigned
    segger_rtt_printf.o(i.SEGGER_RTT_vprintf) refers to segger_rtt.o(i.SEGGER_RTT_Write) for SEGGER_RTT_Write
    segger_rtt_printf.o(i._PrintInt) refers to segger_rtt_printf.o(i._StoreChar) for _StoreChar
    segger_rtt_printf.o(i._PrintInt) refers to segger_rtt_printf.o(i._PrintUnsigned) for _PrintUnsigned
    segger_rtt_printf.o(i._PrintUnsigned) refers to segger_rtt_printf.o(i._StoreChar) for _StoreChar
    segger_rtt_printf.o(i._PrintUnsigned) refers to segger_rtt_printf.o(.constdata) for .constdata
    segger_rtt_printf.o(i._StoreChar) refers to segger_rtt.o(i.SEGGER_RTT_Write) for SEGGER_RTT_Write
    nrf_sdh.o(i.SWI2_EGU2_IRQHandler) refers to nrf_sdh.o(i.nrf_sdh_evts_poll) for nrf_sdh_evts_poll
    nrf_sdh.o(i.nrf_sdh_disable_request) refers to nrf_sdh.o(i.sdh_request_observer_notify) for sdh_request_observer_notify
    nrf_sdh.o(i.nrf_sdh_disable_request) refers to nrf_sdh.o(i.sdh_state_observer_notify) for sdh_state_observer_notify
    nrf_sdh.o(i.nrf_sdh_disable_request) refers to app_util_platform.o(i.app_util_critical_region_enter) for app_util_critical_region_enter
    nrf_sdh.o(i.nrf_sdh_disable_request) refers to app_util_platform.o(i.app_util_critical_region_exit) for app_util_critical_region_exit
    nrf_sdh.o(i.nrf_sdh_disable_request) refers to nrf_sdh.o(i.softdevice_evt_irq_disable) for softdevice_evt_irq_disable
    nrf_sdh.o(i.nrf_sdh_disable_request) refers to nrf_sdh.o(.data) for .data
    nrf_sdh.o(i.nrf_sdh_enable_request) refers to nrf_sdh.o(i.sdh_request_observer_notify) for sdh_request_observer_notify
    nrf_sdh.o(i.nrf_sdh_enable_request) refers to nrf_sdh.o(i.sdh_state_observer_notify) for sdh_state_observer_notify
    nrf_sdh.o(i.nrf_sdh_enable_request) refers to app_util_platform.o(i.app_util_critical_region_enter) for app_util_critical_region_enter
    nrf_sdh.o(i.nrf_sdh_enable_request) refers to app_util_platform.o(i.app_util_critical_region_exit) for app_util_critical_region_exit
    nrf_sdh.o(i.nrf_sdh_enable_request) refers to nrf_sdh.o(i.softdevices_evt_irq_enable) for softdevices_evt_irq_enable
    nrf_sdh.o(i.nrf_sdh_enable_request) refers to nrf_sdh.o(.data) for .data
    nrf_sdh.o(i.nrf_sdh_enable_request) refers to nrf_sdh.o(.constdata) for .constdata
    nrf_sdh.o(i.nrf_sdh_enable_request) refers to app_error_weak.o(i.app_error_fault_handler) for app_error_fault_handler
    nrf_sdh.o(i.nrf_sdh_evts_poll) refers to nrf_section_iter.o(i.nrf_section_iter_init) for nrf_section_iter_init
    nrf_sdh.o(i.nrf_sdh_evts_poll) refers to nrf_section_iter.o(i.nrf_section_iter_next) for nrf_section_iter_next
    nrf_sdh.o(i.nrf_sdh_evts_poll) refers to nrf_sdh.o(.constdata) for .constdata
    nrf_sdh.o(i.nrf_sdh_is_enabled) refers to nrf_sdh.o(.data) for .data
    nrf_sdh.o(i.nrf_sdh_is_suspended) refers to nrf_sdh.o(.data) for .data
    nrf_sdh.o(i.nrf_sdh_request_continue) refers to nrf_sdh.o(i.nrf_sdh_disable_request) for nrf_sdh_disable_request
    nrf_sdh.o(i.nrf_sdh_request_continue) refers to nrf_sdh.o(i.nrf_sdh_enable_request) for nrf_sdh_enable_request
    nrf_sdh.o(i.nrf_sdh_request_continue) refers to nrf_sdh.o(.data) for .data
    nrf_sdh.o(i.nrf_sdh_resume) refers to nrf_sdh.o(i.__sd_nvic_app_accessible_irq) for __sd_nvic_app_accessible_irq
    nrf_sdh.o(i.nrf_sdh_resume) refers to app_error.o(i.app_error_handler_bare) for app_error_handler_bare
    nrf_sdh.o(i.nrf_sdh_resume) refers to nrf_sdh.o(i.softdevices_evt_irq_enable) for softdevices_evt_irq_enable
    nrf_sdh.o(i.nrf_sdh_resume) refers to nrf_sdh.o(.data) for .data
    nrf_sdh.o(i.nrf_sdh_suspend) refers to nrf_sdh.o(i.softdevice_evt_irq_disable) for softdevice_evt_irq_disable
    nrf_sdh.o(i.nrf_sdh_suspend) refers to nrf_sdh.o(.data) for .data
    nrf_sdh.o(i.sdh_request_observer_notify) refers to nrf_section_iter.o(i.nrf_section_iter_init) for nrf_section_iter_init
    nrf_sdh.o(i.sdh_request_observer_notify) refers to nrf_section_iter.o(i.nrf_section_iter_next) for nrf_section_iter_next
    nrf_sdh.o(i.sdh_request_observer_notify) refers to nrf_sdh.o(.constdata) for .constdata
    nrf_sdh.o(i.sdh_state_observer_notify) refers to nrf_section_iter.o(i.nrf_section_iter_init) for nrf_section_iter_init
    nrf_sdh.o(i.sdh_state_observer_notify) refers to nrf_section_iter.o(i.nrf_section_iter_next) for nrf_section_iter_next
    nrf_sdh.o(i.sdh_state_observer_notify) refers to nrf_sdh.o(.constdata) for .constdata
    nrf_sdh.o(i.softdevice_evt_irq_disable) refers to nrf_sdh.o(i.__sd_nvic_app_accessible_irq) for __sd_nvic_app_accessible_irq
    nrf_sdh.o(i.softdevice_evt_irq_disable) refers to app_error.o(i.app_error_handler_bare) for app_error_handler_bare
    nrf_sdh.o(i.softdevice_evt_irq_disable) refers to app_util_platform.o(.bss) for nrf_nvic_state
    nrf_sdh.o(i.softdevices_evt_irq_enable) refers to nrf_sdh.o(i.__sd_nvic_app_accessible_irq) for __sd_nvic_app_accessible_irq
    nrf_sdh.o(i.softdevices_evt_irq_enable) refers to app_error.o(i.app_error_handler_bare) for app_error_handler_bare
    nrf_sdh.o(i.softdevices_evt_irq_enable) refers to app_util_platform.o(.bss) for nrf_nvic_state
    nrf_sdh.o(.constdata) refers to nrf_sdh.o(.constdata) for sdh_req_observers_array
    nrf_sdh.o(.constdata) refers to nrf_sdh.o(.constdata) for sdh_state_observers_array
    nrf_sdh.o(.constdata) refers to nrf_sdh.o(.constdata) for sdh_stack_observers_array
    nrf_sdh.o(log_const_data) refers to nrf_sdh.o(.conststrlit) for .conststrlit
    nrf_sdh_ant.o(i.nrf_sdh_ant_enable) refers to nrf_strerror.o(i.nrf_strerror_get) for nrf_strerror_get
    nrf_sdh_ant.o(i.nrf_sdh_ant_enable) refers to nrf_log_frontend.o(i.nrf_log_frontend_std_1) for nrf_log_frontend_std_1
    nrf_sdh_ant.o(i.nrf_sdh_ant_enable) refers to nrf_sdh_ant.o(.constdata) for .constdata
    nrf_sdh_ant.o(i.nrf_sdh_ant_enable) refers to nrf_sdh_ant.o(log_const_data) for log_const_data
    nrf_sdh_ant.o(i.nrf_sdh_ant_enable) refers to nrf_sdh_ant.o(.data) for .data
    nrf_sdh_ant.o(i.nrf_sdh_ant_evts_poll) refers to app_error.o(i.app_error_handler_bare) for app_error_handler_bare
    nrf_sdh_ant.o(i.nrf_sdh_ant_evts_poll) refers to nrf_section_iter.o(i.nrf_section_iter_init) for nrf_section_iter_init
    nrf_sdh_ant.o(i.nrf_sdh_ant_evts_poll) refers to nrf_section_iter.o(i.nrf_section_iter_next) for nrf_section_iter_next
    nrf_sdh_ant.o(i.nrf_sdh_ant_evts_poll) refers to nrf_sdh_ant.o(.data) for .data
    nrf_sdh_ant.o(i.nrf_sdh_ant_evts_poll) refers to nrf_sdh_ant.o(.constdata) for .constdata
    nrf_sdh_ant.o(.constdata) refers to nrf_sdh_ant.o(.constdata) for sdh_ant_observers_array
    nrf_sdh_ant.o(.constdata) refers to nrf_sdh_ant.o(.bss) for m_ant_stack_buffer
    nrf_sdh_ant.o(log_const_data) refers to nrf_sdh_ant.o(.conststrlit) for .conststrlit
    nrf_sdh_ant.o(sdh_stack_observers0) refers to nrf_sdh_ant.o(i.nrf_sdh_ant_evts_poll) for nrf_sdh_ant_evts_poll
    arm_startup_nrf52.o(RESET) refers to arm_startup_nrf52.o(STACK) for __initial_sp
    arm_startup_nrf52.o(RESET) refers to arm_startup_nrf52.o(.text) for Reset_Handler
    arm_startup_nrf52.o(RESET) refers to hardfault_handler_keil.o(.emb_text) for HardFault_Handler
    arm_startup_nrf52.o(RESET) refers to nrfx_prs.o(i.UARTE0_UART0_IRQHandler) for UARTE0_UART0_IRQHandler
    arm_startup_nrf52.o(RESET) refers to nrfx_gpiote.o(i.GPIOTE_IRQHandler) for GPIOTE_IRQHandler
    arm_startup_nrf52.o(RESET) refers to drv_rtc.o(i.RTC1_IRQHandler) for RTC1_IRQHandler
    arm_startup_nrf52.o(RESET) refers to nrf_sdh.o(i.SWI2_EGU2_IRQHandler) for SWI2_EGU2_IRQHandler
    arm_startup_nrf52.o(.text) refers to system_nrf52.o(i.SystemInit) for SystemInit
    arm_startup_nrf52.o(.text) refers to entry.o(.ARM.Collect$$$$00000000) for __main
    system_nrf52.o(i.SystemCoreClockUpdate) refers to system_nrf52.o(.data) for .data
    system_nrf52.o(i.SystemInit) refers to system_nrf52.o(i.nvmc_config) for nvmc_config
    system_nrf52.o(i.SystemInit) refers to system_nrf52.o(.data) for .data
    entry.o(.ARM.Collect$$$$00000000) refers (Special) to entry10a.o(.ARM.Collect$$$$0000000F) for __rt_final_cpp
    entry.o(.ARM.Collect$$$$00000000) refers (Special) to entry11a.o(.ARM.Collect$$$$00000011) for __rt_final_exit
    entry.o(.ARM.Collect$$$$00000000) refers (Special) to entry12b.o(.ARM.Collect$$$$0000000E) for __rt_lib_shutdown_fini
    entry.o(.ARM.Collect$$$$00000000) refers (Special) to entry7b.o(.ARM.Collect$$$$00000008) for _main_clock
    entry.o(.ARM.Collect$$$$00000000) refers (Special) to entry8b.o(.ARM.Collect$$$$0000000A) for _main_cpp_init
    entry.o(.ARM.Collect$$$$00000000) refers (Special) to entry9a.o(.ARM.Collect$$$$0000000B) for _main_init
    entry.o(.ARM.Collect$$$$00000000) refers (Special) to entry5.o(.ARM.Collect$$$$00000004) for _main_scatterload
    entry.o(.ARM.Collect$$$$00000000) refers (Special) to entry2.o(.ARM.Collect$$$$00000001) for _main_stk
    fputc.o(i.fputc) refers (Special) to iusesemip.o(.text) for __I$use$semihosting$fputc
    fputc.o(i.fputc) refers (Special) to semi.o(.text) for __semihosting_library_function
    uldiv.o(.text) refers to llushr.o(.text) for __aeabi_llsr
    uldiv.o(.text) refers to llshl.o(.text) for __aeabi_llsl
    ctype_o.o(.text) refers to ctype_o.o(.constdata) for .constdata
    ctype_o.o(.constdata) refers to ctype_o.o(.constdata) for __ctype_table
    isalnum_o.o(.text) refers to ctype_o.o(.text) for __rt_ctype_table
    isalpha_o.o(.text) refers to ctype_o.o(.text) for __rt_ctype_table
    isblank_o.o(.text) refers to ctype_o.o(.constdata) for __ctype_table
    iscntrl_o.o(.text) refers to ctype_o.o(.text) for __rt_ctype_table
    isdigit_o.o(.text) refers to ctype_o.o(.text) for __rt_ctype_table
    isgraph_o.o(.text) refers to ctype_o.o(.text) for __rt_ctype_table
    islower_o.o(.text) refers to ctype_o.o(.text) for __rt_ctype_table
    isprint_o.o(.text) refers to ctype_o.o(.text) for __rt_ctype_table
    ispunct_o.o(.text) refers to ctype_o.o(.text) for __rt_ctype_table
    isspace_o.o(.text) refers to ctype_o.o(.text) for __rt_ctype_table
    isupper_o.o(.text) refers to ctype_o.o(.text) for __rt_ctype_table
    isxdigit_o.o(.text) refers to ctype_o.o(.text) for __rt_ctype_table
    entry2.o(.ARM.Collect$$$$00000001) refers to entry2.o(.ARM.Collect$$$$00002712) for __lit__00000000
    entry2.o(.ARM.Collect$$$$00002712) refers to arm_startup_nrf52.o(STACK) for __initial_sp
    entry2.o(__vectab_stack_and_reset_area) refers to arm_startup_nrf52.o(STACK) for __initial_sp
    entry2.o(__vectab_stack_and_reset_area) refers to entry.o(.ARM.Collect$$$$00000000) for __main
    entry5.o(.ARM.Collect$$$$00000004) refers to init.o(.text) for __scatterload
    entry9a.o(.ARM.Collect$$$$0000000B) refers to main.o(i.main) for main
    entry9b.o(.ARM.Collect$$$$0000000C) refers to main.o(i.main) for main
    init.o(.text) refers to entry5.o(.ARM.Collect$$$$00000004) for __main_after_scatterload


==============================================================================

Removing Unused input sections from the image.

    Removing main.o(.rev16_text), (4 bytes).
    Removing main.o(.revsh_text), (4 bytes).
    Removing main.o(.rrx_text), (6 bytes).
    Removing main.o(.constdata), (4 bytes).
    Removing boards.o(.rev16_text), (4 bytes).
    Removing boards.o(.revsh_text), (4 bytes).
    Removing boards.o(.rrx_text), (6 bytes).
    Removing boards.o(i.bsp_board_button_idx_to_pin), (12 bytes).
    Removing boards.o(i.bsp_board_button_state_get), (32 bytes).
    Removing boards.o(i.bsp_board_led_idx_to_pin), (12 bytes).
    Removing boards.o(i.bsp_board_pin_to_led_idx), (36 bytes).
    Removing bsp.o(.rev16_text), (4 bytes).
    Removing bsp.o(.revsh_text), (4 bytes).
    Removing bsp.o(.rrx_text), (6 bytes).
    Removing bsp.o(i.bsp_button_is_pressed), (12 bytes).
    Removing bsp.o(i.bsp_buttons_disable), (4 bytes).
    Removing bsp.o(i.bsp_buttons_enable), (4 bytes).
    Removing bsp.o(i.bsp_indication_set), (24 bytes).
    Removing bsp.o(i.bsp_wakeup_button_disable), (6 bytes).
    Removing bsp.o(i.bsp_wakeup_button_enable), (6 bytes).
    Removing bsp.o(i.wakeup_button_cfg), (58 bytes).
    Removing ant_channel_config.o(.rev16_text), (4 bytes).
    Removing ant_channel_config.o(.revsh_text), (4 bytes).
    Removing ant_channel_config.o(.rrx_text), (6 bytes).
    Removing nrf_drv_uart.o(.rev16_text), (4 bytes).
    Removing nrf_drv_uart.o(.revsh_text), (4 bytes).
    Removing nrf_drv_uart.o(.rrx_text), (6 bytes).
    Removing nrfx_atomic.o(.rev16_text), (4 bytes).
    Removing nrfx_atomic.o(.revsh_text), (4 bytes).
    Removing nrfx_atomic.o(.rrx_text), (6 bytes).
    Removing nrfx_atomic.o(.emb_text), (226 bytes).
    Removing nrfx_atomic.o(i.nrfx_atomic_flag_clear), (6 bytes).
    Removing nrfx_atomic.o(i.nrfx_atomic_flag_clear_fetch), (6 bytes).
    Removing nrfx_atomic.o(i.nrfx_atomic_flag_set), (6 bytes).
    Removing nrfx_atomic.o(i.nrfx_atomic_flag_set_fetch), (6 bytes).
    Removing nrfx_atomic.o(i.nrfx_atomic_u32_add), (12 bytes).
    Removing nrfx_atomic.o(i.nrfx_atomic_u32_and), (12 bytes).
    Removing nrfx_atomic.o(i.nrfx_atomic_u32_cmp_exch), (4 bytes).
    Removing nrfx_atomic.o(i.nrfx_atomic_u32_fetch_add), (10 bytes).
    Removing nrfx_atomic.o(i.nrfx_atomic_u32_fetch_and), (10 bytes).
    Removing nrfx_atomic.o(i.nrfx_atomic_u32_fetch_or), (10 bytes).
    Removing nrfx_atomic.o(i.nrfx_atomic_u32_fetch_store), (10 bytes).
    Removing nrfx_atomic.o(i.nrfx_atomic_u32_fetch_sub), (10 bytes).
    Removing nrfx_atomic.o(i.nrfx_atomic_u32_fetch_sub_hs), (10 bytes).
    Removing nrfx_atomic.o(i.nrfx_atomic_u32_fetch_xor), (10 bytes).
    Removing nrfx_atomic.o(i.nrfx_atomic_u32_or), (12 bytes).
    Removing nrfx_atomic.o(i.nrfx_atomic_u32_store), (12 bytes).
    Removing nrfx_atomic.o(i.nrfx_atomic_u32_sub), (12 bytes).
    Removing nrfx_atomic.o(i.nrfx_atomic_u32_sub_hs), (12 bytes).
    Removing nrfx_atomic.o(i.nrfx_atomic_u32_xor), (12 bytes).
    Removing nrfx_gpiote.o(.rev16_text), (4 bytes).
    Removing nrfx_gpiote.o(.revsh_text), (4 bytes).
    Removing nrfx_gpiote.o(.rrx_text), (6 bytes).
    Removing nrfx_gpiote.o(i.nrf_gpio_cfg_default), (18 bytes).
    Removing nrfx_gpiote.o(i.nrfx_gpiote_clr_task_addr_get), (16 bytes).
    Removing nrfx_gpiote.o(i.nrfx_gpiote_clr_task_get), (16 bytes).
    Removing nrfx_gpiote.o(i.nrfx_gpiote_clr_task_trigger), (28 bytes).
    Removing nrfx_gpiote.o(i.nrfx_gpiote_in_event_addr_get), (16 bytes).
    Removing nrfx_gpiote.o(i.nrfx_gpiote_in_event_disable), (72 bytes).
    Removing nrfx_gpiote.o(i.nrfx_gpiote_in_event_get), (34 bytes).
    Removing nrfx_gpiote.o(i.nrfx_gpiote_in_uninit), (96 bytes).
    Removing nrfx_gpiote.o(i.nrfx_gpiote_out_clear), (14 bytes).
    Removing nrfx_gpiote.o(i.nrfx_gpiote_out_init), (188 bytes).
    Removing nrfx_gpiote.o(i.nrfx_gpiote_out_set), (14 bytes).
    Removing nrfx_gpiote.o(i.nrfx_gpiote_out_task_addr_get), (16 bytes).
    Removing nrfx_gpiote.o(i.nrfx_gpiote_out_task_disable), (36 bytes).
    Removing nrfx_gpiote.o(i.nrfx_gpiote_out_task_enable), (36 bytes).
    Removing nrfx_gpiote.o(i.nrfx_gpiote_out_task_force), (40 bytes).
    Removing nrfx_gpiote.o(i.nrfx_gpiote_out_task_get), (12 bytes).
    Removing nrfx_gpiote.o(i.nrfx_gpiote_out_task_trigger), (24 bytes).
    Removing nrfx_gpiote.o(i.nrfx_gpiote_out_toggle), (28 bytes).
    Removing nrfx_gpiote.o(i.nrfx_gpiote_out_uninit), (88 bytes).
    Removing nrfx_gpiote.o(i.nrfx_gpiote_set_task_addr_get), (16 bytes).
    Removing nrfx_gpiote.o(i.nrfx_gpiote_set_task_get), (16 bytes).
    Removing nrfx_gpiote.o(i.nrfx_gpiote_set_task_trigger), (28 bytes).
    Removing nrfx_gpiote.o(i.nrfx_gpiote_uninit), (64 bytes).
    Removing nrfx_gpiote.o(i.pin_configured_check), (20 bytes).
    Removing nrfx_gpiote.o(i.pin_configured_clear), (28 bytes).
    Removing nrfx_gpiote.o(.constdata), (17 bytes).
    Removing nrfx_gpiote.o(.constdata), (21 bytes).
    Removing nrfx_gpiote.o(.constdata), (20 bytes).
    Removing nrfx_prs.o(.rev16_text), (4 bytes).
    Removing nrfx_prs.o(.revsh_text), (4 bytes).
    Removing nrfx_prs.o(.rrx_text), (6 bytes).
    Removing nrfx_prs.o(.constdata), (17 bytes).
    Removing nrfx_uart.o(.rev16_text), (4 bytes).
    Removing nrfx_uart.o(.revsh_text), (4 bytes).
    Removing nrfx_uart.o(.rrx_text), (6 bytes).
    Removing nrfx_uart.o(i.nrfx_uart_errorsrc_get), (26 bytes).
    Removing nrfx_uart.o(i.nrfx_uart_rx), (236 bytes).
    Removing nrfx_uart.o(i.nrfx_uart_rx_abort), (18 bytes).
    Removing nrfx_uart.o(i.nrfx_uart_rx_disable), (36 bytes).
    Removing nrfx_uart.o(i.nrfx_uart_rx_enable), (60 bytes).
    Removing nrfx_uart.o(i.nrfx_uart_rx_ready), (14 bytes).
    Removing nrfx_uart.o(i.nrfx_uart_tx_abort), (48 bytes).
    Removing nrfx_uart.o(i.rx_enable), (32 bytes).
    Removing nrfx_uart.o(.constdata), (15 bytes).
    Removing nrfx_uart.o(.constdata), (13 bytes).
    Removing nrfx_uart.o(.constdata), (13 bytes).
    Removing nrfx_uarte.o(.rev16_text), (4 bytes).
    Removing nrfx_uarte.o(.revsh_text), (4 bytes).
    Removing nrfx_uarte.o(.rrx_text), (6 bytes).
    Removing nrfx_uarte.o(i.nrfx_uarte_errorsrc_get), (26 bytes).
    Removing nrfx_uarte.o(i.nrfx_uarte_rx), (260 bytes).
    Removing nrfx_uarte.o(i.nrfx_uarte_rx_abort), (44 bytes).
    Removing nrfx_uarte.o(i.nrfx_uarte_rx_ready), (14 bytes).
    Removing nrfx_uarte.o(i.nrfx_uarte_tx_abort), (56 bytes).
    Removing nrfx_uarte.o(.constdata), (16 bytes).
    Removing nrfx_uarte.o(.constdata), (14 bytes).
    Removing nrfx_uarte.o(.constdata), (14 bytes).
    Removing app_button.o(.rev16_text), (4 bytes).
    Removing app_button.o(.revsh_text), (4 bytes).
    Removing app_button.o(.rrx_text), (6 bytes).
    Removing app_button.o(i.app_button_disable), (72 bytes).
    Removing app_button.o(i.app_button_is_pushed), (36 bytes).
    Removing app_error.o(.rev16_text), (4 bytes).
    Removing app_error.o(.revsh_text), (4 bytes).
    Removing app_error.o(.rrx_text), (6 bytes).
    Removing app_error.o(i.app_error_save_and_stop), (100 bytes).
    Removing app_error.o(.bss), (32 bytes).
    Removing app_error_handler_keil.o(.rev16_text), (4 bytes).
    Removing app_error_handler_keil.o(.revsh_text), (4 bytes).
    Removing app_error_handler_keil.o(.rrx_text), (6 bytes).
    Removing app_error_handler_keil.o(.emb_text), (26 bytes).
    Removing app_error_weak.o(.rev16_text), (4 bytes).
    Removing app_error_weak.o(.revsh_text), (4 bytes).
    Removing app_error_weak.o(.rrx_text), (6 bytes).
    Removing app_scheduler.o(.rev16_text), (4 bytes).
    Removing app_scheduler.o(.revsh_text), (4 bytes).
    Removing app_scheduler.o(.rrx_text), (6 bytes).
    Removing app_scheduler.o(i.app_sched_event_put), (160 bytes).
    Removing app_scheduler.o(i.app_sched_execute), (64 bytes).
    Removing app_scheduler.o(i.app_sched_init), (44 bytes).
    Removing app_scheduler.o(i.app_sched_queue_space_get), (36 bytes).
    Removing app_scheduler.o(.data), (16 bytes).
    Removing app_timer2.o(.rev16_text), (4 bytes).
    Removing app_timer2.o(.revsh_text), (4 bytes).
    Removing app_timer2.o(.rrx_text), (6 bytes).
    Removing app_timer2.o(i.app_timer_cnt_diff_compute), (8 bytes).
    Removing app_timer2.o(i.app_timer_pause), (12 bytes).
    Removing app_timer2.o(i.app_timer_resume), (12 bytes).
    Removing app_timer2.o(i.app_timer_stop_all), (20 bytes).
    Removing app_util_platform.o(.rev16_text), (4 bytes).
    Removing app_util_platform.o(.revsh_text), (4 bytes).
    Removing app_util_platform.o(.rrx_text), (6 bytes).
    Removing app_util_platform.o(i.app_util_disable_irq), (16 bytes).
    Removing app_util_platform.o(i.app_util_enable_irq), (20 bytes).
    Removing app_util_platform.o(i.current_int_priority_get), (48 bytes).
    Removing app_util_platform.o(i.privilege_level_get), (26 bytes).
    Removing app_util_platform.o(.data), (4 bytes).
    Removing drv_rtc.o(.rev16_text), (4 bytes).
    Removing drv_rtc.o(.revsh_text), (4 bytes).
    Removing drv_rtc.o(.rrx_text), (6 bytes).
    Removing drv_rtc.o(i.drv_rtc_compare_enable), (12 bytes).
    Removing drv_rtc.o(i.drv_rtc_compare_get), (14 bytes).
    Removing drv_rtc.o(i.drv_rtc_overflow_disable), (16 bytes).
    Removing drv_rtc.o(i.drv_rtc_tick_disable), (16 bytes).
    Removing drv_rtc.o(i.drv_rtc_tick_enable), (8 bytes).
    Removing drv_rtc.o(i.drv_rtc_tick_pending), (8 bytes).
    Removing drv_rtc.o(i.drv_rtc_uninit), (128 bytes).
    Removing hardfault_handler_keil.o(.rev16_text), (4 bytes).
    Removing hardfault_handler_keil.o(.revsh_text), (4 bytes).
    Removing hardfault_handler_keil.o(.rrx_text), (6 bytes).
    Removing hardfault_implementation.o(.rev16_text), (4 bytes).
    Removing hardfault_implementation.o(.revsh_text), (4 bytes).
    Removing hardfault_implementation.o(.rrx_text), (6 bytes).
    Removing nrf_assert.o(.rev16_text), (4 bytes).
    Removing nrf_assert.o(.revsh_text), (4 bytes).
    Removing nrf_assert.o(.rrx_text), (6 bytes).
    Removing nrf_assert.o(i.assert_nrf_callback), (20 bytes).
    Removing nrf_atfifo.o(.rev16_text), (4 bytes).
    Removing nrf_atfifo.o(.revsh_text), (4 bytes).
    Removing nrf_atfifo.o(.rrx_text), (6 bytes).
    Removing nrf_atfifo.o(i.nrf_atfifo_alloc_put), (46 bytes).
    Removing nrf_atfifo.o(i.nrf_atfifo_clear), (16 bytes).
    Removing nrf_atfifo.o(i.nrf_atfifo_get_free), (48 bytes).
    Removing nrf_atomic.o(.rev16_text), (4 bytes).
    Removing nrf_atomic.o(.revsh_text), (4 bytes).
    Removing nrf_atomic.o(.rrx_text), (6 bytes).
    Removing nrf_atomic.o(i.nrf_atomic_flag_clear), (6 bytes).
    Removing nrf_atomic.o(i.nrf_atomic_flag_set_fetch), (6 bytes).
    Removing nrf_atomic.o(i.nrf_atomic_u32_and), (12 bytes).
    Removing nrf_atomic.o(i.nrf_atomic_u32_cmp_exch), (4 bytes).
    Removing nrf_atomic.o(i.nrf_atomic_u32_fetch_add), (10 bytes).
    Removing nrf_atomic.o(i.nrf_atomic_u32_fetch_or), (10 bytes).
    Removing nrf_atomic.o(i.nrf_atomic_u32_fetch_sub), (10 bytes).
    Removing nrf_atomic.o(i.nrf_atomic_u32_fetch_sub_hs), (10 bytes).
    Removing nrf_atomic.o(i.nrf_atomic_u32_fetch_xor), (10 bytes).
    Removing nrf_atomic.o(i.nrf_atomic_u32_store), (12 bytes).
    Removing nrf_atomic.o(i.nrf_atomic_u32_sub_hs), (12 bytes).
    Removing nrf_atomic.o(i.nrf_atomic_u32_xor), (12 bytes).
    Removing nrf_balloc.o(.rev16_text), (4 bytes).
    Removing nrf_balloc.o(.revsh_text), (4 bytes).
    Removing nrf_balloc.o(.rrx_text), (6 bytes).
    Removing nrf_fprintf.o(.rev16_text), (4 bytes).
    Removing nrf_fprintf.o(.revsh_text), (4 bytes).
    Removing nrf_fprintf.o(.rrx_text), (6 bytes).
    Removing nrf_fprintf_format.o(.rev16_text), (4 bytes).
    Removing nrf_fprintf_format.o(.revsh_text), (4 bytes).
    Removing nrf_fprintf_format.o(.rrx_text), (6 bytes).
    Removing nrf_memobj.o(.rev16_text), (4 bytes).
    Removing nrf_memobj.o(.revsh_text), (4 bytes).
    Removing nrf_memobj.o(.rrx_text), (6 bytes).
    Removing nrf_pwr_mgmt.o(.rev16_text), (4 bytes).
    Removing nrf_pwr_mgmt.o(.revsh_text), (4 bytes).
    Removing nrf_pwr_mgmt.o(.rrx_text), (6 bytes).
    Removing nrf_pwr_mgmt.o(i.nrf_pwr_mgmt_feed), (2 bytes).
    Removing nrf_pwr_mgmt.o(i.nrf_pwr_mgmt_shutdown), (60 bytes).
    Removing nrf_pwr_mgmt.o(i.shutdown_process), (124 bytes).
    Removing nrf_ringbuf.o(.rev16_text), (4 bytes).
    Removing nrf_ringbuf.o(.revsh_text), (4 bytes).
    Removing nrf_ringbuf.o(.rrx_text), (6 bytes).
    Removing nrf_ringbuf.o(i.nrf_ringbuf_alloc), (112 bytes).
    Removing nrf_ringbuf.o(i.nrf_ringbuf_cpy_get), (128 bytes).
    Removing nrf_ringbuf.o(i.nrf_ringbuf_cpy_put), (118 bytes).
    Removing nrf_ringbuf.o(i.nrf_ringbuf_free), (38 bytes).
    Removing nrf_ringbuf.o(i.nrf_ringbuf_get), (112 bytes).
    Removing nrf_ringbuf.o(i.nrf_ringbuf_put), (48 bytes).
    Removing nrf_section_iter.o(.rev16_text), (4 bytes).
    Removing nrf_section_iter.o(.revsh_text), (4 bytes).
    Removing nrf_section_iter.o(.rrx_text), (6 bytes).
    Removing nrf_sortlist.o(.rev16_text), (4 bytes).
    Removing nrf_sortlist.o(.revsh_text), (4 bytes).
    Removing nrf_sortlist.o(.rrx_text), (6 bytes).
    Removing nrf_sortlist.o(i.nrf_sortlist_next), (4 bytes).
    Removing nrf_strerror.o(.rev16_text), (4 bytes).
    Removing nrf_strerror.o(.revsh_text), (4 bytes).
    Removing nrf_strerror.o(.rrx_text), (6 bytes).
    Removing nrf_log_backend_rtt.o(.rev16_text), (4 bytes).
    Removing nrf_log_backend_rtt.o(.revsh_text), (4 bytes).
    Removing nrf_log_backend_rtt.o(.rrx_text), (6 bytes).
    Removing nrf_log_backend_serial.o(.rev16_text), (4 bytes).
    Removing nrf_log_backend_serial.o(.revsh_text), (4 bytes).
    Removing nrf_log_backend_serial.o(.rrx_text), (6 bytes).
    Removing nrf_log_backend_uart.o(.rev16_text), (4 bytes).
    Removing nrf_log_backend_uart.o(.revsh_text), (4 bytes).
    Removing nrf_log_backend_uart.o(.rrx_text), (6 bytes).
    Removing nrf_log_default_backends.o(.rev16_text), (4 bytes).
    Removing nrf_log_default_backends.o(.revsh_text), (4 bytes).
    Removing nrf_log_default_backends.o(.rrx_text), (6 bytes).
    Removing nrf_log_frontend.o(.rev16_text), (4 bytes).
    Removing nrf_log_frontend.o(.revsh_text), (4 bytes).
    Removing nrf_log_frontend.o(.rrx_text), (6 bytes).
    Removing nrf_log_frontend.o(i.nrf_log_backend_remove), (52 bytes).
    Removing nrf_log_frontend.o(i.nrf_log_frontend_hexdump), (172 bytes).
    Removing nrf_log_frontend.o(i.nrf_log_frontend_std_5), (28 bytes).
    Removing nrf_log_frontend.o(i.nrf_log_frontend_std_6), (28 bytes).
    Removing nrf_log_frontend.o(i.nrf_log_module_filter_get), (36 bytes).
    Removing nrf_log_frontend.o(i.nrf_log_module_filter_set), (2 bytes).
    Removing nrf_log_frontend.o(i.nrf_log_push), (96 bytes).
    Removing nrf_log_str_formatter.o(.rev16_text), (4 bytes).
    Removing nrf_log_str_formatter.o(.revsh_text), (4 bytes).
    Removing nrf_log_str_formatter.o(.rrx_text), (6 bytes).
    Removing nrf_log_str_formatter.o(i.nrf_log_str_formatter_timestamp_freq_set), (32 bytes).
    Removing segger_rtt.o(.rev16_text), (4 bytes).
    Removing segger_rtt.o(.revsh_text), (4 bytes).
    Removing segger_rtt.o(.rrx_text), (6 bytes).
    Removing segger_rtt.o(i.SEGGER_RTT_AllocDownBuffer), (112 bytes).
    Removing segger_rtt.o(i.SEGGER_RTT_AllocUpBuffer), (112 bytes).
    Removing segger_rtt.o(i.SEGGER_RTT_ConfigDownBuffer), (96 bytes).
    Removing segger_rtt.o(i.SEGGER_RTT_ConfigUpBuffer), (96 bytes).
    Removing segger_rtt.o(i.SEGGER_RTT_GetKey), (28 bytes).
    Removing segger_rtt.o(i.SEGGER_RTT_HasData), (24 bytes).
    Removing segger_rtt.o(i.SEGGER_RTT_HasKey), (32 bytes).
    Removing segger_rtt.o(i.SEGGER_RTT_Init), (4 bytes).
    Removing segger_rtt.o(i.SEGGER_RTT_PutChar), (96 bytes).
    Removing segger_rtt.o(i.SEGGER_RTT_PutCharSkip), (84 bytes).
    Removing segger_rtt.o(i.SEGGER_RTT_PutCharSkipNoLock), (52 bytes).
    Removing segger_rtt.o(i.SEGGER_RTT_Read), (44 bytes).
    Removing segger_rtt.o(i.SEGGER_RTT_ReadNoLock), (120 bytes).
    Removing segger_rtt.o(i.SEGGER_RTT_SetFlagsDownBuffer), (68 bytes).
    Removing segger_rtt.o(i.SEGGER_RTT_SetFlagsUpBuffer), (68 bytes).
    Removing segger_rtt.o(i.SEGGER_RTT_SetNameDownBuffer), (68 bytes).
    Removing segger_rtt.o(i.SEGGER_RTT_SetNameUpBuffer), (68 bytes).
    Removing segger_rtt.o(i.SEGGER_RTT_SetTerminal), (136 bytes).
    Removing segger_rtt.o(i.SEGGER_RTT_TerminalOut), (176 bytes).
    Removing segger_rtt.o(i.SEGGER_RTT_WaitKey), (14 bytes).
    Removing segger_rtt.o(i.SEGGER_RTT_Write), (60 bytes).
    Removing segger_rtt.o(i.SEGGER_RTT_WriteNoLock), (92 bytes).
    Removing segger_rtt.o(i.SEGGER_RTT_WriteSkipNoLock), (116 bytes).
    Removing segger_rtt.o(i.SEGGER_RTT_WriteString), (26 bytes).
    Removing segger_rtt.o(i.SEGGER_RTT_WriteWithOverwriteNoLock), (148 bytes).
    Removing segger_rtt.o(i._DoInit), (104 bytes).
    Removing segger_rtt.o(i._GetAvailWriteSpace), (22 bytes).
    Removing segger_rtt.o(i._PostTerminalSwitch), (32 bytes).
    Removing segger_rtt.o(i._WriteBlocking), (90 bytes).
    Removing segger_rtt.o(i._WriteNoCheck), (66 bytes).
    Removing segger_rtt.o(.bss), (648 bytes).
    Removing segger_rtt.o(.data), (17 bytes).
    Removing segger_rtt_syscalls_keil.o(.rev16_text), (4 bytes).
    Removing segger_rtt_syscalls_keil.o(.revsh_text), (4 bytes).
    Removing segger_rtt_syscalls_keil.o(.rrx_text), (6 bytes).
    Removing segger_rtt_syscalls_keil.o(i._sys_close), (4 bytes).
    Removing segger_rtt_syscalls_keil.o(i._sys_command_string), (2 bytes).
    Removing segger_rtt_syscalls_keil.o(i._sys_ensure), (6 bytes).
    Removing segger_rtt_syscalls_keil.o(i._sys_exit), (2 bytes).
    Removing segger_rtt_syscalls_keil.o(i._sys_flen), (4 bytes).
    Removing segger_rtt_syscalls_keil.o(i._sys_istty), (14 bytes).
    Removing segger_rtt_syscalls_keil.o(i._sys_open), (44 bytes).
    Removing segger_rtt_syscalls_keil.o(i._sys_read), (4 bytes).
    Removing segger_rtt_syscalls_keil.o(i._sys_seek), (4 bytes).
    Removing segger_rtt_syscalls_keil.o(i._sys_tmpnam), (4 bytes).
    Removing segger_rtt_syscalls_keil.o(i._sys_write), (26 bytes).
    Removing segger_rtt_syscalls_keil.o(i._ttywrch), (24 bytes).
    Removing segger_rtt_syscalls_keil.o(.constdata), (14 bytes).
    Removing segger_rtt_printf.o(.rev16_text), (4 bytes).
    Removing segger_rtt_printf.o(.revsh_text), (4 bytes).
    Removing segger_rtt_printf.o(.rrx_text), (6 bytes).
    Removing segger_rtt_printf.o(i.SEGGER_RTT_printf), (22 bytes).
    Removing segger_rtt_printf.o(i.SEGGER_RTT_vprintf), (406 bytes).
    Removing segger_rtt_printf.o(i._PrintInt), (198 bytes).
    Removing segger_rtt_printf.o(i._PrintUnsigned), (212 bytes).
    Removing segger_rtt_printf.o(i._StoreChar), (62 bytes).
    Removing segger_rtt_printf.o(.constdata), (16 bytes).
    Removing nrf_sdh.o(.rev16_text), (4 bytes).
    Removing nrf_sdh.o(.revsh_text), (4 bytes).
    Removing nrf_sdh.o(.rrx_text), (6 bytes).
    Removing nrf_sdh.o(i.nrf_sdh_disable_request), (84 bytes).
    Removing nrf_sdh.o(i.nrf_sdh_is_suspended), (20 bytes).
    Removing nrf_sdh.o(i.nrf_sdh_request_continue), (28 bytes).
    Removing nrf_sdh.o(i.nrf_sdh_resume), (56 bytes).
    Removing nrf_sdh.o(i.nrf_sdh_suspend), (24 bytes).
    Removing nrf_sdh.o(i.softdevice_evt_irq_disable), (64 bytes).
    Removing nrf_sdh_ant.o(.rev16_text), (4 bytes).
    Removing nrf_sdh_ant.o(.revsh_text), (4 bytes).
    Removing nrf_sdh_ant.o(.rrx_text), (6 bytes).
    Removing arm_startup_nrf52.o(HEAP), (8192 bytes).
    Removing system_nrf52.o(.rev16_text), (4 bytes).
    Removing system_nrf52.o(.revsh_text), (4 bytes).
    Removing system_nrf52.o(.rrx_text), (6 bytes).
    Removing system_nrf52.o(i.SystemCoreClockUpdate), (16 bytes).
    Removing system_nrf52.o(i.nvmc_wait), (16 bytes).

332 unused section(s) (total 18105 bytes) removed from the image.
